12-26 13:28:26.200  1116  1657 D Camera_Factory: CameraFactory::getCameraNum: 2
12-26 13:28:26.200  1116  1657 D CameraHardware: CameraHardware::getCameraInfo
12-26 13:28:26.200  1116  1116 D Camera_Factory: CameraFactory::get_camera_info
12-26 13:28:26.200  1116  1116 D Camera_Factory: CameraFactory::getCameraInfo: id = 0, info = 0xcffff668
12-26 13:28:26.200  1116  1116 D Camera_Factory: CameraFactory::getCameraNum: 2
12-26 13:28:26.200  1116  1116 D CameraHardware: CameraHardware::getCameraInfo
12-26 13:28:26.201  1116  1657 D Camera_Factory: CameraFactory::get_camera_info
12-26 13:28:26.201  1116  1657 D Camera_Factory: CameraFactory::getCameraInfo: id = 1, info = 0xc5c3f338
12-26 13:28:26.201  1116  1657 D Camera_Factory: CameraFactory::getCameraNum: 2
12-26 13:28:26.201  1116  1657 D CameraHardware: CameraHardware::getCameraInfo
12-26 13:28:26.201  1116  1116 D Camera_Factory: CameraFactory::get_camera_info
12-26 13:28:26.201  1116  1116 D Camera_Factory: CameraFactory::getCameraInfo: id = 1, info = 0xcffff668
12-26 13:28:26.201  1116  1116 D Camera_Factory: CameraFactory::getCameraNum: 2
12-26 13:28:26.201  1116  1116 D CameraHardware: CameraHardware::getCameraInfo
12-26 13:28:26.245  1397  1674 E ActivityThread: Failed to find provider info for com.android.contacts
12-26 13:28:26.249  1397  1397 I StatusBar: isKeyguardShowing() called before startKeyguard(), returning true
12-26 13:28:26.249  1397  1397 W StatusBar: isKeyguardSecure() called before startKeyguard(), returning false
12-26 13:28:26.249  1397  1397 W StatusBar: java.lang.Throwable
12-26 13:28:26.249  1397  1397 W StatusBar: 	at com.android.systemui.statusbar.BaseStatusBar.isKeyguardSecure(BaseStatusBar.java:2663)
12-26 13:28:26.249  1397  1397 W StatusBar: 	at com.android.systemui.statusbar.BaseStatusBar.isCameraAllowedByAdmin(BaseStatusBar.java:2686)
12-26 13:28:26.249  1397  1397 W StatusBar: 	at com.android.systemui.statusbar.phone.KeyguardBottomAreaView.updateCameraVisibility(KeyguardBottomAreaView.java:309)
12-26 13:28:26.249  1397  1397 W StatusBar: 	at com.android.systemui.statusbar.phone.KeyguardBottomAreaView.setUserSetupComplete(KeyguardBottomAreaView.java:281)
12-26 13:28:26.249  1397  1397 W StatusBar: 	at com.android.systemui.statusbar.phone.PhoneStatusBar$1.onChange(PhoneStatusBar.java:445)
12-26 13:28:26.249  1397  1397 W StatusBar: 	at com.android.systemui.statusbar.phone.PhoneStatusBar.resetUserSetupObserver(PhoneStatusBar.java:3714)
12-26 13:28:26.249  1397  1397 W StatusBar: 	at com.android.systemui.statusbar.phone.PhoneStatusBar.makeStatusBarView(PhoneStatusBar.java:1014)
12-26 13:28:26.249  1397  1397 W StatusBar: 	at com.android.systemui.statusbar.phone.PhoneStatusBar.addStatusBarWindow(PhoneStatusBar.java:3467)
12-26 13:28:26.249  1397  1397 W StatusBar: 	at com.android.systemui.statusbar.phone.PhoneStatusBar.createAndAddWindows(PhoneStatusBar.java:3463)
12-26 13:28:26.249  1397  1397 W StatusBar: 	at com.android.systemui.statusbar.BaseStatusBar.start(BaseStatusBar.java:770)
12-26 13:28:26.249  1397  1397 W StatusBar: 	at com.android.systemui.statusbar.phone.PhoneStatusBar.start(PhoneStatusBar.java:687)
12-26 13:28:26.249  1397  1397 W StatusBar: 	at com.android.systemui.statusbar.SystemBars.createStatusBarFromConfig(SystemBars.java:106)
12-26 13:28:26.249  1397  1397 W StatusBar: 	at com.android.systemui.statusbar.SystemBars.onNoService(SystemBars.java:58)
12-26 13:28:26.249  1397  1397 W StatusBar: 	at com.android.systemui.statusbar.ServiceMonitor.startService(ServiceMonitor.java:230)
12-26 13:28:26.249  1397  1397 W StatusBar: 	at com.android.systemui.statusbar.ServiceMonitor.-wrap5(ServiceMonitor.java)
12-26 13:28:26.249  1397  1397 W StatusBar: 	at com.android.systemui.statusbar.ServiceMonitor$1.handleMessage(ServiceMonitor.java:73)
12-26 13:28:26.249  1397  1397 W StatusBar: 	at android.os.Handler.dispatchMessage(Handler.java:102)
12-26 13:28:26.249  1397  1397 W StatusBar: 	at android.os.Looper.loop(Looper.java:154)
12-26 13:28:26.249  1397  1397 W StatusBar: 	at android.app.ActivityThread.main(ActivityThread.java:6190)
12-26 13:28:26.249  1397  1397 W StatusBar: 	at java.lang.reflect.Method.invoke(Native Method)
12-26 13:28:26.249  1397  1397 W StatusBar: 	at com.android.internal.os.ZygoteInit$MethodAndArgsCaller.run(ZygoteInit.java:892)
12-26 13:28:26.249  1397  1397 W StatusBar: 	at com.android.internal.os.ZygoteInit.main(ZygoteInit.java:782)
12-26 13:28:26.252  1397  1647 D OpenGLRenderer: profile bars disabled
12-26 13:28:26.252  1397  1647 D OpenGLRenderer: ambientRatio = 1.50
12-26 13:28:26.256  1397  1397 D PhoneStatusBar: disable: < expand icons alerts system_info back home recent clock search quick_settings >
12-26 13:28:26.283  1397  1397 D PhoneStatusBar: heads up is enabled
12-26 13:28:26.289  1397  1397 W KeyguardUpdateMonitor: invalid subId in handleSimStateChange()
12-26 13:28:26.313  1110  1150 I SurfaceFlinger: Boot is finished (4631 ms)
12-26 13:28:26.314  1110  1150 I SurfaceFlinger: boot notify notify host the android boot success!
12-26 13:28:26.314  1110  1150 I         : fastpipe: close connect
12-26 13:28:26.315  1397  1397 D ViewRootImpl[StatusBar]: changeCanvasOpacity: opaque=true
12-26 13:28:26.316  1118  1118 E         : Unable to unlink boot marker at /data//dalvik-cache/arm/.booting, error=No such file or directory
12-26 13:28:26.316  1303  1324 W ActivityManager: Unable to mark boot complete for abi: armeabi-v7a (Failed to execute markbootcomplete [arm]: -1)
12-26 13:28:26.316  1303  1324 I SystemServiceManager: Starting phase 1000
12-26 13:28:26.336  1303  1324 I ActivityManager: Start proc 1675:android.ext.services/u0a8 for on-hold
12-26 13:28:26.345  1303  1324 D ActivityManager: Finishing user boot 0
12-26 13:28:26.346  1303  1324 D CryptdConnector: SND -> {3 cryptfs prepare_user_storage ! 0 0 2}
12-26 13:28:26.346  1060  1089 D vold    : e4crypt_prepare_user_storage for volume null, user 0, serial 0, flags 2
12-26 13:28:26.346  1060  1089 D vold    : Preparing: /data/system_ce/0
12-26 13:28:26.346  1060  1089 D vold    : Preparing: /data/misc_ce/0
12-26 13:28:26.346  1060  1089 D vold    : Preparing: /data/media/0
12-26 13:28:26.346  1060  1089 D vold    : Preparing: /data/data
12-26 13:28:26.346  1303  1351 D CryptdConnector: RCV <- {200 3 Command succeeded}
12-26 13:28:26.347  1675  1675 D libnativebridge: call UnloadNativeBridge! state=1
12-26 13:28:26.347  1303  1324 V UserManagerService: Found /data/user/0 with serial number 0
12-26 13:28:26.347  1303  1324 V UserManagerService: Found /data/system_ce/0 with serial number 0
12-26 13:28:26.349  1682  1682 I bootstat: Service started: /system/bin/bootstat --record_boot_complete 
12-26 13:28:26.350  1682  1682 I bootstat: Logging histogram: bootstat_mtime_matches_content 1
12-26 13:28:26.351  1682  1682 I bootstat: Logging histogram: bootstat_mtime_matches_content 1
12-26 13:28:26.351  1682  1682 E bootstat: Failed to read /data/misc/bootstat/post_decrypt_time_elapsed: No such file or directory
12-26 13:28:26.351  1682  1682 E bootstat: Failed to parse boot time record: /data/misc/bootstat/post_decrypt_time_elapsed
12-26 13:28:26.352  1303  1324 V PackageManager: reconcileAppsData for null u0 0x2
12-26 13:28:26.359  1691  1691 I bootstat: Service started: /system/bin/bootstat --record_boot_reason 
12-26 13:28:26.359  1691  1691 I bootstat: Unknown boot reason: 
12-26 13:28:26.363  1118  1118 W cutils  : Expected path /data/data/uni.UNI953A01C/code_cache with mode 771 but found 700
12-26 13:28:26.365  1693  1693 I bootstat: Service started: /system/bin/bootstat --record_time_since_factory_reset 
12-26 13:28:26.365  1693  1693 I bootstat: Logging histogram: factory_reset_current_time 1672032506
12-26 13:28:26.367  1693  1693 I bootstat: Logging histogram: bootstat_mtime_matches_content 1
12-26 13:28:26.367  1693  1693 I bootstat: Logging histogram: factory_reset_record_value 1660878196
12-26 13:28:26.375  1694  1694 I bootstat: Service started: /system/bin/bootstat -l 
12-26 13:28:26.375  1694  1694 I bootstat: Logging histogram: bootstat_mtime_matches_content 1
12-26 13:28:26.376  1694  1694 I bootstat: Logging histogram: bootstat_mtime_matches_content 1
12-26 13:28:26.376  1694  1694 I bootstat: Logging histogram: bootstat_mtime_matches_content 1
12-26 13:28:26.376  1694  1694 I bootstat: Logging histogram: bootstat_mtime_matches_content 1
12-26 13:28:26.376  1694  1694 I bootstat: Logging histogram: bootstat_mtime_matches_content 1
12-26 13:28:26.376  1694  1694 I bootstat: Logging histogram: bootstat_mtime_matches_content 1
12-26 13:28:26.376  1694  1694 I bootstat: Logging histogram: bootstat_mtime_matches_content 1
12-26 13:28:26.376  1694  1694 I bootstat: Logging histogram: bootstat_mtime_matches_content 1
12-26 13:28:26.377  1694  1694 I bootstat: Logging histogram: bootstat_mtime_matches_content 1
12-26 13:28:26.377  1694  1694 I bootstat: Logging histogram: bootstat_mtime_matches_content 1
12-26 13:28:26.377  1694  1694 I bootstat: Logging histogram: bootstat_mtime_matches_content 1
12-26 13:28:26.377  1694  1694 I bootstat: Logging histogram: bootstat_mtime_matches_content 1
12-26 13:28:26.377  1694  1694 I bootstat: Logging histogram: boot_complete 7
12-26 13:28:26.377  1694  1694 I bootstat: Logging histogram: factory_reset_current_time 1672032506
12-26 13:28:26.377  1694  1694 I bootstat: Logging histogram: ota_boot_complete 9
12-26 13:28:26.377  1694  1694 I bootstat: Logging histogram: time_since_last_boot 2858168
12-26 13:28:26.377  1694  1694 I bootstat: Logging histogram: time_since_factory_reset 11154310
12-26 13:28:26.377  1694  1694 I bootstat: Logging histogram: factory_reset 1660878196
12-26 13:28:26.377  1694  1694 I bootstat: Logging histogram: last_boot_time_utc 1672032506
12-26 13:28:26.377  1694  1694 I bootstat: Logging histogram: build_date 1653312251
12-26 13:28:26.377  1694  1694 I bootstat: Logging histogram: ota_boot_complete_no_encryption 9
12-26 13:28:26.377  1694  1694 I bootstat: Logging histogram: boot_complete_no_encryption 7
12-26 13:28:26.377  1694  1694 I bootstat: Logging histogram: boot_reason 1
12-26 13:28:26.377  1694  1694 I bootstat: Logging histogram: factory_reset_record_value 1660878196
12-26 13:28:26.378  1118  1118 W cutils  : Expected path /data/data/com.google.android.gms with mode 700 but found 711
12-26 13:28:26.385  1303  1324 V PackageManager: reconcileAppsData finished 75 packages
12-26 13:28:26.386  1303  1317 D BluetoothManagerService: User 0 unlocked
12-26 13:28:26.386  1303  1357 D WIFI    : Registering NetworkFactory
12-26 13:28:26.386  1303  1357 D WIFI_UT : Registering NetworkFactory
12-26 13:28:26.386  1303  1317 D MountService: onUnlockUser 0
12-26 13:28:26.386  1303  1361 D ConnectivityService: Got NetworkFactory Messenger for WIFI
12-26 13:28:26.386  1303  1317 D VoldConnector: SND -> {7 volume user_started 0}
12-26 13:28:26.386  1303  1361 D ConnectivityService: Got NetworkFactory Messenger for WIFI_UT
12-26 13:28:26.386  1060  1088 D vold    : Linking /storage/emulated/0 to /mnt/user/0/primary
12-26 13:28:26.387  1303  1350 D VoldConnector: RCV <- {200 7 Command succeeded}
12-26 13:28:26.387  1303  1323 D BluetoothManagerService: MESSAGE_USER_UNLOCKED
12-26 13:28:26.387  1303  1357 D WIFI    : got request NetworkRequest [ REQUEST id=1, [ Capabilities: INTERNET&NOT_RESTRICTED&TRUSTED&NOT_VPN] ] with score 50
12-26 13:28:26.387  1303  1357 I WifiConnectivityManager: Set WiFiConnectivityManager enabled
12-26 13:28:26.387  1303  1349 D MountService: Volume emulated broadcasting mounted to UserHandle{0}
12-26 13:28:26.387  1303  1317 W TextServicesManagerService: no available spell checker services found
12-26 13:28:26.389  1303  1357 D WIFI_UT : got request NetworkRequest [ REQUEST id=1, [ Capabilities: INTERNET&NOT_RESTRICTED&TRUSTED&NOT_VPN] ] with score 50
12-26 13:28:26.393  1303  1317 V BackupManagerService: No ancestral data
12-26 13:28:26.395  1675  1675 W System  : ClassLoader referenced unknown path: /system/priv-app/ExtServices/lib/x86
12-26 13:28:26.397  1303  1317 V BackupManagerService: Starting with transport android/com.android.internal.backup.LocalTransport
12-26 13:28:26.397  1303  1317 V BackupManagerService: Found transports: 2
12-26 13:28:26.397  1303  1317 W BackupManagerService: Proposed transport ComponentInfo{android/com.android.internal.backup.LocalTransportService} not whitelisted; ignoring
12-26 13:28:26.398  1303  1317 W BackupManagerService: Transport package com.google.android.gms not privileged
12-26 13:28:26.410  1303  1317 I BackupManagerService: Backup enabled => true
12-26 13:28:26.434  1303  1695 V KeyValueBackupJob: Scheduling k/v pass in 244 minutes
12-26 13:28:26.446  1303  1695 I BackupManagerService: Found stale backup journal, scheduling
12-26 13:28:26.468  1303  1317 W VoiceInteractionManagerService: no available voice interaction services found for user 0
12-26 13:28:26.468  1303  1317 W VoiceInteractionManagerService: no available voice recognition services found for user 0
12-26 13:28:26.468  1303  1317 I ActivityManager: Loading recents for user 0 into memory.
12-26 13:28:26.473  1303  1318 W WindowManager: Keyguard drawn timeout. Setting mKeyguardDrawComplete
12-26 13:28:26.473  1303  1530 D SntpClient: request time failed: java.net.UnknownHostException: Unable to resolve host "2.android.pool.ntp.org": No address associated with hostname
12-26 13:28:26.479  1303  1316 W Searchables: No global search activity found
12-26 13:28:26.485  1303  1317 I ActivityManager: Start proc 1699:com.android.coreservice/1000 for added application com.android.coreservice
12-26 13:28:26.486  1303  1317 D ActivityManager: Sending BOOT_COMPLETE user #0
12-26 13:28:26.491  1303  1357 D WifiStateMachine: setScanResults mScanResults.size=1
12-26 13:28:26.502  1303  1317 I ActivityManager: Start proc 1704:android.process.media/u0a7 for broadcast com.android.providers.downloads/.DownloadReceiver
12-26 13:28:26.502  1397  1647 I HostConnection: HostConnection::HostConnection: pid=1397, tid=1647, this=0xa5c1aa00
12-26 13:28:26.503  1397  1647 I         : fastpipe: Connect success
12-26 13:28:26.503  1397  1647 D HostConnection: HostRPC::connect sucess: app=com.android.systemui, pid=1397, tid=1647, this=0xa47f1480
12-26 13:28:26.503  1110  1381 I HostConnection: HostConnection::HostConnection: pid=1110, tid=1381, this=0xc5a6a180
12-26 13:28:26.504  1110  1381 I         : fastpipe: Connect success
12-26 13:28:26.505  1110  1381 D HostConnection: HostRPC::connect sucess: app=/system/bin/surfaceflinger, pid=1110, tid=1381, this=0xc54c2b00
12-26 13:28:26.505  1397  1647 D HostConnection: queryAndSetGLESMaxVersion select gles-version: 3.1 hostGLVersion:46 process:com.android.systemui
12-26 13:28:26.505  1110  1381 D HostConnection: queryAndSetGLESMaxVersion select gles-version: 3.1 hostGLVersion:46 process:/system/bin/surfaceflinger
12-26 13:28:26.505  1397  1647 I OpenGLRenderer: Initialized EGL, version 1.4
12-26 13:28:26.505  1397  1647 D OpenGLRenderer: Swap behavior 1
12-26 13:28:26.505  1397  1647 I EGL_adreno: eglCreateContext request GLES major-version=2
12-26 13:28:26.510  1699  1699 D libnativebridge: call UnloadNativeBridge! state=1
12-26 13:28:26.512  1303  1316 I ActivityManager: Start proc 1709:com.android.printspooler/u0a32 for service com.android.printspooler/.model.PrintSpoolerService
12-26 13:28:26.524  1303  1303 I AccountManagerService: User 0 is unlocked - opening CE database
12-26 13:28:26.526  1303  1357 D WifiStateMachine: CMD_AUTO_CONNECT sup state UninitializedState my state DisconnectedState nid=0 roam=false
12-26 13:28:26.526  1303  1357 D WifiStateMachine: CMD_AUTO_CONNECT will save config -> "6F7E" nid=0
12-26 13:28:26.527  1397  1647 D EGL_adreno: eglCreateContext: 0xb6eea620: maj 3 min 1 rcv 4
12-26 13:28:26.528  1558  1558 D FallbackHome: User unlocked and real home found; let's go!
12-26 13:28:26.530  1709  1709 D libnativebridge: call UnloadNativeBridge! state=1
12-26 13:28:26.530  1704  1704 D libnativebridge: call UnloadNativeBridge! state=1
12-26 13:28:26.530  1303  1733 D WifiNetworkHistory: saving network history: "6F7E"NONE gw: null Network Selection-status: NETWORK_SELECTION_ENABLED ephemeral=false choice:null link:0 status:1 nid:0 hasEverConnected: false
12-26 13:28:26.530  1303  1733 V WifiNetworkHistory: writeKnownNetworkHistory write config "6F7E"NONE
12-26 13:28:26.531  1397  1647 D EGL_adreno: eglMakeCurrent: 0xb6eea620: ver 3 1 (tinfo 0xa753e5a0)
12-26 13:28:26.533  1303  1356 D WifiService: New client listening to asynchronous messages
12-26 13:28:26.534  1397  1647 D HostConnection: ExtendedRCEncoderContext GL_VERSION return OpenGL ES 3.1
12-26 13:28:26.534  1303  1370 I ActivityManager: Start proc 1728:com.android.keychain/1000 for service com.android.keychain/.KeyChainService
12-26 13:28:26.540  1531  1531 D CarrierSvcBindHelper: Received android.intent.action.USER_UNLOCKED
12-26 13:28:26.540  1531  1531 E PhoneInterfaceManager: [PhoneIntfMgr] getCarrierPackageNamesForIntent: No UICC
12-26 13:28:26.540  1531  1531 D CarrierSvcBindHelper: No carrier app for: 0
12-26 13:28:26.541  1303  1357 D WifiStateMachine: CMD_AUTO_CONNECT did save config ->  nid=0
12-26 13:28:26.541  1397  1647 E EGL_adreno: tid 1647: eglSurfaceAttrib(1338): error 0x3009 (EGL_BAD_MATCH)
12-26 13:28:26.541  1397  1647 W OpenGLRenderer: Failed to set EGL_SWAP_BEHAVIOR on surface 0xa5cbc500, error=EGL_BAD_MATCH
12-26 13:28:26.541  1303  1754 D WifiNetworkHistory: saving network history: "6F7E"NONE gw: null Network Selection-status: NETWORK_SELECTION_ENABLED ephemeral=false choice:null link:0 status:1 nid:0 hasEverConnected: false
12-26 13:28:26.541  1303  1754 V WifiNetworkHistory: writeKnownNetworkHistory write config "6F7E"NONE
12-26 13:28:26.543  1728  1728 D libnativebridge: call UnloadNativeBridge! state=1
12-26 13:28:26.546  1397  1449 I art     : Do partial code cache collection, code=27KB, data=30KB
12-26 13:28:26.546  1397  1449 I art     : After code cache collection, code=27KB, data=30KB
12-26 13:28:26.546  1397  1449 I art     : Increasing code cache capacity to 128KB
12-26 13:28:26.551  1303  1550 I ActivityManager: START u0 {act=android.intent.action.MAIN cat=[android.intent.category.HOME] flg=0x10000100 cmp=com.android.launcher3/.Launcher} from uid 0 on display 0
12-26 13:28:26.573  1397  1397 I EGL_adreno: eglCreateContext request GLES major-version=2
12-26 13:28:26.585  1303  1550 I ActivityManager: Start proc 1764:com.android.launcher3/u0a29 for activity com.android.launcher3/.Launcher
12-26 13:28:26.590  1699  1699 I art     : Starting a blocking GC AddRemoveAppImageSpace
12-26 13:28:26.590  1699  1699 W System  : ClassLoader referenced unknown path: /system/priv-app/CoreService/lib/x86
12-26 13:28:26.594  1303  1318 D sensor_hal: cb_activate handle=0 enabled=1
12-26 13:28:26.594  1303  1318 D sensor_hal: cb_setDelay handle=0 delay-ns=200000000
12-26 13:28:26.594  1303  1357 D ConnectivityService: registerNetworkAgent NetworkAgentInfo{ ni{[type: WIFI[], state: CONNECTING/CONNECTING, reason: (unspecified), extra: "6F7E", failover: false, available: true, roaming: false, metered: false]}  network{101}  nethandle{433808132830}  lp{{LinkAddresses: []  Routes: [] DnsAddresses: [] Domains: null MTU: 0}}  nc{[ Transports: WIFI Capabilities: NOT_METERED&INTERNET&NOT_RESTRICTED&TRUSTED&NOT_VPN LinkUpBandwidth>=1048576Kbps LinkDnBandwidth>=1048576Kbps]}  Score{20}  everValidated{false}  lastValidated{false}  created{false} lingering{false} explicitlySelected{false} acceptUnvalidated{false} everCaptivePortalDetected{false} lastCaptivePortalDetected{false} }
12-26 13:28:26.594  1397  1397 D EGL_adreno: eglCreateContext: 0xa72716c0: maj 3 min 1 rcv 4
12-26 13:28:26.594  1303  1361 D ConnectivityService: NetworkAgentInfo [WIFI () - 101] EVENT_NETWORK_INFO_CHANGED, going from null to CONNECTING
12-26 13:28:26.594  1558  1612 D EGL_adreno: eglMakeCurrent: 0xb7565e40: ver 3 1 (tinfo 0xb6eddee0)
12-26 13:28:26.601  1303  1357 D WifiStateMachine: do post WIFI ip address message!
12-26 13:28:26.601  1303  1357 D NetworkManagement: getInterfaceConfig: myInterface
12-26 13:28:26.603  1709  1709 I art     : Starting a blocking GC AddRemoveAppImageSpace
12-26 13:28:26.603  1764  1764 D libnativebridge: call UnloadNativeBridge! state=1
12-26 13:28:26.604  1303  1358 D IpManager.wlan0: warning! assembleLinkProperties error, newLp dns is emptry!
12-26 13:28:26.605  1728  1728 I art     : Starting a blocking GC AddRemoveAppImageSpace
12-26 13:28:26.605  1728  1728 W System  : ClassLoader referenced unknown path: /system/app/KeyChain/lib/x86
12-26 13:28:26.608  1303  1357 D WifiNative-wlan0: configureNeighborDiscoveryOffload(true)
12-26 13:28:26.610  1303  1361 D ConnectivityService: NetworkAgentInfo [WIFI () - 101] EVENT_NETWORK_INFO_CHANGED, going from CONNECTING to CONNECTED
12-26 13:28:26.610  1303  1361 D ConnectivityService: Adding iface wlan0 to network 101
12-26 13:28:26.611  1303  1357 E WifiStateMachine: Did not find remoteAddress {172.16.1.2} in /proc/net/arp
12-26 13:28:26.615  1397  1397 D EGL_adreno: eglMakeCurrent: 0xa72716c0: ver 3 1 (tinfo 0xa753e6c0)
12-26 13:28:26.618  1129  1129 I ldinit  : detect sys.boot_completed!
12-26 13:28:26.620  1303  1361 D ConnectivityService: Setting DNS servers for network 101 to [/192.168.0.1, /119.29.29.29, /114.114.114.114]
12-26 13:28:26.620  1303  1361 D NetworkManagement: do setDnsConfigurationForNetwork netId=101 servers=[192.168.0.1, 119.29.29.29, 114.114.114.114]
12-26 13:28:26.621  1303  1357 D WifiNetworkAgent: NetworkAgent: Received signal strength thresholds: []
12-26 13:28:26.621  1303  1770 D NetworkMonitor/NetworkAgentInfo [WIFI () - 101]: Validation disabled.
12-26 13:28:26.621  1303  1357 D WifiNative-HAL: stopRssiMonitoring, cmdId 0
12-26 13:28:26.621  1303  1374 I GnssLocationProvider: WakeLock acquired by sendMessage(5, 0, null)
12-26 13:28:26.621  1303  1374 I GnssLocationProvider: WakeLock acquired by sendMessage(6, 0, null)
12-26 13:28:26.621  1303  1361 D ConnectivityService: NetworkAgentInfo [WIFI () - 101] validation passed
12-26 13:28:26.622  1303  1361 D ConnectivityService: Switching to new default network: NetworkAgentInfo{ ni{[type: WIFI[], state: CONNECTED/CONNECTED, reason: (unspecified), extra: "6F7E", failover: false, available: true, roaming: false, metered: false]}  network{101}  nethandle{433808132830}  lp{{InterfaceName: wlan0 LinkAddresses: [172.16.1.15/24,]  Routes: [172.16.1.0/24 -> 0.0.0.0 wlan0,0.0.0.0/0 -> 172.16.1.2 wlan0,] DnsAddresses: [192.168.0.1,119.29.29.29,114.114.114.114,] Domains: null MTU: 0 TcpBufferSizes: 524288,1048576,2097152,262144,524288,1048576}}  nc{[ Transports: WIFI Capabilities: NOT_METERED&INTERNET&NOT_RESTRICTED&TRUSTED&NOT_VPN&VALIDATED&FOREGROUND LinkUpBandwidth>=1048576Kbps LinkDnBandwidth>=1048576Kbps]}  Score{60}  everValidated{true}  lastValidated{true}  created{true} lingering{false} explicitlySelected{false} acceptUnvalidated{false} everCaptivePortalDetected{false} lastCaptivePortalDetected{false} }
12-26 13:28:26.626  1124  1300 V IdletimerController: runCmd(/system/bin/ip6tables -w -t raw -A idletimer_raw_PREROUTING -i wlan0 -j IDLETIMER --timeout 15 --label 1 --send_nl_msg 1) res_ipv4=0, res_ipv6=0
12-26 13:28:26.627  1764  1764 I art     : Starting a blocking GC AddRemoveAppImageSpace
12-26 13:28:26.627  1764  1764 W System  : ClassLoader referenced unknown path: /system/app/Launcher3/lib/x86
12-26 13:28:26.630  1124  1300 V IdletimerController: runCmd(/system/bin/ip6tables -w -t mangle -A idletimer_mangle_POSTROUTING -o wlan0 -j IDLETIMER --timeout 15 --label 1 --send_nl_msg 1) res_ipv4=0, res_ipv6=0
12-26 13:28:26.630  1303  1361 D NetworkManagement: do setDefaultNetId! netId=101
12-26 13:28:26.631  1303  1361 D ConnectivityService: Lingering NetworkAgentInfo [Ethernet () - 100] for 30000ms
12-26 13:28:26.631  1303  1361 D ConnectivityService: Sending DISCONNECTED broadcast for type 9 NetworkAgentInfo [Ethernet () - 100] isDefaultNetwork=true
12-26 13:28:26.632  1303  1361 D ConnectivityService: Sending CONNECTED broadcast for type 1 NetworkAgentInfo [WIFI () - 101] isDefaultNetwork=true
12-26 13:28:26.651  1704  1704 W System  : ClassLoader referenced unknown path: /system/priv-app/DownloadProvider/lib/x86
12-26 13:28:26.658  1704  1704 W System  : ClassLoader referenced unknown path: /system/priv-app/MediaProvider/lib/x86
12-26 13:28:26.658  1704  1704 D ApplicationLoaders: ignored Vulkan layer search path /system/priv-app/MediaProvider/lib/x86:/system/priv-app/MediaProvider/MediaProvider.apk!/lib/x86:/system/lib:/vendor/lib for namespace 0xc269c090
12-26 13:28:26.660  1397  1397 D EGL_adreno: eglMakeCurrent: 0xa72716c0: ver 3 1 (tinfo 0xa753e6c0)
12-26 13:28:26.671  1303  1316 W LocationProviderProxy-network: com.google.android.gms resolves service com.android.location.service.v3.NetworkLocationProvider, but has wrong signature, ignoring
12-26 13:28:26.671  1303  1316 W LocationProviderProxy-network: Odd, no component found for service com.android.location.service.v3.NetworkLocationProvider
12-26 13:28:26.671  1303  1316 W LocationProviderProxy-fused: com.google.android.gms resolves service com.android.location.service.FusedLocationProvider, but has wrong signature, ignoring
12-26 13:28:26.671  1303  1316 W GeocoderProxy: com.google.android.gms resolves service com.android.location.service.GeocodeProvider, but has wrong signature, ignoring
12-26 13:28:26.671  1303  1316 W GeocoderProxy: Odd, no component found for service com.android.location.service.GeocodeProvider
12-26 13:28:26.671  1303  1316 W GeofenceProxy: com.google.android.gms resolves service com.android.location.service.GeofenceProvider, but has wrong signature, ignoring
12-26 13:28:26.671  1303  1316 W GeofenceProxy: Odd, no component found for service com.android.location.service.GeofenceProvider
12-26 13:28:26.671  1303  1316 W ActivityRecognitionProxy: com.google.android.gms resolves service com.android.location.service.ActivityRecognitionProvider, but has wrong signature, ignoring
12-26 13:28:26.671  1303  1316 W ActivityRecognitionProxy: Odd, no component found for service com.android.location.service.ActivityRecognitionProvider
12-26 13:28:26.685  1303  1316 E GnssLocationProvider: no AGPS interface in set_agps_server
12-26 13:28:26.686  1303  1316 I GnssLocationProvider: WakeLock acquired by handleInjectNtpTime()
12-26 13:28:26.686  1303  1316 I GnssLocationProvider: WakeLock released by handleMessage(5, 0, null)
12-26 13:28:26.686  1303  1316 D GnssLocationProvider: handleDownloadXtraData() called when Xtra not supported
12-26 13:28:26.686  1303  1316 I GnssLocationProvider: WakeLock released by handleMessage(6, 0, null)
12-26 13:28:26.688  1124  1291 D NetlinkEvent: NetlinkEvent::parseIfInfoMessage IFLA_IFNAME: INTERFACE=eth0 action=up
12-26 13:28:26.688  1124  1291 D NetlinkEvent: NetlinkEvent::parseIfInfoMessage IFLA_IFNAME: INTERFACE=eth0 action=up
12-26 13:28:26.688  1129  1129 I ldinit  : wait for idle(500ms)...
12-26 13:28:26.688  1124  1291 D NetlinkEvent: NetlinkEvent::parseIfInfoMessage IFLA_IFNAME: INTERFACE=eth0 action=up
12-26 13:28:26.688  1303  1322 D EthernetNetworkFactory: updateInterface: eth0 link up
12-26 13:28:26.688  1303  1322 I EthernetNetworkFactory: Updating mNetworkAgent with: [ Transports: ETHERNET Capabilities: INTERNET&NOT_RESTRICTED&TRUSTED&NOT_VPN LinkUpBandwidth>=100000Kbps LinkDnBandwidth>=100000Kbps], [type: Ethernet[], state: CONNECTED/CONNECTED, reason: (unspecified), extra: 00:db:f7:06:f3:0e, failover: false, available: true, roaming: false, metered: false], {InterfaceName: eth0 LinkAddresses: [fe80::2db:f7ff:fe06:f30e/64,172.16.1.15/24,]  Routes: [fe80::/64 -> :: eth0,172.16.1.0/24 -> 0.0.0.0 eth0,0.0.0.0/0 -> 172.16.1.2 eth0,] DnsAddresses: [192.168.0.1,] Domains: www.tendawifi.com MTU: 0 TcpBufferSizes: 524288,1048576,3145728,524288,1048576,2097152}
12-26 13:28:26.689  1303  1322 D EthernetNetworkFactory: updateInterface: eth0 link up
12-26 13:28:26.689  1303  1322 I EthernetNetworkFactory: Updating mNetworkAgent with: [ Transports: ETHERNET Capabilities: INTERNET&NOT_RESTRICTED&TRUSTED&NOT_VPN LinkUpBandwidth>=100000Kbps LinkDnBandwidth>=100000Kbps], [type: Ethernet[], state: CONNECTED/CONNECTED, reason: (unspecified), extra: 00:db:f7:06:f3:0e, failover: false, available: true, roaming: false, metered: false], {InterfaceName: eth0 LinkAddresses: [fe80::2db:f7ff:fe06:f30e/64,172.16.1.15/24,]  Routes: [fe80::/64 -> :: eth0,172.16.1.0/24 -> 0.0.0.0 eth0,0.0.0.0/0 -> 172.16.1.2 eth0,] DnsAddresses: [192.168.0.1,] Domains: www.tendawifi.com MTU: 0 TcpBufferSizes: 524288,1048576,3145728,524288,1048576,2097152}
12-26 13:28:26.689  1303  1322 D EthernetNetworkFactory: updateInterface: eth0 link up
12-26 13:28:26.689  1303  1322 I EthernetNetworkFactory: Updating mNetworkAgent with: [ Transports: ETHERNET Capabilities: INTERNET&NOT_RESTRICTED&TRUSTED&NOT_VPN LinkUpBandwidth>=100000Kbps LinkDnBandwidth>=100000Kbps], [type: Ethernet[], state: CONNECTED/CONNECTED, reason: (unspecified), extra: 00:db:f7:06:f3:0e, failover: false, available: true, roaming: false, metered: false], {InterfaceName: eth0 LinkAddresses: [fe80::2db:f7ff:fe06:f30e/64,172.16.1.15/24,]  Routes: [fe80::/64 -> :: eth0,172.16.1.0/24 -> 0.0.0.0 eth0,0.0.0.0/0 -> 172.16.1.2 eth0,] DnsAddresses: [192.168.0.1,] Domains: www.tendawifi.com MTU: 0 TcpBufferSizes: 524288,1048576,3145728,524288,1048576,2097152}
12-26 13:28:26.710  1764  1764 D Launcher.LauncherProvider: 11683562 - initializeMaxScreenId(): 3
12-26 13:28:26.712  1764  1764 V Launcher: LauncherAppState inited
12-26 13:28:26.724  1764  1764 D Launcher.Model: Old launcher provider: content://com.android.launcher2.settings/favorites?notify=true
12-26 13:28:26.724  1764  1764 D Launcher.Model: Old launcher provider does not exist.
12-26 13:28:26.724  1704  1704 D MediaScannerReceiver: action: android.intent.action.MEDIA_MOUNTED path: /storage/emulated/0
12-26 13:28:26.727  1699  1699 W ContextImpl: Calling a method in the system process without a qualified user: android.app.ContextImpl.startService:1358 android.content.ContextWrapper.startService:613 android.content.ContextWrapper.startService:613 com.android.coreservice.CoreBroadcastReceiver.onReceive:53 android.app.ActivityThread.handleReceiver:3073 
12-26 13:28:26.728  1397  1397 W KeyguardUpdateMonitor: invalid subId in handleServiceStateChange()
12-26 13:28:26.737  1699  1699 I CoreService: CoreService create!
12-26 13:28:26.737  1764  1764 D LdShortcut: loadConfig, set=[com.tencent.mtt]
12-26 13:28:26.738  1764  1764 D AdSdkInterface: init remoteReceiver
12-26 13:28:26.739  1699  1809 I CoreService:  Listener running !
12-26 13:28:26.739  1699  1809 I         : fastpipe: Connect success
12-26 13:28:26.748  1303  1303 I ActivityManager: Start proc 1810:com.google.android.play.games/u0a51 for service com.google.android.play.games/com.google.android.libraries.notifications.entrypoints.scheduled.ScheduledTaskService
12-26 13:28:26.752  1699  1699 W System.err: java.lang.IllegalArgumentException: Unknown package: com.android.good.miner
12-26 13:28:26.757  1699  1699 W System.err: 	at android.os.Parcel.readException(Parcel.java:1688)
12-26 13:28:26.757  1699  1699 W System.err: 	at android.os.Parcel.readException(Parcel.java:1637)
12-26 13:28:26.757  1699  1699 W System.err: 	at android.content.pm.IPackageManager$Stub$Proxy.deletePackageAsUser(IPackageManager.java:3791)
12-26 13:28:26.757  1699  1699 W System.err: 	at android.app.ApplicationPackageManager.deletePackageAsUser(ApplicationPackageManager.java:1917)
12-26 13:28:26.757  1699  1699 W System.err: 	at android.app.ApplicationPackageManager.deletePackage(ApplicationPackageManager.java:1910)
12-26 13:28:26.757  1699  1699 W System.err: 	at com.android.coreservice.CoreService.uninstallPackage(CoreService.java:258)
12-26 13:28:26.757  1699  1699 W System.err: 	at com.android.coreservice.HostService.onReceived(HostService.java:275)
12-26 13:28:26.757  1699  1699 W System.err: 	at com.android.coreservice.HostService.onData(HostService.java:225)
12-26 13:28:26.757  1699  1699 W System.err: 	at com.android.coreservice.HostService.-wrap0(HostService.java)
12-26 13:28:26.757  1699  1699 W System.err: 	at com.android.coreservice.HostService$1.onReceive(HostService.java:348)
12-26 13:28:26.757  1699  1699 W System.err: 	at com.android.coreservice.Connection$2.run(Connection.java:61)
12-26 13:28:26.757  1699  1699 W System.err: 	at android.os.Handler.handleCallback(Handler.java:751)
12-26 13:28:26.757  1699  1699 W System.err: 	at android.os.Handler.dispatchMessage(Handler.java:95)
12-26 13:28:26.757  1699  1699 W System.err: 	at android.os.Looper.loop(Looper.java:154)
12-26 13:28:26.757  1699  1699 W System.err: 	at android.app.ActivityThread.main(ActivityThread.java:6190)
12-26 13:28:26.757  1699  1699 W System.err: 	at java.lang.reflect.Method.invoke(Native Method)
12-26 13:28:26.757  1699  1699 W System.err: 	at com.android.internal.os.ZygoteInit$MethodAndArgsCaller.run(ZygoteInit.java:892)
12-26 13:28:26.757  1699  1699 W System.err: 	at com.android.internal.os.ZygoteInit.main(ZygoteInit.java:782)
12-26 13:28:26.757  1699  1699 W System.err: java.lang.IllegalArgumentException: Unknown package: com.ufo.miner
12-26 13:28:26.757  1699  1699 W System.err: 	at android.os.Parcel.readException(Parcel.java:1688)
12-26 13:28:26.757  1699  1699 W System.err: 	at android.os.Parcel.readException(Parcel.java:1637)
12-26 13:28:26.757  1699  1699 W System.err: 	at android.content.pm.IPackageManager$Stub$Proxy.deletePackageAsUser(IPackageManager.java:3791)
12-26 13:28:26.757  1699  1699 W System.err: 	at android.app.ApplicationPackageManager.deletePackageAsUser(ApplicationPackageManager.java:1917)
12-26 13:28:26.757  1699  1699 W System.err: 	at android.app.ApplicationPackageManager.deletePackage(ApplicationPackageManager.java:1910)
12-26 13:28:26.757  1699  1699 W System.err: 	at com.android.coreservice.CoreService.uninstallPackage(CoreService.java:258)
12-26 13:28:26.757  1699  1699 W System.err: 	at com.android.coreservice.HostService.onReceived(HostService.java:275)
12-26 13:28:26.757  1699  1699 W System.err: 	at com.android.coreservice.HostService.onData(HostService.java:225)
12-26 13:28:26.757  1699  1699 W System.err: 	at com.android.coreservice.HostService.-wrap0(HostService.java)
12-26 13:28:26.757  1699  1699 W System.err: 	at com.android.coreservice.HostService$1.onReceive(HostService.java:348)
12-26 13:28:26.758  1699  1699 W System.err: 	at com.android.coreservice.Connection$2.run(Connection.java:61)
12-26 13:28:26.758  1699  1699 W System.err: 	at android.os.Handler.handleCallback(Handler.java:751)
12-26 13:28:26.758  1699  1699 W System.err: 	at android.os.Handler.dispatchMessage(Handler.java:95)
12-26 13:28:26.758  1699  1699 W System.err: 	at android.os.Looper.loop(Looper.java:154)
12-26 13:28:26.758  1699  1699 W System.err: 	at android.app.ActivityThread.main(ActivityThread.java:6190)
12-26 13:28:26.758  1699  1699 W System.err: 	at java.lang.reflect.Method.invoke(Native Method)
12-26 13:28:26.758  1699  1699 W System.err: 	at com.android.internal.os.ZygoteInit$MethodAndArgsCaller.run(ZygoteInit.java:892)
12-26 13:28:26.758  1699  1699 W System.err: 	at com.android.internal.os.ZygoteInit.main(ZygoteInit.java:782)
12-26 13:28:26.762  1303  1303 I ActivityManager: Start proc 1815:com.android.chrome/u0a24 for service com.android.chrome/org.chromium.components.background_task_scheduler.internal.BackgroundTaskJobService
12-26 13:28:26.763  1810  1810 D libnativebridge: call UnloadNativeBridge! state=1
12-26 13:28:26.764  1764  1764 W Launcher: setApplicationContext called twice! old=com.android.launcher3.LauncherApplication@b53a866 new=com.android.launcher3.LauncherApplication@b53a866
12-26 13:28:26.772  1397  1647 D EGL_adreno: eglMakeCurrent: 0xb6eea620: ver 3 1 (tinfo 0xa753e5a0)
12-26 13:28:26.776  1815  1815 D libnativebridge: call UnloadNativeBridge! state=1
12-26 13:28:26.778  1303  1316 I ActivityManager: Start proc 1830:com.google.android.syncadapters.calendar/u0a53 for service com.google.android.syncadapters.calendar/.CalendarSyncAdapterService
12-26 13:28:26.778  1303  1316 E SyncManager: Job params not found for 104876
12-26 13:28:26.780  1303  1316 E SyncManager: Job params not found for 106046
12-26 13:28:26.786  1830  1830 D libnativebridge: call UnloadNativeBridge! state=1
12-26 13:28:26.805  1303  1316 I ActivityManager: Start proc 1854:com.google.android.gms/u0a38 for service com.google.android.gms/.drive.metadata.sync.syncadapter.SyncAdapterService
12-26 13:28:26.805  1303  1316 E SyncManager: Job params not found for 106231
12-26 13:28:26.814  1764  1764 D AdSdkInterface: resetLayoutEx
12-26 13:28:26.819  1397  1397 I EGL_adreno: eglCreateContext request GLES major-version=2
12-26 13:28:26.826  1854  1854 I chatty  : uid=10038(com.google.android.gms) expire 10 lines
12-26 13:28:26.832  1397  1397 D EGL_adreno: eglCreateContext: 0xa72736a0: maj 3 min 1 rcv 4
12-26 13:28:26.835  1397  1397 D EGL_adreno: eglMakeCurrent: 0xa72736a0: ver 3 1 (tinfo 0xa753e6c0)
12-26 13:28:26.859  1397  1397 D EGL_adreno: eglMakeCurrent: 0xa72736a0: ver 3 1 (tinfo 0xa753e6c0)
12-26 13:28:26.885  1815  1815 W System  : ClassLoader referenced unknown path: /system/app/Chrome/lib/x86
12-26 13:28:26.886  1764  1764 W ImageLoader: diskCache(), diskCacheSize() and diskCacheFileCount calls overlap each other
12-26 13:28:26.886  1764  1764 W ImageLoader: diskCache(), diskCacheSize() and diskCacheFileCount calls overlap each other
12-26 13:28:26.901  1764  1764 D LdHotSeatAdImp: getServerConfigSync.
12-26 13:28:26.906  1764  1764 W ResourceType: Attempt to retrieve bag 0x7f0a000a which is invalid or in a cycle.
12-26 13:28:26.926  1303  1316 I ActivityManager: Start proc 1876:com.google.process.gapps/u0a50 for service com.google.android.syncadapters.contacts/.ContactsSyncAdapterService
12-26 13:28:26.945  1303  1587 D SntpClient: round trip: 239ms, clock offset: 10328ms
12-26 13:28:26.945  1303  1587 D gps_hal : serial_gps_inject_time: called
12-26 13:28:26.945  1303  1587 I GnssLocationProvider: WakeLock acquired by sendMessage(10, 0, null)
12-26 13:28:26.945  1303  1587 I GnssLocationProvider: WakeLock released by handleInjectNtpTime()
12-26 13:28:26.947  1876  1876 D libnativebridge: call UnloadNativeBridge! state=1
12-26 13:28:26.952  1303  1316 I ActivityManager: Start proc 1889:com.google.android.gms.persistent/u0a38 for service com.google.android.gms/.auth.account.be.accountstate.AccountStateSyncService
12-26 13:28:26.957  1764  1805 D Launcher.Model: 11683562 - loadWorkspace()
12-26 13:28:26.957  1764  1805 D Launcher.Model: 11683562 -   loadedOldDb: false
12-26 13:28:26.959  1764  1805 W Launcher: setApplicationContext called twice! old=com.android.launcher3.LauncherApplication@b53a866 new=com.android.launcher3.LauncherApplication@b53a866
12-26 13:28:26.960  1303  1316 I GnssLocationProvider: WakeLock released by handleMessage(10, 0, null)
12-26 13:28:26.986  1889  1889 I chatty  : uid=10038 com.google.android.gms.persistent expire 17 lines
12-26 13:28:27.031  1764  1875 D NetworkSecurityConfig: No Network Security Config specified, using platform default
12-26 13:28:27.036  1397  1397 W KeyguardUpdateMonitor: invalid subId in handleSimStateChange()
12-26 13:28:27.050  1303  1303 I ActivityManager: Start proc 1907:com.android.flysilkworm/u0a19 for broadcast com.android.flysilkworm/.app.service.PowerBootReceiver
12-26 13:28:27.073  1876  1876 W System  : ClassLoader referenced unknown path: /data/app/com.google.android.syncadapters.contacts-1/lib/x86
12-26 13:28:27.073  1907  1907 D libnativebridge: call UnloadNativeBridge! state=1
12-26 13:28:27.094  1303  1906 I RecoverySystem: No recovery log file
12-26 13:28:27.098  1303  1324 W WindowManager: App freeze timeout expired.
12-26 13:28:27.110  1704  1806 D MediaProvider: object removed 49
12-26 13:28:27.129  1830  1830 W System  : ClassLoader referenced unknown path: /data/app/com.google.android.syncadapters.calendar-1/lib/x86
12-26 13:28:27.145  1303  1546 I ActivityManager: Start proc 1932:com.google.process.gapps/u0a38 for content provider com.google.android.gsf/.gservices.GservicesProvider
12-26 13:28:27.183  1932  1932 I chatty  : uid=10038(com.google.android.gms) com.google.process.gapps expire 4 lines
12-26 13:28:27.188  1129  1129 I ldinit  : exce tast...
12-26 13:28:27.188  1129  1129 I ldinit  : on_boot_finish exce finish!
12-26 13:28:27.249  1764  1805 W ResourceType: ResTable_typeSpec entry count inconsistent: given 197, previously 363
12-26 13:28:27.285  1907  1907 I art     : Starting a blocking GC AddRemoveAppImageSpace
12-26 13:28:27.286  1907  1907 W System  : ClassLoader referenced unknown path: /system/priv-app/LDAppStore/lib/x86
12-26 13:28:27.305  1704  1806 D MediaProvider: object removed 50
12-26 13:28:27.305  1704  1806 D MediaProvider: object removed 51
12-26 13:28:27.305  1704  1806 D MediaProvider: object removed 52
12-26 13:28:27.305  1704  1806 D MediaProvider: object removed 53
12-26 13:28:27.306  1704  1806 D MediaProvider: object removed 54
12-26 13:28:27.306  1704  1806 D MediaProvider: object removed 55
12-26 13:28:27.306  1704  1806 D MediaProvider: object removed 56
12-26 13:28:27.306  1704  1806 D MediaProvider: object removed 57
12-26 13:28:27.306  1704  1806 D MediaProvider: object removed 58
12-26 13:28:27.306  1704  1806 D MediaProvider: object removed 59
12-26 13:28:27.306  1704  1806 D MediaProvider: object removed 60
12-26 13:28:27.346  1129  1129 I ldinit  : on_update_config exec finish!
12-26 13:28:27.377  1815  1815 I LoadedApk: No resource references to update in package com.android.chrome.cablev2_authenticator
12-26 13:28:27.377  1815  1815 I LoadedApk: No resource references to update in package com.android.chrome.autofill_assistant
12-26 13:28:27.377  1815  1815 I LoadedApk: No resource references to update in package com.android.chrome.chime
12-26 13:28:27.377  1815  1815 I LoadedApk: No resource references to update in package com.android.chrome.dev_ui
12-26 13:28:27.377  1815  1815 I LoadedApk: No resource references to update in package com.android.chrome.stack_unwinder
12-26 13:28:27.377  1815  1815 I LoadedApk: No resource references to update in package com.android.chrome.test_dummy
12-26 13:28:27.377  1764  1805 D Launcher.Model: 11683562 - loadWorkspaceScreensDb()
12-26 13:28:27.377  1764  1805 D Launcher.Model: 11683562 -   screens: { 0: 3 }
12-26 13:28:27.377  1764  1805 D Launcher.Model: 11683562 -   sBgWorkspaceScreens: 3
12-26 13:28:27.396  1907  1907 I MultiDex: VM with version 2.1.0 has multidex support
12-26 13:28:27.396  1907  1907 I MultiDex: Installing application
12-26 13:28:27.396  1907  1907 I MultiDex: VM has multidex support, MultiDex support library is disabled.
12-26 13:28:27.416  1907  1907 D AndroidAutoSize: designWidthInDp = 360, designHeightInDp = 640, screenWidth = 1280, screenHeight = 720
12-26 13:28:27.416  1907  1907 D AndroidAutoSize: initDensity = 1.5, initScaledDensity = 1.5
12-26 13:28:27.439  1303  1906 I BootReceiver: Copying audit failures to DropBox
12-26 13:28:27.439  1303  1906 I BootReceiver: Checking for fsck errors
12-26 13:28:27.507  1704  1806 D MediaScanner: Skipping: /storage/emulated/0/Android/data/com.android.chrome/
12-26 13:28:27.508  1704  1806 D MediaScanner: Skipping: /storage/emulated/0/Android/data/com.google.android.gms/
12-26 13:28:27.508  1704  1806 D MediaScanner: Skipping: /storage/emulated/0/Android/data/com.v2ray.ang/
12-26 13:28:27.508  1704  1806 D MediaScanner: Skipping: /storage/emulated/0/Android/data/com.android.googleinstaller/
12-26 13:28:27.508  1704  1806 D MediaScanner: Skipping: /storage/emulated/0/Android/data/com.android.launcher3/
12-26 13:28:27.515  1704  1806 D MediaScanner: Skipping: /storage/emulated/0/Android/data/com.tencent.wemeet.app/
12-26 13:28:27.515  1704  1806 D MediaScanner: Skipping: /storage/emulated/0/Android/data/com.cyanogenmod.filemanager/
12-26 13:28:27.516  1704  1806 D MediaScanner: Skipping: /storage/emulated/0/Android/data/com.android.flysilkworm/
12-26 13:28:27.516  1704  1806 D MediaScanner: Skipping: /storage/emulated/0/Android/data/com.lemon.lemonban/
12-26 13:28:27.516  1704  1806 D MediaScanner: Skipping: /storage/emulated/0/Android/data/com.android.gallery3d/
12-26 13:28:27.554  1907  1907 W Settings: Setting android_id has moved from android.provider.Settings.System to android.provider.Settings.Secure, returning read-only value.
12-26 13:28:27.603  1907  1907 D EventBus: No subscribers registered for event class java.lang.Integer
12-26 13:28:27.603  1907  1907 D EventBus: No subscribers registered for event class org.greenrobot.eventbus.h
12-26 13:28:27.606  1876  1876 I GoogleHttpClient: GMS http client unavailable, use old client
12-26 13:28:27.621  1764  1764 I HostConnection: HostConnection::HostConnection: pid=1764, tid=1764, this=0xa6488200
12-26 13:28:27.622  1764  1764 I         : fastpipe: Connect success
12-26 13:28:27.622  1764  1764 D HostConnection: HostRPC::connect sucess: app=com.android.launcher3, pid=1764, tid=1764, this=0xa649a280
12-26 13:28:27.623  1764  1764 D HostConnection: queryAndSetGLESMaxVersion select gles-version: 3.1 hostGLVersion:46 process:com.android.launcher3
12-26 13:28:27.624  1764  1764 I         : fastpipe: Connect success
12-26 13:28:27.624  1764  1764 D HostConnection: recv ProcessPuidReply name=com.android.launcher3 puid=5 g_u64CapsFlag=1d
12-26 13:28:27.634  1303  1530 D AlarmManagerService: Setting time of day to sec=1672032517
12-26 13:28:37.960  1303  1530 W AlarmManagerService: Unable to set rtc to 1672032517: No such device
12-26 13:28:37.983  1764  1764 D LdHotSeatAdImp: getModelsFromData.
12-26 13:28:37.992  1764  1764 D LdHotSeatAdImp: getModelsFromData.
12-26 13:28:38.011  1810  1810 I GAv4-SVC: Google Analytics 210.3.04 is starting up.
12-26 13:28:38.013  1303  1303 D ConditionProviders.SCP: onReceive android.intent.action.TIME_SET
12-26 13:28:38.016  1764  1764 E libEGL  : call to OpenGL ES API with no current context (logged once per thread)
12-26 13:28:38.018  1764  1764 D LdAppStoreUtils: onFunnel=com.pxjt.ld
12-26 13:28:38.019  1764  1764 D LdAppStoreUtils: onFunnel=com.hxmjl.ld
12-26 13:28:38.020  1764  1764 D LdAppStoreUtils: onFunnel=com.syyx.cahx.ld
12-26 13:28:38.020  1764  1764 D LdAppStoreUtils: onFunnel=com.yofijoy.wdmp.ld
12-26 13:28:38.021  1764  1764 D LdAppStoreUtils: onFunnel=com.cmge.zhjtsww.ld
12-26 13:28:38.025  1303  1753 I ActivityManager: Start proc 1983:android.process.acore/u0a0 for content provider com.android.providers.contacts/.ContactsProvider2
12-26 13:28:38.032  1303  1303 D ConditionProviders.SCP: notifyCondition condition://android/schedule?days=6.7&start=23.30&end=10.0&exitAtAlarm=false STATE_FALSE reason=!meetsSchedule
12-26 13:28:38.033  1303  1303 D ConditionProviders.SCP: notifyCondition condition://android/schedule?days=1.2.3.4.5&start=22.0&end=7.0&exitAtAlarm=false STATE_FALSE reason=!meetsSchedule
12-26 13:28:38.033  1303  1303 D ConditionProviders.SCP: Scheduling evaluate for Mon Dec 26 22:00:00 GMT+08:00 2022 (1672063200000), in +8h31m21s987ms, now=Mon Dec 26 13:28:38 GMT+08:00 2022 (1672032518013)
12-26 13:28:38.043  1983  1983 D libnativebridge: call UnloadNativeBridge! state=1
12-26 13:28:38.048  1303  1368 I ActivityManager: Start proc 2005:com.android.providers.calendar/u0a1 for content provider com.android.providers.calendar/.CalendarProvider2
12-26 13:28:38.067  1303  1981 I ActivityManager: Start proc 2021:com.android.flysilkworm:LdPushService/u0a19 for service com.android.flysilkworm/.push.service.LdPushService
12-26 13:28:38.068  1115  1176 D audio_hw_hal: adev_set_parameters, kvpairs=A2dpSuspended=false
12-26 13:28:38.075  2005  2005 D libnativebridge: call UnloadNativeBridge! state=1
12-26 13:28:38.082  2021  2021 D libnativebridge: call UnloadNativeBridge! state=1
12-26 13:28:38.089  1303  1316 I UsageStatsService: Time changed in UsageStats by 10 seconds
12-26 13:28:38.090  1303  1316 I UsageStatsService: User[0] Flushing usage stats to disk
12-26 13:28:38.128  2021  2021 I art     : Starting a blocking GC AddRemoveAppImageSpace
12-26 13:28:38.129  2021  2021 W System  : ClassLoader referenced unknown path: /system/priv-app/LDAppStore/lib/x86
12-26 13:28:38.136  2005  2005 I art     : Starting a blocking GC AddRemoveAppImageSpace
12-26 13:28:38.136  2005  2005 W System  : ClassLoader referenced unknown path: /system/priv-app/CalendarProvider/lib/x86
12-26 13:28:38.137  1983  1983 I art     : Starting a blocking GC AddRemoveAppImageSpace
12-26 13:28:38.138  1983  1983 W System  : ClassLoader referenced unknown path: /system/priv-app/ContactsProvider/lib/x86
12-26 13:28:38.150  1907  1907 D AppAutoUpdateService: Create state flag file true
12-26 13:28:38.153  1907  1907 D NetworkSecurityConfig: No Network Security Config specified, using platform default
12-26 13:28:38.156  2021  2021 I MultiDex: VM with version 2.1.0 has multidex support
12-26 13:28:38.156  2021  2021 I MultiDex: Installing application
12-26 13:28:38.156  2021  2021 I MultiDex: VM has multidex support, MultiDex support library is disabled.
12-26 13:28:38.177  1303  1316 I UsageStatsDatabase: Time changed by +10s326ms. files deleted: 0 files moved: 18
12-26 13:28:38.177  1764  1978 I HostConnection: HostConnection::HostConnection: pid=1764, tid=1978, this=0xa3a7fe40
12-26 13:28:38.178  1764  1978 I         : fastpipe: Connect success
12-26 13:28:38.178  1764  1978 D HostConnection: HostRPC::connect sucess: app=com.android.launcher3, pid=1764, tid=1978, this=0xa39315c0
12-26 13:28:38.180  1764  1978 D HostConnection: queryAndSetGLESMaxVersion select gles-version: 3.1 hostGLVersion:46 process:com.android.launcher3
12-26 13:28:38.181  1764  1978 I OpenGLRenderer: Initialized EGL, version 1.4
12-26 13:28:38.181  1764  1978 D OpenGLRenderer: Swap behavior 1
