12-26 13:28:24.666  1303  1303 D ZenLog  : config: cleanUpZenRules,ZenModeConfig[user=0,allowCalls=true,allowRepeatCallers=false,allowMessages=false,allowCallsFrom=contacts,allowMessagesFrom=contacts,allowReminders=true,allowEvents=true,allowWhenScreenOff=true,allowWhenScreenOn=true,automaticRules={1d5007fce69f462386709b2d4b283e6c=ZenRule[enabled=false,snoozing=false,name=周一至周五夜间,zenMode=ZEN_MODE_ALARMS,conditionId=condition://android/schedule?days=1.2.3.4.5&start=22.0&end=7.0&exitAtAlarm=false,condition=Condition[id=condition://android/schedule?days=1.2.3.4.5&start=22.0&end=7.0&exitAtAlarm=false,summary=...,line1=...,line2=...,icon=0,state=STATE_FALSE,flags=2],component=ComponentInfo{android/com.android.server.notification.ScheduleConditionProvider},id=1d5007fce69f462386709b2d4b283e6c,creationTime=1660878194881,enabler=null], ebfd0cd44a114102bfd94cf0894bcb12=ZenRule[enabled=false,snoozing=false,name=活动,zenMode=ZEN_MODE_ALARMS,conditionId=condition://android/event?userId=-10000&calendar=&reply=1,condition=Condition[id=condition://android/event?userId=-10000&calendar=&reply=1,summary=...,line1=...,line2=...,icon=0,state=STATE_FALSE,flags=2],component=ComponentInfo{android/com.android.server.notification.EventConditionProvider},id=ebfd0cd44a114102bfd94cf0894bcb12,creationTime=1660878194881,enabler=null], 8223f4d4a8284242b098333efd2b359a=ZenRule[enabled=false,snoozing=false,name=周末,zenMode=ZEN_MODE_ALARMS,conditionId=condition://android/schedule?days=6.7&start=23.30&end=10.0&exitAtAlarm=false,condition=Condition[id=condition://android/schedule?days=6.7&start=23.30&end=10.0&exitAtAlarm=false,summary=...,line1=...,line2=...,icon=0,state=STATE_FALSE,flags=2],component=ComponentInfo{android/com.android.server.notification.ScheduleConditionProvider},id=8223f4d4a8284242b098333efd2b359a,creationTime=1660878194881,enabler=null]},manualRule=null],Diff[]
12-26 13:28:24.666  1303  1303 D ZenLog  : set_zen_mode: off,onSystemReady
12-26 13:28:24.668  1115  1176 D PermissionCache: checking android.permission.CAPTURE_AUDIO_HOTWORD for uid=1000 => granted (98 us)
12-26 13:28:24.668  1303  1377 I chatty  : uid=1000 system_server expire 2 lines
12-26 13:28:24.668  1303  1303 W SoundTriggerHelper: listModules status=0, # of modules=0
12-26 13:28:24.668  1124  1300 D CommandListener: Clearing all IP addresses on eth0
12-26 13:28:24.687  1303  1303 V UserManagerService: Found /data/user_de/0 with serial number 0
12-26 13:28:24.687  1303  1303 V UserManagerService: Found /data/user/0 with serial number 0
12-26 13:28:24.687  1303  1303 V UserManagerService: Found /data/system_de/0 with serial number 0
12-26 13:28:24.687  1303  1303 V UserManagerService: Found /data/system_ce/0 with serial number 0
12-26 13:28:24.696  1303  1326 W KeyguardServiceDelegate: onScreenTurningOn(): no keyguard service!
12-26 13:28:24.707  1303  1303 I ActivityManager: System now ready
12-26 13:28:24.707  1110  1152 I HostConnection: HostConnection::HostConnection: pid=1110, tid=1152, this=0xc77e9d80
12-26 13:28:24.708  1110  1152 I         : fastpipe: Connect success
12-26 13:28:24.708  1110  1152 D HostConnection: HostRPC::connect sucess: app=/system/bin/surfaceflinger, pid=1110, tid=1152, this=0xc5a5d8c0
12-26 13:28:24.709  1110  1152 D HostConnection: queryAndSetGLESMaxVersion select gles-version: 3.1 hostGLVersion:46 process:/system/bin/surfaceflinger
12-26 13:28:24.720  1303  1303 I SystemServer: Making services ready
12-26 13:28:24.720  1303  1303 I SystemServiceManager: Starting phase 550
12-26 13:28:24.738  1303  1303 D BluetoothManagerService: Bluetooth boot completed
12-26 13:28:24.738  1303  1303 E InputMethodManagerService: Ignoring updateSystemUiLocked due to an invalid token. uid:1000 token:null
12-26 13:28:24.738  1303  1303 I InputMethodManagerService: All the enabled IMEs are gone. Reset default enabled IMEs.
12-26 13:28:24.738  1303  1303 W InputMethodUtils: Found no fallback locale. imis=[]
12-26 13:28:24.738  1303  1303 W InputMethodUtils: No software keyboard is found. imis=[] systemLocale=zh_CN fallbackLocale=null
12-26 13:28:24.738  1303  1349 D MountService: Thinking about init, mSystemReady=true, mDaemonConnected=true
12-26 13:28:24.738  1303  1303 W TextServicesManagerService: no available spell checker services found
12-26 13:28:24.738  1303  1349 D MountService: Setting up emulation state, initlocked=false
12-26 13:28:24.738  1303  1349 D CryptdConnector: SND -> {2 cryptfs unlock_user_key 0 0 ! !}
12-26 13:28:24.739  1060  1089 D vold    : e4crypt_unlock_user_key 0 serial=0 token_present=0
12-26 13:28:24.739  1303  1351 D CryptdConnector: RCV <- {200 2 Command succeeded}
12-26 13:28:24.739  1115  1115 D audio_hw_hal: adev_set_parameters, kvpairs=A2dpSuspended=false
12-26 13:28:24.739  1303  1349 D MountService: Thinking about reset, mSystemReady=true, mDaemonConnected=true
12-26 13:28:24.739  1303  1349 D VoldConnector: SND -> {4 volume reset}
12-26 13:28:24.739  1303  1317 I ActivityManager: Force stopping com.android.providers.media appid=10007 user=-1: vold reset
12-26 13:28:24.739  1303  1350 D VoldConnector: RCV <- {651 emulated 7}
12-26 13:28:24.739  1303  1350 D VoldConnector: RCV <- {659 emulated}
12-26 13:28:24.739  1303  1350 D VoldConnector: RCV <- {650 emulated 2 "" ""}
12-26 13:28:24.740  1303  1350 D VoldConnector: RCV <- {654 emulated emulated}
12-26 13:28:24.740  1303  1350 D VoldConnector: RCV <- {651 emulated 0}
12-26 13:28:24.740  1303  1303 I SystemServer: WebViewFactory preparation
12-26 13:28:24.740  1303  1350 D VoldConnector: RCV <- {200 4 Command succeeded}
12-26 13:28:24.740  1303  1322 V MountService: Found primary storage at VolumeInfo{emulated}:
12-26 13:28:24.740  1303  1322 V MountService:     type=EMULATED diskId=null partGuid=null mountFlags=0 mountUserId=-1 
12-26 13:28:24.740  1303  1322 V MountService:     state=UNMOUNTED 
12-26 13:28:24.740  1303  1322 V MountService:     fsType=null fsUuid=null fsLabel=null 
12-26 13:28:24.740  1303  1322 V MountService:     path=null internalPath=null 
12-26 13:28:24.740  1303  1369 D BluetoothManagerService: Trying to bind to profile: 1, while Bluetooth was disabled
12-26 13:28:24.740  1303  1349 D VoldConnector: SND -> {5 volume user_added 0 0}
12-26 13:28:24.741  1303  1350 D VoldConnector: RCV <- {200 5 Command succeeded}
12-26 13:28:24.741  1303  1369 I chatty  : uid=1000(system) AudioService expire 1 line
12-26 13:28:24.743  1303  1349 D VoldConnector: SND -> {6 volume mount emulated 3 -1}
12-26 13:28:24.743  1303  1350 D VoldConnector: RCV <- {651 emulated 1}
12-26 13:28:24.743  1303  1350 D VoldConnector: RCV <- {656 emulated /data/media}
12-26 13:28:24.743  1303  1350 D VoldConnector: RCV <- {655 emulated /storage/emulated}
12-26 13:28:24.743  1060  1088 V vold    : Waiting for FUSE to spin up...
12-26 13:28:24.744  1115  1371 I AudioFlinger: systemReady
12-26 13:28:24.753  1303  1318 I chatty  : uid=1000(system) android.ui expire 4 lines
12-26 13:28:24.754  1114  1308 I art     : Starting a blocking GC HeapTrim
12-26 13:28:24.756  1387  1387 W sdcard  : Device explicitly enabled sdcardfs
12-26 13:28:24.763  1303  1394 I chatty  : uid=1000(system) SoundPoolThread expire 1 line
12-26 13:28:24.764  1303  1303 I ActivityManager: Start proc 1389:WebViewLoader-x86/1037 [android.webkit.WebViewFactory$RelroFileCreator] for 
12-26 13:28:24.768  1122  1122 W linker  : /system/vendor/lib/libavcodec.so has text relocations. This is wasting memory and prevents security hardening. Please fix.
12-26 13:28:24.771  1122  1122 W linker  : /system/vendor/lib/libavutil.so has text relocations. This is wasting memory and prevents security hardening. Please fix.
12-26 13:28:24.771  1122  1122 W linker  : /system/vendor/lib/libswresample.so has text relocations. This is wasting memory and prevents security hardening. Please fix.
12-26 13:28:24.778  1303  1303 I ActivityManager: Start proc 1397:com.android.systemui/u0a17 for service com.android.systemui/.SystemUIService
12-26 13:28:24.779  1303  1303 I NetworkManagement: not enabling bandwidth control
12-26 13:28:24.783  1389  1389 D libnativebridge: call UnloadNativeBridge! state=1
12-26 13:28:24.783  1303  1403 I chatty  : uid=1000 system_server expire 3 lines
12-26 13:28:24.788  1123  1123 I MediaPlayerService: MediaPlayerService::getOMX
12-26 13:28:24.792  1397  1397 D libnativebridge: call UnloadNativeBridge! state=1
12-26 13:28:24.794  1303  1350 D VoldConnector: RCV <- {651 emulated 2}
12-26 13:28:24.794  1303  1350 D VoldConnector: RCV <- {200 6 Command succeeded}
12-26 13:28:24.795  1123  1123 W linker  : /system/vendor/lib/libavcodec.so has text relocations. This is wasting memory and prevents security hardening. Please fix.
12-26 13:28:24.797  1123  1123 W linker  : /system/vendor/lib/libavutil.so has text relocations. This is wasting memory and prevents security hardening. Please fix.
12-26 13:28:24.797  1123  1123 W linker  : /system/vendor/lib/libswresample.so has text relocations. This is wasting memory and prevents security hardening. Please fix.
12-26 13:28:24.797  1123  1123 W linker  : /system/vendor/lib/libswscale.so has text relocations. This is wasting memory and prevents security hardening. Please fix.
12-26 13:28:24.801  1120  1120 W linker  : /system/vendor/lib/libavcodec.so has text relocations. This is wasting memory and prevents security hardening. Please fix.
12-26 13:28:24.803  1120  1120 W linker  : /system/vendor/lib/libavutil.so has text relocations. This is wasting memory and prevents security hardening. Please fix.
12-26 13:28:24.810  1120  1120 W linker  : /system/vendor/lib/libswresample.so has text relocations. This is wasting memory and prevents security hardening. Please fix.
12-26 13:28:24.811  1120  1120 W linker  : /system/vendor/lib/libswscale.so has text relocations. This is wasting memory and prevents security hardening. Please fix.
12-26 13:28:24.814  1123  1123 I OMXClient: MuxOMX ctor
12-26 13:28:24.816  1123  1123 I MediaPlayerService: MediaPlayerService::getOMX
12-26 13:28:24.817  1123  1123 I OMXClient: MuxOMX ctor
12-26 13:28:24.817  1120  1120 I OMXMaster: makeComponentInstance(OMX.ffmpeg.aac.decoder) in mediacodec process
12-26 13:28:24.817  1120  1120 V FFmpegOMXPlugin: makeComponentInstance 'OMX.ffmpeg.aac.decoder'
12-26 13:28:24.817  1120  1120 D SoftFFmpegAudio: SoftFFmpegAudio component: OMX.ffmpeg.aac.decoder mCodingType: 21
12-26 13:28:24.833  1120  1120 E OMXNodeInstance: getParameter(4600001:ffmpeg.aac.decoder, ??(0x6f400005)) ERROR: UnsupportedIndex(0x8000101a)
12-26 13:28:24.833  1123  1123 W ACodec  : component OMX.ffmpeg.aac.decoder doesn't support profile query.
12-26 13:28:24.833  1123  1123 I MediaPlayerService: MediaPlayerService::getOMX
12-26 13:28:24.834  1123  1123 I OMXClient: MuxOMX ctor
12-26 13:28:24.834  1120  1158 I OMXMaster: makeComponentInstance(OMX.ffmpeg.ac3.decoder) in mediacodec process
12-26 13:28:24.834  1120  1158 V FFmpegOMXPlugin: makeComponentInstance 'OMX.ffmpeg.ac3.decoder'
12-26 13:28:24.834  1120  1158 D SoftFFmpegAudio: SoftFFmpegAudio component: OMX.ffmpeg.ac3.decoder mCodingType: 2130706434
12-26 13:28:24.835  1123  1123 I MediaPlayerService: MediaPlayerService::getOMX
12-26 13:28:24.835  1123  1123 I OMXClient: MuxOMX ctor
12-26 13:28:24.835  1120  1158 I OMXMaster: makeComponentInstance(OMX.ffmpeg.alac.decoder) in mediacodec process
12-26 13:28:24.835  1120  1158 V FFmpegOMXPlugin: makeComponentInstance 'OMX.ffmpeg.alac.decoder'
12-26 13:28:24.835  1120  1158 D SoftFFmpegAudio: SoftFFmpegAudio component: OMX.ffmpeg.alac.decoder mCodingType: 2130706437
12-26 13:28:24.836  1123  1123 I MediaPlayerService: MediaPlayerService::getOMX
12-26 13:28:24.836  1123  1123 I OMXClient: MuxOMX ctor
12-26 13:28:24.836  1120  1158 I OMXMaster: makeComponentInstance(OMX.ffmpeg.ape.decoder) in mediacodec process
12-26 13:28:24.836  1120  1158 V FFmpegOMXPlugin: makeComponentInstance 'OMX.ffmpeg.ape.decoder'
12-26 13:28:24.836  1120  1158 D SoftFFmpegAudio: SoftFFmpegAudio component: OMX.ffmpeg.ape.decoder mCodingType: 2130706435
12-26 13:28:24.837  1123  1123 I MediaPlayerService: MediaPlayerService::getOMX
12-26 13:28:24.837  1123  1123 I OMXClient: MuxOMX ctor
12-26 13:28:24.837  1120  1158 I OMXMaster: makeComponentInstance(OMX.ffmpeg.atrial.decoder) in mediacodec process
12-26 13:28:24.837  1120  1158 V FFmpegOMXPlugin: makeComponentInstance 'OMX.ffmpeg.atrial.decoder'
12-26 13:28:24.837  1120  1158 D SoftFFmpegAudio: SoftFFmpegAudio component: OMX.ffmpeg.atrial.decoder mCodingType: 1
12-26 13:28:24.838  1123  1123 I MediaPlayerService: MediaPlayerService::getOMX
12-26 13:28:24.838  1123  1123 I OMXClient: MuxOMX ctor
12-26 13:28:24.838  1120  1158 I OMXMaster: makeComponentInstance(OMX.ffmpeg.dts.decoder) in mediacodec process
12-26 13:28:24.838  1120  1158 V FFmpegOMXPlugin: makeComponentInstance 'OMX.ffmpeg.dts.decoder'
12-26 13:28:24.838  1120  1158 D SoftFFmpegAudio: SoftFFmpegAudio component: OMX.ffmpeg.dts.decoder mCodingType: 2130706436
12-26 13:28:24.839  1123  1123 W MediaCodecList: ignoring Limit specified outside of a Type
12-26 13:28:24.839  1123  1123 W MediaCodecList: ignoring Limit specified outside of a Type
12-26 13:28:24.839  1123  1123 I MediaPlayerService: MediaPlayerService::getOMX
12-26 13:28:24.839  1123  1123 I OMXClient: MuxOMX ctor
12-26 13:28:24.839  1120  1158 I OMXMaster: makeComponentInstance(OMX.ffmpeg.flac.decoder) in mediacodec process
12-26 13:28:24.839  1120  1158 V FFmpegOMXPlugin: makeComponentInstance 'OMX.ffmpeg.flac.decoder'
12-26 13:28:24.839  1120  1158 D SoftFFmpegAudio: SoftFFmpegAudio component: OMX.ffmpeg.flac.decoder mCodingType: 28
12-26 13:28:24.840  1123  1123 I MediaPlayerService: MediaPlayerService::getOMX
12-26 13:28:24.840  1123  1123 I OMXClient: MuxOMX ctor
12-26 13:28:24.840  1120  1158 I OMXMaster: makeComponentInstance(OMX.ffmpeg.mp2.decoder) in mediacodec process
12-26 13:28:24.840  1120  1158 V FFmpegOMXPlugin: makeComponentInstance 'OMX.ffmpeg.mp2.decoder'
12-26 13:28:24.840  1120  1158 D SoftFFmpegAudio: SoftFFmpegAudio component: OMX.ffmpeg.mp2.decoder mCodingType: 2130706433
12-26 13:28:24.841  1123  1123 I MediaPlayerService: MediaPlayerService::getOMX
12-26 13:28:24.841  1123  1123 I OMXClient: MuxOMX ctor
12-26 13:28:24.841  1120  1158 I OMXMaster: makeComponentInstance(OMX.ffmpeg.ra.decoder) in mediacodec process
12-26 13:28:24.841  1120  1158 V FFmpegOMXPlugin: makeComponentInstance 'OMX.ffmpeg.ra.decoder'
12-26 13:28:24.841  1120  1158 D SoftFFmpegAudio: SoftFFmpegAudio component: OMX.ffmpeg.ra.decoder mCodingType: 26
12-26 13:28:24.842  1123  1123 I MediaPlayerService: MediaPlayerService::getOMX
12-26 13:28:24.842  1123  1123 I OMXClient: MuxOMX ctor
12-26 13:28:24.842  1120  1158 I OMXMaster: makeComponentInstance(OMX.ffmpeg.vorbis.decoder) in mediacodec process
12-26 13:28:24.842  1120  1158 V FFmpegOMXPlugin: makeComponentInstance 'OMX.ffmpeg.vorbis.decoder'
12-26 13:28:24.842  1120  1158 D SoftFFmpegAudio: SoftFFmpegAudio component: OMX.ffmpeg.vorbis.decoder mCodingType: 24
12-26 13:28:24.842  1123  1123 I MediaPlayerService: MediaPlayerService::getOMX
12-26 13:28:24.843  1123  1123 I OMXClient: MuxOMX ctor
12-26 13:28:24.843  1120  1158 I OMXMaster: makeComponentInstance(OMX.ffmpeg.wma.decoder) in mediacodec process
12-26 13:28:24.843  1120  1158 V FFmpegOMXPlugin: makeComponentInstance 'OMX.ffmpeg.wma.decoder'
12-26 13:28:24.843  1120  1158 D SoftFFmpegAudio: SoftFFmpegAudio component: OMX.ffmpeg.wma.decoder mCodingType: 25
12-26 13:28:24.844  1123  1123 I MediaPlayerService: MediaPlayerService::getOMX
12-26 13:28:24.844  1123  1123 I OMXClient: MuxOMX ctor
12-26 13:28:24.844  1120  1158 I OMXMaster: makeComponentInstance(OMX.ffmpeg.divx.decoder) in mediacodec process
12-26 13:28:24.844  1120  1158 V FFmpegOMXPlugin: makeComponentInstance 'OMX.ffmpeg.divx.decoder'
12-26 13:28:24.844  1120  1158 D SoftFFmpegVideo: SoftFFmpegVideo component: OMX.ffmpeg.divx.decoder codingType=2130706435 appData: 0xc716f000
12-26 13:28:24.845  1120  1158 D SoftFFmpegVideo: 0xc717f600 initDecoder: 0xc7118000
12-26 13:28:24.853  1120  1120 E OMXNodeInstance: getExtensionIndex(460000c:ffmpeg.divx.decoder, OMX.google.android.index.configureVideoTunnelMode) ERROR: UnsupportedIndex(0x8000101a)
12-26 13:28:24.854  1120  1158 W OMXNodeInstance: [460000c:ffmpeg.divx.decoder] component does not support metadata mode; using fallback
12-26 13:28:24.854  1120  1158 D SoftFFmpegVideo: 0xc717f600 deInitDecoder: 0xc7118000
12-26 13:28:24.855  1123  1123 I MediaPlayerService: MediaPlayerService::getOMX
12-26 13:28:24.855  1123  1123 I OMXClient: MuxOMX ctor
12-26 13:28:24.855  1120  1158 I OMXMaster: makeComponentInstance(OMX.ffmpeg.flv1.decoder) in mediacodec process
12-26 13:28:24.855  1120  1158 V FFmpegOMXPlugin: makeComponentInstance 'OMX.ffmpeg.flv1.decoder'
12-26 13:28:24.855  1120  1158 D SoftFFmpegVideo: SoftFFmpegVideo component: OMX.ffmpeg.flv1.decoder codingType=2130706434 appData: 0xc716f000
12-26 13:28:24.855  1120  1158 D SoftFFmpegVideo: 0xc717f600 initDecoder: 0xc7118000
12-26 13:28:24.856  1120  1120 E OMXNodeInstance: getExtensionIndex(460000d:ffmpeg.flv1.decoder, OMX.google.android.index.configureVideoTunnelMode) ERROR: UnsupportedIndex(0x8000101a)
12-26 13:28:24.856  1120  1158 W OMXNodeInstance: [460000d:ffmpeg.flv1.decoder] component does not support metadata mode; using fallback
12-26 13:28:24.856  1120  1158 D SoftFFmpegVideo: 0xc717f600 deInitDecoder: 0xc7118000
12-26 13:28:24.857  1123  1123 I MediaPlayerService: MediaPlayerService::getOMX
12-26 13:28:24.857  1123  1123 I OMXClient: MuxOMX ctor
12-26 13:28:24.857  1120  1158 I OMXMaster: makeComponentInstance(OMX.ffmpeg.mpeg2.decoder) in mediacodec process
12-26 13:28:24.857  1120  1158 V FFmpegOMXPlugin: makeComponentInstance 'OMX.ffmpeg.mpeg2.decoder'
12-26 13:28:24.857  1120  1158 D SoftFFmpegVideo: SoftFFmpegVideo component: OMX.ffmpeg.mpeg2.decoder codingType=2 appData: 0xc716f000
12-26 13:28:24.857  1120  1158 D SoftFFmpegVideo: 0xc717f600 initDecoder: 0xc7118000
12-26 13:28:24.857  1120  1120 E OMXNodeInstance: getExtensionIndex(460000e:ffmpeg.mpeg2.decoder, OMX.google.android.index.configureVideoTunnelMode) ERROR: UnsupportedIndex(0x8000101a)
12-26 13:28:24.858  1120  1158 W OMXNodeInstance: [460000e:ffmpeg.mpeg2.decoder] component does not support metadata mode; using fallback
12-26 13:28:24.858  1120  1158 D SoftFFmpegVideo: 0xc717f600 deInitDecoder: 0xc7118000
12-26 13:28:24.858  1123  1123 I MediaPlayerService: MediaPlayerService::getOMX
12-26 13:28:24.858  1123  1123 I OMXClient: MuxOMX ctor
12-26 13:28:24.858  1120  1158 I OMXMaster: makeComponentInstance(OMX.ffmpeg.mpeg4.decoder) in mediacodec process
12-26 13:28:24.858  1120  1158 V FFmpegOMXPlugin: makeComponentInstance 'OMX.ffmpeg.mpeg4.decoder'
12-26 13:28:24.858  1120  1158 D SoftFFmpegVideo: SoftFFmpegVideo component: OMX.ffmpeg.mpeg4.decoder codingType=4 appData: 0xc716f000
12-26 13:28:24.858  1120  1158 D SoftFFmpegVideo: 0xc717f600 initDecoder: 0xc7118000
12-26 13:28:24.859  1120  1120 E OMXNodeInstance: getExtensionIndex(460000f:ffmpeg.mpeg4.decoder, OMX.google.android.index.configureVideoTunnelMode) ERROR: UnsupportedIndex(0x8000101a)
12-26 13:28:24.859  1120  1158 W OMXNodeInstance: [460000f:ffmpeg.mpeg4.decoder] component does not support metadata mode; using fallback
12-26 13:28:24.862  1120  1158 D SoftFFmpegVideo: 0xc717f600 deInitDecoder: 0xc7118000
12-26 13:28:24.862  1123  1123 I MediaPlayerService: MediaPlayerService::getOMX
12-26 13:28:24.862  1123  1123 I OMXClient: MuxOMX ctor
12-26 13:28:24.862  1120  1158 I OMXMaster: makeComponentInstance(OMX.ffmpeg.h263.decoder) in mediacodec process
12-26 13:28:24.862  1120  1158 V FFmpegOMXPlugin: makeComponentInstance 'OMX.ffmpeg.h263.decoder'
12-26 13:28:24.862  1120  1158 D SoftFFmpegVideo: SoftFFmpegVideo component: OMX.ffmpeg.h263.decoder codingType=3 appData: 0xc716f000
12-26 13:28:24.862  1120  1158 D SoftFFmpegVideo: 0xc717f600 initDecoder: 0xc7118000
12-26 13:28:24.863  1120  1120 E OMXNodeInstance: getExtensionIndex(4600010:ffmpeg.h263.decoder, OMX.google.android.index.configureVideoTunnelMode) ERROR: UnsupportedIndex(0x8000101a)
12-26 13:28:24.863  1120  1158 W OMXNodeInstance: [4600010:ffmpeg.h263.decoder] component does not support metadata mode; using fallback
12-26 13:28:24.863  1120  1158 D SoftFFmpegVideo: 0xc717f600 deInitDecoder: 0xc7118000
12-26 13:28:24.863  1123  1123 I MediaPlayerService: MediaPlayerService::getOMX
12-26 13:28:24.863  1123  1123 I OMXClient: MuxOMX ctor
12-26 13:28:24.863  1120  1158 I OMXMaster: makeComponentInstance(OMX.ffmpeg.hevc.decoder) in mediacodec process
12-26 13:28:24.863  1120  1158 V FFmpegOMXPlugin: makeComponentInstance 'OMX.ffmpeg.hevc.decoder'
12-26 13:28:24.863  1120  1158 D SoftFFmpegVideo: SoftFFmpegVideo component: OMX.ffmpeg.hevc.decoder codingType=11 appData: 0xc716f000
12-26 13:28:24.864  1120  1158 D SoftFFmpegVideo: 0xc717f600 initDecoder: 0xc7118000
12-26 13:28:24.864  1120  1120 E OMXNodeInstance: getExtensionIndex(4600011:ffmpeg.hevc.decoder, OMX.google.android.index.configureVideoTunnelMode) ERROR: UnsupportedIndex(0x8000101a)
12-26 13:28:24.864  1120  1158 W OMXNodeInstance: [4600011:ffmpeg.hevc.decoder] component does not support metadata mode; using fallback
12-26 13:28:24.864  1120  1158 D SoftFFmpegVideo: 0xc717f600 deInitDecoder: 0xc7118000
12-26 13:28:24.865  1123  1123 I MediaPlayerService: MediaPlayerService::getOMX
12-26 13:28:24.865  1123  1123 I OMXClient: MuxOMX ctor
12-26 13:28:24.865  1120  1158 I OMXMaster: makeComponentInstance(OMX.ffmpeg.vp8.decoder) in mediacodec process
12-26 13:28:24.865  1120  1158 V FFmpegOMXPlugin: makeComponentInstance 'OMX.ffmpeg.vp8.decoder'
12-26 13:28:24.865  1120  1158 D SoftFFmpegVideo: SoftFFmpegVideo component: OMX.ffmpeg.vp8.decoder codingType=9 appData: 0xc716f000
12-26 13:28:24.865  1120  1158 D SoftFFmpegVideo: 0xc717f600 initDecoder: 0xc7118000
12-26 13:28:24.865  1120  1120 E OMXNodeInstance: getExtensionIndex(4600012:ffmpeg.vp8.decoder, OMX.google.android.index.configureVideoTunnelMode) ERROR: UnsupportedIndex(0x8000101a)
12-26 13:28:24.865  1120  1158 W OMXNodeInstance: [4600012:ffmpeg.vp8.decoder] component does not support metadata mode; using fallback
12-26 13:28:24.865  1120  1158 D SoftFFmpegVideo: 0xc717f600 deInitDecoder: 0xc7118000
12-26 13:28:24.866  1123  1123 I MediaPlayerService: MediaPlayerService::getOMX
12-26 13:28:24.866  1123  1123 I OMXClient: MuxOMX ctor
12-26 13:28:24.866  1120  1158 I OMXMaster: makeComponentInstance(OMX.ffmpeg.rv.decoder) in mediacodec process
12-26 13:28:24.866  1120  1158 V FFmpegOMXPlugin: makeComponentInstance 'OMX.ffmpeg.rv.decoder'
12-26 13:28:24.866  1120  1158 D SoftFFmpegVideo: SoftFFmpegVideo component: OMX.ffmpeg.rv.decoder codingType=6 appData: 0xc716f000
12-26 13:28:24.866  1120  1158 D SoftFFmpegVideo: 0xc717f600 initDecoder: 0xc7118000
12-26 13:28:24.866  1120  1120 E OMXNodeInstance: getExtensionIndex(4600013:ffmpeg.rv.decoder, OMX.google.android.index.configureVideoTunnelMode) ERROR: UnsupportedIndex(0x8000101a)
12-26 13:28:24.866  1120  1158 W OMXNodeInstance: [4600013:ffmpeg.rv.decoder] component does not support metadata mode; using fallback
12-26 13:28:24.866  1120  1158 D SoftFFmpegVideo: 0xc717f600 deInitDecoder: 0xc7118000
12-26 13:28:24.866  1123  1123 I MediaPlayerService: MediaPlayerService::getOMX
12-26 13:28:24.867  1123  1123 I OMXClient: MuxOMX ctor
12-26 13:28:24.867  1120  1158 I OMXMaster: makeComponentInstance(OMX.ffmpeg.vc1.decoder) in mediacodec process
12-26 13:28:24.867  1120  1158 V FFmpegOMXPlugin: makeComponentInstance 'OMX.ffmpeg.vc1.decoder'
12-26 13:28:24.867  1120  1158 D SoftFFmpegVideo: SoftFFmpegVideo component: OMX.ffmpeg.vc1.decoder codingType=2130706433 appData: 0xc716f000
12-26 13:28:24.867  1120  1158 D SoftFFmpegVideo: 0xc717f600 initDecoder: 0xc7118000
12-26 13:28:24.867  1120  1120 E OMXNodeInstance: getExtensionIndex(4600014:ffmpeg.vc1.decoder, OMX.google.android.index.configureVideoTunnelMode) ERROR: UnsupportedIndex(0x8000101a)
12-26 13:28:24.867  1120  1158 W OMXNodeInstance: [4600014:ffmpeg.vc1.decoder] component does not support metadata mode; using fallback
12-26 13:28:24.868  1120  1158 D SoftFFmpegVideo: 0xc717f600 deInitDecoder: 0xc7118000
12-26 13:28:24.868  1123  1123 I MediaPlayerService: MediaPlayerService::getOMX
12-26 13:28:24.868  1123  1123 I OMXClient: MuxOMX ctor
12-26 13:28:24.868  1120  1158 I OMXMaster: makeComponentInstance(OMX.ffmpeg.vtrial.decoder) in mediacodec process
12-26 13:28:24.868  1120  1158 V FFmpegOMXPlugin: makeComponentInstance 'OMX.ffmpeg.vtrial.decoder'
12-26 13:28:24.869  1120  1158 D SoftFFmpegVideo: SoftFFmpegVideo component: OMX.ffmpeg.vtrial.decoder codingType=1 appData: 0xc716f000
12-26 13:28:24.869  1120  1158 D SoftFFmpegVideo: 0xc717f600 initDecoder: 0xc7118000
12-26 13:28:24.870  1120  1120 E OMXNodeInstance: getExtensionIndex(4600015:ffmpeg.vtrial.decoder, OMX.google.android.index.configureVideoTunnelMode) ERROR: UnsupportedIndex(0x8000101a)
12-26 13:28:24.870  1120  1158 W OMXNodeInstance: [4600015:ffmpeg.vtrial.decoder] component does not support metadata mode; using fallback
12-26 13:28:24.870  1120  1158 D SoftFFmpegVideo: 0xc717f600 deInitDecoder: 0xc7118000
12-26 13:28:24.870  1123  1123 I MediaPlayerService: MediaPlayerService::getOMX
12-26 13:28:24.870  1123  1123 I OMXClient: MuxOMX ctor
12-26 13:28:24.870  1120  1455 I OMXMaster: makeComponentInstance(OMX.ffmpeg.wmv.decoder) in mediacodec process
12-26 13:28:24.870  1120  1455 V FFmpegOMXPlugin: makeComponentInstance 'OMX.ffmpeg.wmv.decoder'
12-26 13:28:24.870  1120  1455 D SoftFFmpegVideo: SoftFFmpegVideo component: OMX.ffmpeg.wmv.decoder codingType=5 appData: 0xc716f380
12-26 13:28:24.870  1120  1455 D SoftFFmpegVideo: 0xc717fe00 initDecoder: 0xc711a800
12-26 13:28:24.870  1120  1451 E OMXNodeInstance: getExtensionIndex(4600016:ffmpeg.wmv.decoder, OMX.google.android.index.configureVideoTunnelMode) ERROR: UnsupportedIndex(0x8000101a)
12-26 13:28:24.870  1120  1455 W OMXNodeInstance: [4600016:ffmpeg.wmv.decoder] component does not support metadata mode; using fallback
12-26 13:28:24.871  1120  1455 D SoftFFmpegVideo: 0xc717fe00 deInitDecoder: 0xc711a800
12-26 13:28:24.871  1389  1389 V WebViewFactory: RelroFileCreator (64bit = false),  32-bit lib: /system/app/Chrome/Chrome.apk!/lib/x86/libmonochrome.so, 64-bit lib: 
12-26 13:28:24.872  1123  1123 I MediaPlayerService: MediaPlayerService::getOMX
12-26 13:28:24.872  1123  1123 I OMXClient: MuxOMX ctor
12-26 13:28:24.872  1120  1158 I OMXMaster: makeComponentInstance(OMX.google.mp3.decoder) in mediacodec process
12-26 13:28:24.879  1123  1123 I MediaPlayerService: MediaPlayerService::getOMX
12-26 13:28:24.879  1123  1123 I OMXClient: MuxOMX ctor
12-26 13:28:24.879  1120  1158 I OMXMaster: makeComponentInstance(OMX.google.amrnb.decoder) in mediacodec process
12-26 13:28:24.882  1123  1123 I MediaPlayerService: MediaPlayerService::getOMX
12-26 13:28:24.882  1123  1123 I OMXClient: MuxOMX ctor
12-26 13:28:24.882  1120  1451 I OMXMaster: makeComponentInstance(OMX.google.amrwb.decoder) in mediacodec process
12-26 13:28:24.883  1123  1123 I MediaPlayerService: MediaPlayerService::getOMX
12-26 13:28:24.883  1123  1123 I OMXClient: MuxOMX ctor
12-26 13:28:24.883  1120  1158 I OMXMaster: makeComponentInstance(OMX.google.aac.decoder) in mediacodec process
12-26 13:28:24.886  1123  1123 I MediaPlayerService: MediaPlayerService::getOMX
12-26 13:28:24.886  1123  1123 I OMXClient: MuxOMX ctor
12-26 13:28:24.886  1120  1455 I OMXMaster: makeComponentInstance(OMX.google.g711.alaw.decoder) in mediacodec process
12-26 13:28:24.888  1123  1123 I MediaPlayerService: MediaPlayerService::getOMX
12-26 13:28:24.888  1123  1123 I OMXClient: MuxOMX ctor
12-26 13:28:24.888  1120  1455 I OMXMaster: makeComponentInstance(OMX.google.g711.mlaw.decoder) in mediacodec process
12-26 13:28:24.888  1123  1123 I MediaPlayerService: MediaPlayerService::getOMX
12-26 13:28:24.888  1123  1123 I OMXClient: MuxOMX ctor
12-26 13:28:24.888  1120  1158 I OMXMaster: makeComponentInstance(OMX.google.vorbis.decoder) in mediacodec process
12-26 13:28:24.890  1123  1123 I MediaPlayerService: MediaPlayerService::getOMX
12-26 13:28:24.890  1123  1123 I OMXClient: MuxOMX ctor
12-26 13:28:24.890  1120  1158 I OMXMaster: makeComponentInstance(OMX.google.opus.decoder) in mediacodec process
12-26 13:28:24.891  1123  1123 I MediaPlayerService: MediaPlayerService::getOMX
12-26 13:28:24.891  1123  1123 I OMXClient: MuxOMX ctor
12-26 13:28:24.891  1120  1158 I OMXMaster: makeComponentInstance(OMX.google.raw.decoder) in mediacodec process
12-26 13:28:24.893  1123  1123 I MediaPlayerService: MediaPlayerService::getOMX
12-26 13:28:24.893  1123  1123 I OMXClient: MuxOMX ctor
12-26 13:28:24.893  1120  1158 I OMXMaster: makeComponentInstance(OMX.google.aac.encoder) in mediacodec process
12-26 13:28:24.896  1123  1123 I MediaPlayerService: MediaPlayerService::getOMX
12-26 13:28:24.896  1123  1123 I OMXClient: MuxOMX ctor
12-26 13:28:24.896  1120  1455 I OMXMaster: makeComponentInstance(OMX.google.amrnb.encoder) in mediacodec process
12-26 13:28:24.898  1123  1123 I MediaPlayerService: MediaPlayerService::getOMX
12-26 13:28:24.898  1123  1123 I OMXClient: MuxOMX ctor
12-26 13:28:24.898  1120  1455 I OMXMaster: makeComponentInstance(OMX.google.amrwb.encoder) in mediacodec process
12-26 13:28:24.899  1123  1123 I MediaPlayerService: MediaPlayerService::getOMX
12-26 13:28:24.900  1123  1123 I OMXClient: MuxOMX ctor
12-26 13:28:24.900  1120  1455 I OMXMaster: makeComponentInstance(OMX.google.flac.encoder) in mediacodec process
12-26 13:28:24.907  1123  1123 I MediaPlayerService: MediaPlayerService::getOMX
12-26 13:28:24.908  1123  1123 I OMXClient: MuxOMX ctor
12-26 13:28:24.908  1120  1455 I OMXMaster: makeComponentInstance(OMX.google.mpeg4.decoder) in mediacodec process
12-26 13:28:24.917  1120  1455 E OMXNodeInstance: getExtensionIndex(4600024:google.mpeg4.decoder, OMX.google.android.index.configureVideoTunnelMode) ERROR: UnsupportedIndex(0x8000101a)
12-26 13:28:24.917  1120  1120 W OMXNodeInstance: [4600024:google.mpeg4.decoder] component does not support metadata mode; using fallback
12-26 13:28:24.918  1123  1123 I MediaPlayerService: MediaPlayerService::getOMX
12-26 13:28:24.918  1123  1123 I OMXClient: MuxOMX ctor
12-26 13:28:24.918  1120  1120 I OMXMaster: makeComponentInstance(OMX.google.h263.decoder) in mediacodec process
12-26 13:28:24.920  1120  1455 E OMXNodeInstance: getExtensionIndex(4600025:google.h263.decoder, OMX.google.android.index.configureVideoTunnelMode) ERROR: UnsupportedIndex(0x8000101a)
12-26 13:28:24.920  1120  1120 W OMXNodeInstance: [4600025:google.h263.decoder] component does not support metadata mode; using fallback
12-26 13:28:24.921  1123  1123 I MediaPlayerService: MediaPlayerService::getOMX
12-26 13:28:24.921  1123  1123 I OMXClient: MuxOMX ctor
12-26 13:28:24.921  1120  1120 I OMXMaster: makeComponentInstance(OMX.google.h264.decoder) in mediacodec process
12-26 13:28:24.924  1123  1123 W ACodec  : [OMX.google.h264.decoder] stopping checking profiles after 32: 2/8000
12-26 13:28:24.924  1120  1455 E OMXNodeInstance: getExtensionIndex(4600026:google.h264.decoder, OMX.google.android.index.configureVideoTunnelMode) ERROR: UnsupportedIndex(0x8000101a)
12-26 13:28:24.924  1120  1120 W OMXNodeInstance: [4600026:google.h264.decoder] component does not support metadata mode; using fallback
12-26 13:28:24.924  1123  1123 I MediaPlayerService: MediaPlayerService::getOMX
12-26 13:28:24.924  1123  1123 I OMXClient: MuxOMX ctor
12-26 13:28:24.924  1120  1120 I OMXMaster: makeComponentInstance(OMX.qcom.video.decoder.avc) in mediacodec process
12-26 13:28:24.927  1303  1303 W NetworkStats: bandwidth controls disabled, unable to track stats
12-26 13:28:24.927  1303  1303 W NetworkPolicy: bandwidth controls disabled, unable to enforce policy
12-26 13:28:24.929  1123  1123 W ACodec  : [OMX.qcom.video.decoder.avc] stopping checking profiles after 32: 2/8000
12-26 13:28:24.929  1120  1455 E OMXNodeInstance: getExtensionIndex(4600027:qcom.decoder.avc, OMX.google.android.index.configureVideoTunnelMode) ERROR: UnsupportedIndex(0x8000101a)
12-26 13:28:24.929  1120  1120 W OMXNodeInstance: [4600027:qcom.decoder.avc] component does not support metadata mode; using fallback
12-26 13:28:24.930  1303  1384 I chatty  : uid=1000 system_server expire 4 lines
12-26 13:28:24.930  1123  1123 I MediaPlayerService: MediaPlayerService::getOMX
12-26 13:28:24.931  1303  1303 I SystemServiceManager: Starting phase 600
12-26 13:28:24.931  1123  1123 I OMXClient: MuxOMX ctor
12-26 13:28:24.932  1120  1158 I OMXMaster: makeComponentInstance(OMX.google.hevc.decoder) in mediacodec process
12-26 13:28:24.932  1303  1377 D NetworkManagement: do setInterfaceConfig: eth0 cfg=mHwAddr=null mAddr=172.16.1.15/24 mFlags=[]
12-26 13:28:24.932  1124  1300 D CommandListener: Setting iface cfg
12-26 13:28:24.936  1303  1303 D SensorNotificationService: Cannot obtain dynamic meta sensor, not supported.
12-26 13:28:24.936  1303  1384 D DhcpClient: Scheduling renewal in 43199s
12-26 13:28:24.936  1303  1384 D DhcpClient: Scheduling rebind in 75599s
12-26 13:28:24.936  1303  1384 D DhcpClient: Scheduling expiry in 86399s
12-26 13:28:24.938  1120  1158 E OMXNodeInstance: getExtensionIndex(4600028:google.hevc.decoder, OMX.google.android.index.configureVideoTunnelMode) ERROR: UnsupportedIndex(0x8000101a)
12-26 13:28:24.938  1120  1120 W OMXNodeInstance: [4600028:google.hevc.decoder] component does not support metadata mode; using fallback
12-26 13:28:24.938  1123  1123 I MediaPlayerService: MediaPlayerService::getOMX
12-26 13:28:24.939  1123  1123 I OMXClient: MuxOMX ctor
12-26 13:28:24.939  1120  1120 I OMXMaster: makeComponentInstance(OMX.google.vp8.decoder) in mediacodec process
12-26 13:28:24.942  1120  1158 E OMXNodeInstance: getExtensionIndex(4600029:google.vp8.decoder, OMX.google.android.index.configureVideoTunnelMode) ERROR: UnsupportedIndex(0x8000101a)
12-26 13:28:24.942  1120  1120 W OMXNodeInstance: [4600029:google.vp8.decoder] component does not support metadata mode; using fallback
12-26 13:28:24.943  1123  1123 I MediaPlayerService: MediaPlayerService::getOMX
12-26 13:28:24.943  1123  1123 I OMXClient: MuxOMX ctor
12-26 13:28:24.943  1120  1120 I OMXMaster: makeComponentInstance(OMX.google.vp9.decoder) in mediacodec process
12-26 13:28:24.944  1120  1120 E OMXNodeInstance: getExtensionIndex(460002a:google.vp9.decoder, OMX.google.android.index.configureVideoTunnelMode) ERROR: UnsupportedIndex(0x8000101a)
12-26 13:28:24.944  1120  1451 W OMXNodeInstance: [460002a:google.vp9.decoder] component does not support metadata mode; using fallback
12-26 13:28:24.945  1123  1123 I MediaPlayerService: MediaPlayerService::getOMX
12-26 13:28:24.945  1123  1123 I OMXClient: MuxOMX ctor
12-26 13:28:24.945  1120  1451 I OMXMaster: makeComponentInstance(OMX.google.h263.encoder) in mediacodec process
12-26 13:28:24.947  1120  1451 I SoftMPEG4Encoder: Construct SoftMPEG4Encoder
12-26 13:28:24.948  1123  1123 W ACodec  : do not know color format 0x7f000789 = 2130708361
12-26 13:28:24.948  1120  1158 E OMXNodeInstance: getConfig(460002b:google.h263.encoder, ConfigAndroidIntraRefresh(0x6f60000a)) ERROR: Undefined(0x80001001)
12-26 13:28:24.949  1123  1123 I MediaPlayerService: MediaPlayerService::getOMX
12-26 13:28:24.949  1123  1123 I OMXClient: MuxOMX ctor
12-26 13:28:24.949  1120  1455 I OMXMaster: makeComponentInstance(OMX.google.h264.encoder) in mediacodec process
12-26 13:28:24.955  1123  1123 W ACodec  : do not know color format 0x7f000789 = 2130708361
12-26 13:28:24.956  1123  1123 I MediaPlayerService: MediaPlayerService::getOMX
12-26 13:28:24.956  1123  1123 I OMXClient: MuxOMX ctor
12-26 13:28:24.956  1120  1120 I OMXMaster: makeComponentInstance(OMX.google.mpeg4.encoder) in mediacodec process
12-26 13:28:24.956  1120  1120 I SoftMPEG4Encoder: Construct SoftMPEG4Encoder
12-26 13:28:24.957  1123  1123 W ACodec  : do not know color format 0x7f000789 = 2130708361
12-26 13:28:24.958  1120  1455 E OMXNodeInstance: getConfig(460002d:google.mpeg4.encoder, ConfigAndroidIntraRefresh(0x6f60000a)) ERROR: Undefined(0x80001001)
12-26 13:28:24.958  1123  1123 I MediaPlayerService: MediaPlayerService::getOMX
12-26 13:28:24.958  1123  1123 I OMXClient: MuxOMX ctor
12-26 13:28:24.958  1120  1451 I OMXMaster: makeComponentInstance(OMX.google.vp8.encoder) in mediacodec process
12-26 13:28:24.964  1123  1123 W ACodec  : do not know color format 0x7f000789 = 2130708361
12-26 13:28:24.964  1120  1455 E OMXNodeInstance: getConfig(460002e:google.vp8.encoder, ConfigAndroidIntraRefresh(0x6f60000a)) ERROR: Undefined(0x80001001)
12-26 13:28:24.964  1123  1123 I MediaPlayerService: MediaPlayerService::getOMX
12-26 13:28:24.964  1123  1123 I OMXClient: MuxOMX ctor
12-26 13:28:24.964  1123  1123 W MediaCodecList: unable to open media codecs configuration xml file: /etc/media_codecs_performance.xml
12-26 13:28:24.964  1123  1123 I MediaPlayerService: MediaPlayerService::getOMX
12-26 13:28:24.965  1123  1123 I OMXClient: MuxOMX ctor
12-26 13:28:24.965  1123  1123 W MediaCodecList: unable to open media codecs configuration xml file: /data/misc/media/media_codecs_profiling_results.xml
12-26 13:28:24.965  1123  1407 I MediaPlayerService: MediaPlayerService::getOMX
12-26 13:28:24.965  1303  1404 I OMXClient: MuxOMX ctor
12-26 13:28:24.966  1120  1455 I OMXMaster: makeComponentInstance(OMX.ffmpeg.vorbis.decoder) in mediacodec process
12-26 13:28:24.966  1120  1455 V FFmpegOMXPlugin: makeComponentInstance 'OMX.ffmpeg.vorbis.decoder'
12-26 13:28:24.966  1120  1455 D SoftFFmpegAudio: SoftFFmpegAudio component: OMX.ffmpeg.vorbis.decoder mCodingType: 24
12-26 13:28:24.966  1303  1404 D FFMPEGSoftCodec: No PCM format specified, using 16 bit
12-26 13:28:24.967  1120  1451 D SoftFFmpegAudio: set OMX_IndexParamAudioVorbis, nChannels=2, nSampleRate=44100, nBitRate=0, nMinBitRate=0, nMaxBitRate=0
12-26 13:28:24.980  1303  1376 D ConnectivityService: registerNetworkAgent NetworkAgentInfo{ ni{[type: Ethernet[], state: CONNECTED/CONNECTED, reason: (unspecified), extra: 00:db:f7:06:f3:0e, failover: false, available: true, roaming: false, metered: false]}  network{100}  nethandle{429513165534}  lp{{InterfaceName: eth0 LinkAddresses: [fe80::2db:f7ff:fe06:f30e/64,172.16.1.15/24,]  Routes: [fe80::/64 -> :: eth0,172.16.1.0/24 -> 0.0.0.0 eth0,0.0.0.0/0 -> 172.16.1.2 eth0,] DnsAddresses: [192.168.0.1,] Domains: www.tendawifi.com MTU: 0 TcpBufferSizes: 524288,1048576,3145728,524288,1048576,2097152}}  nc{[ Transports: ETHERNET Capabilities: INTERNET&NOT_RESTRICTED&TRUSTED&NOT_VPN LinkUpBandwidth>=100000Kbps LinkDnBandwidth>=100000Kbps]}  Score{10}  everValidated{false}  lastValidated{false}  created{false} lingering{false} explicitlySelected{false} acceptUnvalidated{false} everCaptivePortalDetected{false} lastCaptivePortalDetected{false} }
12-26 13:28:24.980  1303  1376 D EthernetNetworkFactory: exiting ipProvisioningThread(eth0): mNetworkInfo=[type: Ethernet[], state: CONNECTED/CONNECTED, reason: (unspecified), extra: 00:db:f7:06:f3:0e, failover: false, available: true, roaming: false, metered: false]
12-26 13:28:24.981  1303  1361 D ConnectivityService: NetworkAgentInfo [Ethernet () - 100] EVENT_NETWORK_INFO_CHANGED, going from null to CONNECTED
12-26 13:28:24.981  1303  1361 D ConnectivityService: Adding iface eth0 to network 100
12-26 13:28:24.994  1120  1523 D SoftFFmpegAudio: begin to open ffmpeg audio decoder(vorbis), mCtx sample_rate: 44100, channels: 2
12-26 13:28:24.997  1120  1523 D SoftFFmpegAudio: open ffmpeg audio decoder(vorbis) success, mCtx sample_rate: 44100, channels: 2, sample_fmt: fltp, bits_per_coded_sample: 0, bits_per_raw_sample: 0
12-26 13:28:24.998  1120  1523 I SoftFFmpegAudio: Create sample rate converter for conversion of 44100 Hz fltp 2 channels(stereo) to 44100 Hz s16 2 channels(stereo)!
12-26 13:28:25.000  1120  1523 D SoftFFmpegAudio: ffmpeg audio decoder eos
12-26 13:28:25.000  1120  1523 D SoftFFmpegAudio: ffmpeg audio decoder fill eos outbuf
12-26 13:28:25.012  1303  1303 D gps_hal : GPS dev open_gps
12-26 13:28:25.012  1303  1303 D gps_hal : GPS dev get_hardware_interface
12-26 13:28:25.012  1303  1303 D gps_hal : serial_gps_get_extension: called name=gps-xtra
12-26 13:28:25.012  1303  1303 D gps_hal : serial_gps_get_extension: called name=agps
12-26 13:28:25.012  1303  1303 D gps_hal : serial_gps_get_extension: called name=gps-ni
12-26 13:28:25.012  1303  1303 D gps_hal : serial_gps_get_extension: called name=gps-debug
12-26 13:28:25.012  1303  1303 D gps_hal : serial_gps_get_extension: called name=agps_ril
12-26 13:28:25.012  1303  1303 D gps_hal : serial_gps_get_extension: called name=gps_geofencing
12-26 13:28:25.012  1303  1303 D gps_hal : serial_gps_get_extension: called name=gps_measurement
12-26 13:28:25.012  1303  1303 D gps_hal : serial_gps_get_extension: called name=gps_navigation_message
12-26 13:28:25.012  1303  1303 D gps_hal : serial_gps_get_extension: called name=gnss_configuration
12-26 13:28:25.013  1397  1397 I art     : Starting a blocking GC AddRemoveAppImageSpace
12-26 13:28:25.013  1303  1303 I GnssLocationProvider: WakeLock acquired by sendMessage(13, 0, null)
12-26 13:28:25.013  1397  1397 W System  : ClassLoader referenced unknown path: /system/priv-app/SystemUI/lib/x86
12-26 13:28:25.014  1303  1303 W LocationProviderProxy-network: Odd, no component found for service com.android.location.service.v3.NetworkLocationProvider
12-26 13:28:25.015  1303  1303 W GeocoderProxy: Odd, no component found for service com.android.location.service.GeocodeProvider
12-26 13:28:25.015  1303  1303 E FlpHardwareProvider: Error hw_get_module 'flp': -2
12-26 13:28:25.015  1303  1303 D LocationManagerService: FLP HAL not supported
12-26 13:28:25.016  1303  1303 W GeofenceProxy: Odd, no component found for service com.android.location.service.GeofenceProvider
12-26 13:28:25.016  1303  1303 E ActivityRecognitionHardware: Error hw_get_module: -2
12-26 13:28:25.016  1303  1303 D LocationManagerService: Hardware Activity-Recognition not supported.
12-26 13:28:25.018  1303  1303 W ActivityRecognitionProxy: Odd, no component found for service com.android.location.service.ActivityRecognitionProvider
12-26 13:28:25.019  1303  1303 I GnssLocationProvider: WakeLock acquired by sendMessage(2, 1, null)
12-26 13:28:25.021  1303  1303 I CommonTimeManagementService: No common time service detected on this platform.  Common time services will be unavailable.
12-26 13:28:25.022  1303  1348 I InputReader: Reconfiguring input devices.  changes=0x00000020
12-26 13:28:25.022  1303  1348 I InputReader: Reconfiguring input devices.  changes=0x00000010
12-26 13:28:25.023  1303  1303 I MmsServiceBroker: Delay connecting to MmsService until an API is called
12-26 13:28:25.024  1303  1303 W VoiceInteractionManagerService: no available voice interaction services found for user 0
12-26 13:28:25.024  1303  1303 W VoiceInteractionManagerService: no available voice recognition services found for user 0
12-26 13:28:25.041  1303  1303 I ActivityManager: Start proc 1531:com.android.phone/1001 for added application com.android.phone
12-26 13:28:25.042  1303  1303 I ActivityManager: START u0 {act=android.intent.action.MAIN cat=[android.intent.category.HOME] flg=0x10000100 cmp=com.android.settings/.FallbackHome} from uid 0 on display 0
12-26 13:28:25.044  1303  1361 D ConnectivityService: Setting DNS servers for network 100 to [/192.168.0.1, /119.29.29.29, /114.114.114.114]
12-26 13:28:25.044  1303  1361 D NetworkManagement: do setDnsConfigurationForNetwork netId=100 servers=[192.168.0.1, 119.29.29.29, 114.114.114.114]
12-26 13:28:25.045  1123  1407 I MediaPlayerService: MediaPlayerService::getOMX
12-26 13:28:25.046  1303  1536 I OMXClient: MuxOMX ctor
12-26 13:28:25.046  1531  1531 D libnativebridge: call UnloadNativeBridge! state=1
12-26 13:28:25.046  1120  1158 I OMXMaster: makeComponentInstance(OMX.ffmpeg.vorbis.decoder) in mediacodec process
12-26 13:28:25.046  1120  1158 V FFmpegOMXPlugin: makeComponentInstance 'OMX.ffmpeg.vorbis.decoder'
12-26 13:28:25.047  1120  1158 D SoftFFmpegAudio: SoftFFmpegAudio component: OMX.ffmpeg.vorbis.decoder mCodingType: 24
12-26 13:28:25.047  1303  1536 D FFMPEGSoftCodec: No PCM format specified, using 16 bit
12-26 13:28:25.047  1120  1455 D SoftFFmpegAudio: set OMX_IndexParamAudioVorbis, nChannels=2, nSampleRate=44100, nBitRate=0, nMinBitRate=0, nMaxBitRate=0
12-26 13:28:25.048  1120  1537 D SoftFFmpegAudio: begin to open ffmpeg audio decoder(vorbis), mCtx sample_rate: 44100, channels: 2
12-26 13:28:25.049  1120  1537 D SoftFFmpegAudio: open ffmpeg audio decoder(vorbis) success, mCtx sample_rate: 44100, channels: 2, sample_fmt: fltp, bits_per_coded_sample: 0, bits_per_raw_sample: 0
12-26 13:28:25.050  1120  1537 I SoftFFmpegAudio: Create sample rate converter for conversion of 44100 Hz fltp 2 channels(stereo) to 44100 Hz s16 2 channels(stereo)!
12-26 13:28:25.050  1303  1316 E GnssLocationProvider: no AGPS interface in set_agps_server
12-26 13:28:25.051  1303  1303 W System  : ClassLoader referenced unknown path: 
12-26 13:28:25.051  1303  1303 W System  : ClassLoader referenced unknown path: /system/priv-app/Settings/lib/x86
12-26 13:28:25.052  1303  1303 D ApplicationLoaders: ignored Vulkan layer search path /system/priv-app/Settings/lib/x86:/system/priv-app/Settings/Settings.apk!/lib/x86:/system/lib:/vendor/lib for namespace 0xc7ce10d0
12-26 13:28:25.055  1120  1537 D SoftFFmpegAudio: ffmpeg audio decoder eos
12-26 13:28:25.055  1120  1537 D SoftFFmpegAudio: ffmpeg audio decoder fill eos outbuf
12-26 13:28:25.064  1303  1303 I ActivityManager: Loaded persisted task ids for user 0
12-26 13:28:25.066  1123  1407 I MediaPlayerService: MediaPlayerService::getOMX
12-26 13:28:25.066  1303  1555 I OMXClient: MuxOMX ctor
12-26 13:28:25.067  1120  1455 I OMXMaster: makeComponentInstance(OMX.ffmpeg.vorbis.decoder) in mediacodec process
12-26 13:28:25.067  1120  1455 V FFmpegOMXPlugin: makeComponentInstance 'OMX.ffmpeg.vorbis.decoder'
12-26 13:28:25.067  1120  1455 D SoftFFmpegAudio: SoftFFmpegAudio component: OMX.ffmpeg.vorbis.decoder mCodingType: 24
12-26 13:28:25.067  1303  1555 D FFMPEGSoftCodec: No PCM format specified, using 16 bit
12-26 13:28:25.068  1120  1451 D SoftFFmpegAudio: set OMX_IndexParamAudioVorbis, nChannels=2, nSampleRate=44100, nBitRate=0, nMinBitRate=0, nMaxBitRate=0
12-26 13:28:25.072  1389  1389 I art     : System.exit called, status: 0
12-26 13:28:25.072  1389  1389 I AndroidRuntime: VM exiting with result code 0, cleanup skipped.
12-26 13:28:25.075  1120  1556 D SoftFFmpegAudio: begin to open ffmpeg audio decoder(vorbis), mCtx sample_rate: 44100, channels: 2
12-26 13:28:25.075  1120  1556 D SoftFFmpegAudio: open ffmpeg audio decoder(vorbis) success, mCtx sample_rate: 44100, channels: 2, sample_fmt: fltp, bits_per_coded_sample: 0, bits_per_raw_sample: 0
12-26 13:28:25.075  1303  1303 I ActivityManager: Start proc 1558:com.android.settings/1000 for activity com.android.settings/.FallbackHome
12-26 13:28:25.076  1120  1556 I SoftFFmpegAudio: Create sample rate converter for conversion of 44100 Hz fltp 2 channels(stereo) to 44100 Hz s16 2 channels(stereo)!
12-26 13:28:25.083  1303  1525 D NetworkMonitor/NetworkAgentInfo [Ethernet () - 100]: Validation disabled.
12-26 13:28:25.083  1303  1361 D ConnectivityService: Switching to new default network: NetworkAgentInfo{ ni{[type: Ethernet[], state: CONNECTED/CONNECTED, reason: (unspecified), extra: 00:db:f7:06:f3:0e, failover: false, available: true, roaming: false, metered: false]}  network{100}  nethandle{429513165534}  lp{{InterfaceName: eth0 LinkAddresses: [fe80::2db:f7ff:fe06:f30e/64,172.16.1.15/24,]  Routes: [fe80::/64 -> :: eth0,172.16.1.0/24 -> 0.0.0.0 eth0,0.0.0.0/0 -> 172.16.1.2 eth0,] DnsAddresses: [192.168.0.1,] Domains: www.tendawifi.com MTU: 0 TcpBufferSizes: 524288,1048576,3145728,524288,1048576,2097152}}  nc{[ Transports: ETHERNET Capabilities: INTERNET&NOT_RESTRICTED&TRUSTED&NOT_VPN&FOREGROUND LinkUpBandwidth>=100000Kbps LinkDnBandwidth>=100000Kbps]}  Score{10}  everValidated{false}  lastValidated{false}  created{true} lingering{false} explicitlySelected{false} acceptUnvalidated{false} everCaptivePortalDetected{false} lastCaptivePortalDetected{false} }
12-26 13:28:25.083  1303  1361 D NetworkManagement: do setDefaultNetId! netId=100
12-26 13:28:25.085  1397  1397 V SystemUIService: Starting SystemUI services for user 0.
12-26 13:28:25.086  1303  1316 I GnssLocationProvider: WakeLock released by handleMessage(13, 0, null)
12-26 13:28:25.086  1303  1316 I gps_hal : serial_gps_init: called
12-26 13:28:25.086  1303  1316 I gps_hal : gps_callback_command_init: called
12-26 13:28:25.087  1303  1303 D ConditionProviders.SCP: onConnected
12-26 13:28:25.087  1303  1316 I gps_hal : GpsHost::init
12-26 13:28:25.087  1303  1316 E GnssLocationProvider: no AGPS interface in set_agps_server
12-26 13:28:25.087  1303  1361 D ConnectivityService: Sending CONNECTED broadcast for type 9 NetworkAgentInfo [Ethernet () - 100] isDefaultNetwork=true
12-26 13:28:25.089  1120  1556 D SoftFFmpegAudio: ffmpeg audio decoder eos
12-26 13:28:25.089  1120  1556 D SoftFFmpegAudio: ffmpeg audio decoder fill eos outbuf
12-26 13:28:25.091  1303  1565 I         : fastpipe: Connect success
12-26 13:28:25.091  1531  1531 I art     : Starting a blocking GC AddRemoveAppImageSpace
12-26 13:28:25.091  1303  1565 I gps_hal : GpsHost::recv NewLocation 39.915001, 116.403999
12-26 13:28:25.091  1303  1565 D gps_hal :  gps_on_location latitude = 39.915001, longitude = 116.403999 
12-26 13:28:25.091  1531  1531 W System  : ClassLoader referenced unknown path: /system/priv-app/TeleService/lib/x86
12-26 13:28:25.092  1303  1564 D gps_hal : GPS call-back thread startup
12-26 13:28:25.093  1558  1558 D libnativebridge: call UnloadNativeBridge! state=1
12-26 13:28:25.100  1303  1303 D ZenLog  : set_zen_mode: off,readXml
