12-26 13:28:24.155  1303  1303 W PackageManager: Not granting permission android.permission.GET_ACCOUNTS to package uni.UNI953A01C because it was previously installed without
12-26 13:28:24.155  1303  1303 W PackageManager: Not granting permission android.permission.MOUNT_UNMOUNT_FILESYSTEMS to package uni.UNI953A01C (protectionLevel=18 flags=0x38583e44)
12-26 13:28:24.155  1303  1303 W PackageManager: Not granting permission android.permission.READ_CONTACTS to package uni.UNI953A01C because it was previously installed without
12-26 13:28:24.155  1303  1303 W PackageManager: Not granting permission android.permission.READ_LOGS to package uni.UNI953A01C (protectionLevel=50 flags=0x38583e44)
12-26 13:28:24.155  1303  1303 W PackageManager: Not granting permission android.permission.READ_PHONE_STATE to package uni.UNI953A01C because it was previously installed without
12-26 13:28:24.155  1303  1303 W PackageManager: Not granting permission android.permission.RECORD_AUDIO to package uni.UNI953A01C because it was previously installed without
12-26 13:28:24.155  1303  1303 W PackageManager: Not granting permission android.permission.WRITE_CONTACTS to package uni.UNI953A01C because it was previously installed without
12-26 13:28:24.155  1303  1303 W PackageManager: Not granting permission android.permission.READ_EXTERNAL_STORAGE to package uni.UNI953A01C because it was previously installed without
12-26 13:28:24.155  1303  1303 W PackageManager: Unknown permission com.huawei.android.launcher.permission.CHANGE_BADGE in package uni.UNI953A01C
12-26 13:28:24.155  1303  1303 W PackageManager: Unknown permission com.vivo.notification.permission.BADGE_ICON in package uni.UNI953A01C
12-26 13:28:24.155  1303  1303 W PackageManager: Unknown permission com.asus.msa.SupplementaryDID.ACCESS in package uni.UNI953A01C
12-26 13:28:24.155  1303  1303 W PackageManager: Unknown permission android.permission.QUERY_ALL_PACKAGES in package com.v2ray.ang
12-26 13:28:24.155  1303  1303 W PackageManager: Not granting permission android.permission.READ_EXTERNAL_STORAGE to package com.v2ray.ang because it was previously installed without
12-26 13:28:24.155  1303  1303 W PackageManager: Not granting permission android.permission.CAMERA to package com.v2ray.ang because it was previously installed without
12-26 13:28:24.155  1303  1303 W PackageManager: Unknown permission android.permission.FOREGROUND_SERVICE in package com.v2ray.ang
12-26 13:28:24.155  1303  1303 W PackageManager: Not granting permission android.permission.WRITE_EXTERNAL_STORAGE to package io.appium.uiautomator2.server because it was previously installed without
12-26 13:28:24.155  1303  1303 W PackageManager: Not granting permission android.permission.READ_EXTERNAL_STORAGE to package io.appium.uiautomator2.server because it was previously installed without
12-26 13:28:24.155  1303  1303 W PackageManager: Unknown permission android.permission.READ_DEVICE_CONFIG in package com.android.vending
12-26 13:28:24.155  1303  1303 W PackageManager: Unknown permission android.permission.WRITE_DEVICE_CONFIG in package com.android.vending
12-26 13:28:24.155  1303  1303 W PackageManager: Not granting permission android.permission.ACCESS_FINE_LOCATION to package com.android.vending because it was previously installed without
12-26 13:28:24.155  1303  1303 W PackageManager: Unknown permission android.permission.BLUETOOTH_SCAN in package com.android.vending
12-26 13:28:24.155  1303  1303 W PackageManager: Unknown permission android.permission.BLUETOOTH_ADVERTISE in package com.android.vending
12-26 13:28:24.155  1303  1303 W PackageManager: Unknown permission android.permission.BLUETOOTH_CONNECT in package com.android.vending
12-26 13:28:24.155  1303  1303 W PackageManager: Unknown permission android.permission.MANAGE_CLOUDSEARCH in package com.android.vending
12-26 13:28:24.155  1303  1303 W PackageManager: Not granting permission android.permission.SEND_SMS to package com.android.vending because it was previously installed without
12-26 13:28:24.155  1303  1303 W PackageManager: Not granting permission android.permission.RECEIVE_SMS to package com.android.vending because it was previously installed without
12-26 13:28:24.155  1303  1303 W PackageManager: Not granting permission android.permission.READ_SMS to package com.android.vending because it was previously installed without
12-26 13:28:24.155  1303  1303 W PackageManager: Not granting permission android.permission.READ_PHONE_STATE to package com.android.vending because it was previously installed without
12-26 13:28:24.155  1303  1303 W PackageManager: Not granting permission android.permission.ACCESS_COARSE_LOCATION to package com.android.vending because it was previously installed without
12-26 13:28:24.155  1303  1303 W PackageManager: Not granting permission android.permission.READ_CONTACTS to package com.android.vending because it was previously installed without
12-26 13:28:24.155  1303  1303 W PackageManager: Not granting permission android.permission.WRITE_EXTERNAL_STORAGE to package com.android.vending because it was previously installed without
12-26 13:28:24.155  1303  1303 W PackageManager: Not granting permission android.permission.READ_EXTERNAL_STORAGE to package com.android.vending because it was previously installed without
12-26 13:28:24.155  1303  1303 W PackageManager: Unknown permission android.permission.USE_BIOMETRIC in package com.android.vending
12-26 13:28:24.155  1303  1303 W PackageManager: Unknown permission com.google.android.setupwizard.SETUP_PROGRESS_SERVICE in package com.android.vending
12-26 13:28:24.155  1303  1303 W PackageManager: Unknown permission android.permission.SEND_SAFETY_CENTER_UPDATE in package com.android.vending
12-26 13:28:24.155  1303  1303 W PackageManager: Unknown permission android.permission.ALLOCATE_AGGRESSIVE in package com.android.vending
12-26 13:28:24.155  1303  1303 W PackageManager: Unknown permission android.permission.ACCESS_INSTANT_APPS in package com.android.vending
12-26 13:28:24.155  1303  1303 W PackageManager: Unknown permission android.permission.MANAGE_APP_OPS_MODES in package com.android.vending
12-26 13:28:24.155  1303  1303 W PackageManager: Unknown permission android.permission.MANAGE_ROLLBACKS in package com.android.vending
12-26 13:28:24.155  1303  1303 W PackageManager: Unknown permission android.permission.SET_HARMFUL_APP_WARNINGS in package com.android.vending
12-26 13:28:24.155  1303  1303 W PackageManager: Unknown permission android.permission.LOADER_USAGE_STATS in package com.android.vending
12-26 13:28:24.155  1303  1303 W PackageManager: Unknown permission com.google.android.gms.permission.AD_ID in package com.android.vending
12-26 13:28:24.155  1303  1303 W PackageManager: Unknown permission com.sec.android.provider.badge.permission.READ in package com.android.vending
12-26 13:28:24.155  1303  1303 W PackageManager: Unknown permission com.sec.android.provider.badge.permission.WRITE in package com.android.vending
12-26 13:28:24.155  1303  1303 W PackageManager: Unknown permission com.htc.launcher.permission.READ_SETTINGS in package com.android.vending
12-26 13:28:24.155  1303  1303 W PackageManager: Unknown permission com.htc.launcher.permission.UPDATE_SHORTCUT in package com.android.vending
12-26 13:28:24.155  1303  1303 W PackageManager: Unknown permission com.sonyericsson.home.permission.BROADCAST_BADGE in package com.android.vending
12-26 13:28:24.155  1303  1303 W PackageManager: Unknown permission com.sonymobile.home.permission.PROVIDER_INSERT_BADGE in package com.android.vending
12-26 13:28:24.155  1303  1303 W PackageManager: Unknown permission com.anddoes.launcher.permission.UPDATE_COUNT in package com.android.vending
12-26 13:28:24.155  1303  1303 W PackageManager: Unknown permission com.majeur.launcher.permission.UPDATE_BADGE in package com.android.vending
12-26 13:28:24.155  1303  1303 W PackageManager: Unknown permission com.huawei.android.launcher.permission.CHANGE_BADGE in package com.android.vending
12-26 13:28:24.155  1303  1303 W PackageManager: Unknown permission com.huawei.android.launcher.permission.READ_SETTINGS in package com.android.vending
12-26 13:28:24.155  1303  1303 W PackageManager: Unknown permission com.huawei.android.launcher.permission.WRITE_SETTINGS in package com.android.vending
12-26 13:28:24.155  1303  1303 W PackageManager: Unknown permission android.permission.READ_APP_BADGE in package com.android.vending
12-26 13:28:24.155  1303  1303 W PackageManager: Unknown permission com.oppo.launcher.permission.READ_SETTINGS in package com.android.vending
12-26 13:28:24.155  1303  1303 W PackageManager: Unknown permission com.oppo.launcher.permission.WRITE_SETTINGS in package com.android.vending
12-26 13:28:24.155  1303  1303 W PackageManager: Unknown permission org.chromium.arc.apkcacheprovider.permission.READ_CACHE in package com.android.vending
12-26 13:28:24.155  1303  1303 W PackageManager: Unknown permission org.chromium.arc.apkcacheprovider.permission.WRITE_CACHE in package com.android.vending
12-26 13:28:24.155  1303  1303 W PackageManager: Unknown permission android.permission.READ_RUNTIME_PROFILES in package com.android.vending
12-26 13:28:24.155  1303  1303 W PackageManager: Unknown permission android.permission.FOREGROUND_SERVICE in package com.android.vending
12-26 13:28:24.155  1303  1303 W PackageManager: Unknown permission android.permission.START_ACTIVITIES_FROM_BACKGROUND in package com.android.vending
12-26 13:28:24.155  1303  1303 W PackageManager: Unknown permission android.permission.CHANGE_OVERLAY_PACKAGES in package com.android.vending
12-26 13:28:24.155  1303  1303 W PackageManager: Unknown permission android.permission.SEND_DEVICE_CUSTOMIZATION_READY in package com.android.vending
12-26 13:28:24.155  1303  1303 W PackageManager: Unknown permission com.android.permission.USE_INSTALLER_V2 in package com.android.vending
12-26 13:28:24.155  1303  1303 W PackageManager: Unknown permission android.permission.QUERY_ALL_PACKAGES in package com.android.vending
12-26 13:28:24.155  1303  1303 W PackageManager: Unknown permission android.permission.OVERRIDE_COMPAT_CHANGE_CONFIG_ON_RELEASE_BUILD in package com.android.vending
12-26 13:28:24.155  1303  1303 W PackageManager: Unknown permission android.permission.LAUNCH_TWO_PANE_SETTINGS_DEEP_LINK in package com.android.vending
12-26 13:28:24.156  1303  1303 W PackageManager: Unknown permission com.android.launcher.permission.READ_SETTINGS in package com.android.launcher3
12-26 13:28:24.156  1303  1303 W PackageManager: Unknown permission com.android.launcher.permission.WRITE_SETTINGS in package com.android.launcher3
12-26 13:28:24.156  1303  1303 W PackageManager: Not granting permission android.permission.WRITE_EXTERNAL_STORAGE to package com.tencent.wstt.gt because it was previously installed without
12-26 13:28:24.156  1303  1303 W PackageManager: Not granting permission android.permission.READ_EXTERNAL_STORAGE to package com.tencent.wstt.gt because it was previously installed without
12-26 13:28:24.156  1303  1303 W PackageManager: Not granting permission android.permission.ACCESS_COARSE_LOCATION to package com.tencent.wstt.gt because it was previously installed without
12-26 13:28:24.156  1303  1303 W PackageManager: Not granting permission android.permission.ACCESS_FINE_LOCATION to package com.tencent.wstt.gt because it was previously installed without
12-26 13:28:24.156  1303  1303 W PackageManager: Not granting permission android.permission.ACCESS_MOCK_LOCATION to package com.tencent.wstt.gt (protectionLevel=2 flags=0x38083e44)
12-26 13:28:24.156  1303  1303 W PackageManager: Not granting permission android.permission.ACCESS_SUPERUSER to package com.tencent.wstt.gt because it was previously installed without
12-26 13:28:24.156  1303  1303 W PackageManager: Not granting permission android.permission.MOUNT_UNMOUNT_FILESYSTEMS to package com.tencent.wstt.gt (protectionLevel=18 flags=0x38083e44)
12-26 13:28:24.156  1303  1303 W PackageManager: Unknown permission com.android.launcher.permission.READ_SETTINGS in package com.tencent.wstt.gt
12-26 13:28:24.156  1303  1303 W PackageManager: Unknown permission com.android.launcher.permission.WRITE_SETTINGS in package com.tencent.wstt.gt
12-26 13:28:24.156  1303  1303 W PackageManager: Not granting permission android.permission.SET_KEYBOARD_LAYOUT to package com.tencent.wstt.gt (protectionLevel=2 flags=0x38083e44)
12-26 13:28:24.156  1303  1303 W PackageManager: Unknown permission android.permission.WRITE_OWNER_DATA in package com.tencent.wstt.gt
12-26 13:28:24.156  1303  1303 W PackageManager: Unknown permission android.permission.READ_OWNER_DATA in package com.tencent.wstt.gt
12-26 13:28:24.156  1303  1303 W PackageManager: Not granting permission android.permission.READ_PHONE_STATE to package com.tencent.wstt.gt because it was previously installed without
12-26 13:28:24.156  1303  1303 W PackageManager: Not granting permission android.permission.ACCESS_CHECKIN_PROPERTIES to package com.tencent.wstt.gt (protectionLevel=18 flags=0x38083e44)
12-26 13:28:24.156  1303  1303 W PackageManager: Not granting permission android.permission.FACTORY_TEST to package com.tencent.wstt.gt (protectionLevel=2 flags=0x38083e44)
12-26 13:28:24.156  1303  1303 W PackageManager: Not granting permission android.permission.ACCESS_SURFACE_FLINGER to package com.tencent.wstt.gt (protectionLevel=2 flags=0x38083e44)
12-26 13:28:24.156  1303  1303 W PackageManager: Not granting permission android.permission.READ_CONTACTS to package com.google.android.syncadapters.contacts because it was previously installed without
12-26 13:28:24.156  1303  1303 W PackageManager: Not granting permission android.permission.WRITE_CONTACTS to package com.google.android.syncadapters.contacts because it was previously installed without
12-26 13:28:24.156  1303  1303 W PackageManager: Not granting permission android.permission.GET_ACCOUNTS to package com.google.android.syncadapters.contacts because it was previously installed without
12-26 13:28:24.156  1303  1303 W PackageManager: Unknown permission com.google.android.syncadapters.contacts.permission.GAL_SEARCH in package com.google.android.syncadapters.contacts
12-26 13:28:24.156  1303  1303 W PackageManager: Unknown permission android.permission.FOREGROUND_SERVICE in package com.android.chrome
12-26 13:28:24.156  1303  1303 W PackageManager: Unknown permission android.permission.USE_BIOMETRIC in package com.android.chrome
12-26 13:28:24.156  1303  1303 W PackageManager: Unknown permission com.chrome.permission.DEVICE_EXTRAS in package com.android.chrome
12-26 13:28:24.156  1303  1303 W PackageManager: Unknown permission com.google.android.apps.now.CURRENT_ACCOUNT_ACCESS in package com.android.chrome
12-26 13:28:24.156  1303  1303 W PackageManager: Unknown permission com.sec.enterprise.knox.MDM_CONTENT_PROVIDER in package com.android.chrome
12-26 13:28:24.156  1303  1303 W PackageManager: Unknown permission android.permission.QUERY_ALL_PACKAGES in package com.android.chrome
12-26 13:28:24.156  1303  1303 W PackageManager: Not granting permission android.permission.GET_ACCOUNTS to package com.google.android.gms because it was previously installed without
12-26 13:28:24.156  1303  1303 W PackageManager: Unknown permission android.permission.FOREGROUND_SERVICE in package com.google.android.gms
12-26 13:28:24.156  1303  1303 W PackageManager: Unknown permission android.permission.START_ACTIVITIES_FROM_BACKGROUND in package com.google.android.gms
12-26 13:28:24.156  1303  1303 W PackageManager: Unknown permission android.permission.QUERY_ALL_PACKAGES in package com.google.android.gms
12-26 13:28:24.156  1303  1303 W PackageManager: Unknown permission android.permission.REMOTE_DISPLAY_PROVIDER in package com.google.android.gms
12-26 13:28:24.156  1303  1303 W PackageManager: Not granting permission android.permission.ACCESS_FINE_LOCATION to package com.google.android.gms because it was previously installed without
12-26 13:28:24.156  1303  1303 W PackageManager: Not granting permission android.permission.READ_EXTERNAL_STORAGE to package com.google.android.gms because it was previously installed without
12-26 13:28:24.156  1303  1303 W PackageManager: Not granting permission android.permission.READ_PHONE_STATE to package com.google.android.gms because it was previously installed without
12-26 13:28:24.156  1303  1303 W PackageManager: Unknown permission android.permission.RECOVER_KEYSTORE in package com.google.android.gms
12-26 13:28:24.156  1303  1303 W PackageManager: Unknown permission android.permission.PRE_FACTORY_RESET in package com.google.android.gms
12-26 13:28:24.156  1303  1303 W PackageManager: Unknown permission android.permission.MANAGE_FACTORY_RESET_PROTECTION in package com.google.android.gms
12-26 13:28:24.156  1303  1303 W PackageManager: Unknown permission com.google.android.apps.enterprise.dmagent.permission.AutoSyncPermission in package com.google.android.gms
12-26 13:28:24.156  1303  1303 W PackageManager: Not granting permission android.permission.RECEIVE_SMS to package com.google.android.gms because it was previously installed without
12-26 13:28:24.156  1303  1303 W PackageManager: Unknown permission android.permission.ALLOCATE_AGGRESSIVE in package com.google.android.gms
12-26 13:28:24.156  1303  1303 W PackageManager: Unknown permission android.car.permission.CAR_POWER in package com.google.android.gms
12-26 13:28:24.156  1303  1303 W PackageManager: Not granting permission android.permission.WRITE_EXTERNAL_STORAGE to package com.google.android.gms because it was previously installed without
12-26 13:28:24.156  1303  1303 W PackageManager: Not granting permission android.permission.READ_CONTACTS to package com.google.android.gms because it was previously installed without
12-26 13:28:24.156  1303  1303 W PackageManager: Unknown permission android.permission.USE_BIOMETRIC in package com.google.android.gms
12-26 13:28:24.156  1303  1303 W PackageManager: Not granting permission android.permission.CAMERA to package com.google.android.gms because it was previously installed without
12-26 13:28:24.156  1303  1303 W PackageManager: Unknown permission com.google.android.wearable.WRITE_SETTINGS in package com.google.android.gms
12-26 13:28:24.156  1303  1303 W PackageManager: Unknown permission com.felicanetworks.mfc.permission.MFC_ACCESS in package com.google.android.gms
12-26 13:28:24.156  1303  1303 W PackageManager: Unknown permission com.felicanetworks.mfc.mfi.permission.MFI_ACCESS in package com.google.android.gms
12-26 13:28:24.156  1303  1303 W PackageManager: Not granting permission android.permission.READ_CALENDAR to package com.google.android.gms because it was previously installed without
12-26 13:28:24.156  1303  1303 W PackageManager: Not granting permission android.permission.RECEIVE_MMS to package com.google.android.gms because it was previously installed without
12-26 13:28:24.156  1303  1303 W PackageManager: Unknown permission android.permission.ACCESS_BACKGROUND_LOCATION in package com.google.android.gms
12-26 13:28:24.156  1303  1303 W PackageManager: Not granting permission android.permission.ACCESS_COARSE_LOCATION to package com.google.android.gms because it was previously installed without
12-26 13:28:24.156  1303  1303 W PackageManager: Unknown permission android.permission.ACCESS_CONTEXT_HUB in package com.google.android.gms
12-26 13:28:24.156  1303  1303 W PackageManager: Unknown permission android.permission.INSTALL_LOCATION_TIME_ZONE_PROVIDER_SERVICE in package com.google.android.gms
12-26 13:28:24.156  1303  1303 W PackageManager: Not granting permission android.permission.PROCESS_OUTGOING_CALLS to package com.google.android.gms because it was previously installed without
12-26 13:28:24.156  1303  1303 W PackageManager: Not granting permission android.permission.SEND_SMS to package com.google.android.gms because it was previously installed without
12-26 13:28:24.156  1303  1303 W PackageManager: Unknown permission com.google.android.googlequicksearchbox.permission.PAUSE_HOTWORD in package com.google.android.gms
12-26 13:28:24.156  1303  1303 W PackageManager: Unknown permission android.permission.UWB in package com.google.android.gms
12-26 13:28:24.156  1303  1303 W PackageManager: Unknown permission android.permission.USE_FULL_SCREEN_INTENT in package com.google.android.gms
12-26 13:28:24.156  1303  1303 W PackageManager: Unknown permission com.sec.android.app.myfiles.permission.READ in package com.google.android.gms
12-26 13:28:24.156  1303  1303 W PackageManager: Unknown permission com.sec.android.app.myfiles.permission.WRITE in package com.google.android.gms
12-26 13:28:24.156  1303  1303 W PackageManager: Unknown permission com.sec.android.gallery3d.provider2.READ in package com.google.android.gms
12-26 13:28:24.156  1303  1303 W PackageManager: Unknown permission com.sec.android.gallery3d.provider2.WRITE in package com.google.android.gms
12-26 13:28:24.156  1303  1303 W PackageManager: Unknown permission android.permission.CONTROL_DISPLAY_SATURATION in package com.google.android.gms
12-26 13:28:24.156  1303  1303 W PackageManager: Not granting permission android.permission.READ_CALL_LOG to package com.google.android.gms because it was previously installed without
12-26 13:28:24.156  1303  1303 W PackageManager: Not granting permission android.permission.READ_SMS to package com.google.android.gms because it was previously installed without
12-26 13:28:24.156  1303  1303 W PackageManager: Not granting permission android.permission.WRITE_CONTACTS to package com.google.android.gms because it was previously installed without
12-26 13:28:24.156  1303  1303 W PackageManager: Unknown permission com.google.android.hangouts.START_HANGOUT in package com.google.android.gms
12-26 13:28:24.156  1303  1303 W PackageManager: Unknown permission android.car.permission.CAR_POWERTRAIN in package com.google.android.gms
12-26 13:28:24.156  1303  1303 W PackageManager: Unknown permission android.car.permission.CAR_ENERGY in package com.google.android.gms
12-26 13:28:24.156  1303  1303 W PackageManager: Unknown permission android.car.permission.CAR_ENERGY_PORTS in package com.google.android.gms
12-26 13:28:24.156  1303  1303 W PackageManager: Unknown permission android.car.permission.CAR_EXTERIOR_LIGHTS in package com.google.android.gms
12-26 13:28:24.156  1303  1303 W PackageManager: Unknown permission android.car.permission.CAR_INFO in package com.google.android.gms
12-26 13:28:24.156  1303  1303 W PackageManager: Unknown permission android.car.permission.CAR_MILEAGE in package com.google.android.gms
12-26 13:28:24.156  1303  1303 W PackageManager: Unknown permission android.car.permission.CAR_TIRES in package com.google.android.gms
12-26 13:28:24.156  1303  1303 W PackageManager: Unknown permission android.car.permission.CONTROL_CAR_CLIMATE in package com.google.android.gms
12-26 13:28:24.156  1303  1303 W PackageManager: Unknown permission android.car.permission.CONTROL_CAR_DOORS in package com.google.android.gms
12-26 13:28:24.156  1303  1303 W PackageManager: Unknown permission android.car.permission.CONTROL_CAR_EXTERIOR_LIGHTS in package com.google.android.gms
12-26 13:28:24.156  1303  1303 W PackageManager: Unknown permission android.car.permission.CONTROL_CAR_MIRRORS in package com.google.android.gms
12-26 13:28:24.156  1303  1303 W PackageManager: Unknown permission android.car.permission.CONTROL_CAR_SEATS in package com.google.android.gms
12-26 13:28:24.156  1303  1303 W PackageManager: Unknown permission android.car.permission.CONTROL_CAR_WINDOWS in package com.google.android.gms
12-26 13:28:24.156  1303  1303 W PackageManager: Unknown permission android.car.permission.READ_CAR_DISPLAY_UNITS in package com.google.android.gms
12-26 13:28:24.156  1303  1303 W PackageManager: Not granting permission android.permission.CALL_PHONE to package com.google.android.gms because it was previously installed without
12-26 13:28:24.156  1303  1303 W PackageManager: Unknown permission com.google.android.permission.ACCESSIBILITY_SCAN_SERVICE in package com.google.android.gms
12-26 13:28:24.156  1303  1303 W PackageManager: Unknown permission android.permission.ACTIVITY_EMBEDDING in package com.google.android.gms
12-26 13:28:24.156  1303  1303 W PackageManager: Not granting permission android.permission.RECORD_AUDIO to package com.google.android.gms because it was previously installed without
12-26 13:28:24.156  1303  1303 W PackageManager: Unknown permission android.permission.PROVIDE_RESOLVER_RANKER_SERVICE in package com.google.android.gms
12-26 13:28:24.156  1303  1303 W PackageManager: Unknown permission com.google.android.clockwork.settings.SHOW_FACTORY_RESET_CONFIRMATION in package com.google.android.gms
12-26 13:28:24.156  1303  1303 W PackageManager: Unknown permission com.google.android.wearable.READ_SETTINGS in package com.google.android.gms
12-26 13:28:24.156  1303  1303 W PackageManager: Unknown permission android.permission.READ_MEDIA_AUDIO in package com.google.android.gms
12-26 13:28:24.156  1303  1303 W PackageManager: Unknown permission android.permission.READ_MEDIA_IMAGES in package com.google.android.gms
12-26 13:28:24.156  1303  1303 W PackageManager: Unknown permission android.permission.READ_MEDIA_VIDEO in package com.google.android.gms
12-26 13:28:24.156  1303  1303 W PackageManager: Unknown permission android.permission.ACCESS_MEDIA_LOCATION in package com.google.android.gms
12-26 13:28:24.156  1303  1303 W PackageManager: Unknown permission android.permission.SUBSTITUTE_SHARE_TARGET_APP_NAME_AND_ICON in package com.google.android.gms
12-26 13:28:24.156  1303  1303 W PackageManager: Not granting permission android.permission.WRITE_CALL_LOG to package com.google.android.gms because it was previously installed without
12-26 13:28:24.156  1303  1303 W PackageManager: Unknown permission android.permission.ACTIVITY_RECOGNITION in package com.google.android.gms
12-26 13:28:24.156  1303  1303 W PackageManager: Unknown permission android.permission.MANAGE_SUBSCRIPTION_PLANS in package com.google.android.gms
12-26 13:28:24.156  1303  1303 W PackageManager: Unknown permission android.permission.READ_DEVICE_CONFIG in package com.google.android.gms
12-26 13:28:24.156  1303  1303 W PackageManager: Unknown permission android.permission.WRITE_DEVICE_CONFIG in package com.google.android.gms
12-26 13:28:24.156  1303  1303 W PackageManager: Unknown permission com.google.android.apps.now.OPT_IN_WIZARD in package com.google.android.gms
12-26 13:28:24.156  1303  1303 W PackageManager: Unknown permission com.google.android.setupwizard.SETUP_COMPAT_SERVICE in package com.google.android.gms
12-26 13:28:24.156  1303  1303 W PackageManager: Unknown permission android.permission.MANAGE_ROLLBACKS in package com.google.android.gms
12-26 13:28:24.156  1303  1303 W PackageManager: Unknown permission android.permission.REQUEST_DELETE_PACKAGES in package com.google.android.gms
12-26 13:28:24.156  1303  1303 W PackageManager: Not granting permission com.google.android.gms.permission.CAR_SPEED to package com.google.android.gms because it was previously installed without
12-26 13:28:24.157  1303  1303 W PackageManager: Not granting permission android.permission.BODY_SENSORS to package com.google.android.gms because it was previously installed without
12-26 13:28:24.157  1303  1303 W PackageManager: Unknown permission com.google.android.gms.game.notifications.permission.WRITE in package com.google.android.gms
12-26 13:28:24.157  1303  1303 W PackageManager: Unknown permission com.google.android.launcher.permission.RECEIVE_LAUNCH_BROADCASTS in package com.google.android.gms
12-26 13:28:24.157  1303  1303 W PackageManager: Unknown permission android.permission.RESET_PASSWORD in package com.google.android.gms
12-26 13:28:24.157  1303  1303 W PackageManager: Unknown permission android.permission.LOCK_DEVICE in package com.google.android.gms
12-26 13:28:24.157  1303  1303 W PackageManager: Unknown permission android.permission.CONTROL_KEYGUARD_SECURE_NOTIFICATIONS in package com.google.android.gms
12-26 13:28:24.157  1303  1303 W PackageManager: Unknown permission com.google.android.gm.permission.READ_GMAIL in package com.google.android.gms
12-26 13:28:24.157  1303  1303 W PackageManager: Not granting permission com.android.voicemail.permission.ADD_VOICEMAIL to package com.google.android.gms because it was previously installed without
12-26 13:28:24.157  1303  1303 W PackageManager: Not granting permission android.permission.GET_ACCOUNTS to package com.google.android.gsf because it was previously installed without
12-26 13:28:24.157  1303  1303 W PackageManager: Not granting permission android.permission.READ_CONTACTS to package com.google.android.gsf because it was previously installed without
12-26 13:28:24.157  1303  1303 W PackageManager: Not granting permission android.permission.READ_PHONE_STATE to package com.google.android.gsf because it was previously installed without
12-26 13:28:24.157  1303  1303 W PackageManager: Not granting permission android.permission.WRITE_CONTACTS to package com.google.android.gsf because it was previously installed without
12-26 13:28:24.157  1303  1303 W PackageManager: Not granting permission com.google.android.providers.talk.permission.READ_ONLY to package com.google.android.gsf because it was previously installed without
12-26 13:28:24.157  1303  1303 W PackageManager: Not granting permission com.google.android.providers.talk.permission.WRITE_ONLY to package com.google.android.gsf because it was previously installed without
12-26 13:28:24.157  1303  1303 W PackageManager: Unknown permission android.permission.FOREGROUND_SERVICE in package com.android.flysilkworm
12-26 13:28:24.157  1303  1303 W PackageManager: Unknown permission android.permission.PREVENT_POWER_KEY in package com.android.flysilkworm
12-26 13:28:24.157  1303  1303 W PackageManager: Unknown permission android.permission.REQUEST_DELETE_PACKAGES in package com.android.flysilkworm
12-26 13:28:24.157  1303  1303 W PackageManager: Not granting permission android.permission.INJECT_EVENTS to package com.android.flysilkworm (protectionLevel=2 flags=0x3858be45)
12-26 13:28:24.157  1303  1303 W PackageManager: Unknown permission android.permission.READ_SETTINGS in package com.android.flysilkworm
12-26 13:28:24.157  1303  1303 W PackageManager: Unknown permission com.android.launcher.permission.PRELOAD_WORKSPACE in package com.google.android.partnersetup
12-26 13:28:24.157  1303  1303 W PackageManager: Unknown permission com.google.android.permission.INSTALL_WEARABLE_PACKAGES in package com.android.packageinstaller
12-26 13:28:24.157  1303  1303 W PackageManager: Unknown permission com.cyanogenmod.filemanager.permissions.READ_THEME in package com.cyanogenmod.filemanager
12-26 13:28:24.157  1303  1303 W PackageManager: Not granting permission android.permission.READ_CALENDAR to package com.google.android.syncadapters.calendar because it was previously installed without
12-26 13:28:24.157  1303  1303 W PackageManager: Not granting permission android.permission.WRITE_CALENDAR to package com.google.android.syncadapters.calendar because it was previously installed without
12-26 13:28:24.157  1303  1303 W PackageManager: Not granting permission android.permission.READ_CONTACTS to package com.google.android.gsf.login because it was previously installed without
12-26 13:28:24.157  1303  1303 W PackageManager: Not granting permission android.permission.READ_PHONE_STATE to package com.google.android.gsf.login because it was previously installed without
12-26 13:28:24.157  1303  1303 W PackageManager: Not granting permission android.permission.WRITE_CONTACTS to package com.google.android.gsf.login because it was previously installed without
12-26 13:28:24.157  1303  1303 W PackageManager: Unknown permission com.android.vending.billing.IBillingAccountService.BIND2 in package com.google.android.gsf.login
12-26 13:28:24.157  1303  1303 W PackageManager: Not granting permission android.permission.GET_ACCOUNTS to package com.google.android.backuptransport because it was previously installed without
12-26 13:28:24.157  1303  1303 W PackageManager: Unknown permission com.android.launcher.permission.READ_SETTINGS in package com.android.settings
12-26 13:28:24.157  1303  1303 W PackageManager: Unknown permission com.android.launcher.permission.WRITE_SETTINGS in package com.android.settings
12-26 13:28:24.157  1303  1303 W PackageManager: Unknown permission android.permission.FOREGROUND_SERVICE in package com.tencent.wemeet.app
12-26 13:28:24.157  1303  1303 W PackageManager: Not granting permission android.permission.CALL_PHONE to package com.tencent.wemeet.app because it was previously installed without
12-26 13:28:24.157  1303  1303 W PackageManager: Not granting permission android.permission.WRITE_EXTERNAL_STORAGE to package com.tencent.wemeet.app because it was previously installed without
12-26 13:28:24.157  1303  1303 W PackageManager: Not granting permission android.permission.READ_EXTERNAL_STORAGE to package com.tencent.wemeet.app because it was previously installed without
12-26 13:28:24.157  1303  1303 W PackageManager: Not granting permission android.permission.RECORD_AUDIO to package com.tencent.wemeet.app because it was previously installed without
12-26 13:28:24.157  1303  1303 W PackageManager: Not granting permission android.permission.CAMERA to package com.tencent.wemeet.app because it was previously installed without
12-26 13:28:24.157  1303  1303 W PackageManager: Unknown permission android.permission.BLUETOOTH_CONNECT in package com.tencent.wemeet.app
12-26 13:28:24.157  1303  1303 W PackageManager: Unknown permission android.permission.BLUETOOTH_SCAN in package com.tencent.wemeet.app
12-26 13:28:24.157  1303  1303 W PackageManager: Unknown permission READ_PHONE_NUMBERS in package com.tencent.wemeet.app
12-26 13:28:24.157  1303  1303 W PackageManager: Not granting permission android.permission.READ_PHONE_STATE to package com.tencent.wemeet.app because it was previously installed without
12-26 13:28:24.157  1303  1303 W PackageManager: Not granting permission android.permission.READ_PRIVILEGED_PHONE_STATE to package com.tencent.wemeet.app (protectionLevel=18 flags=0x38583e44)
12-26 13:28:24.157  1303  1303 W PackageManager: Not granting permission android.permission.READ_CALENDAR to package com.tencent.wemeet.app because it was previously installed without
12-26 13:28:24.157  1303  1303 W PackageManager: Not granting permission android.permission.WRITE_CALENDAR to package com.tencent.wemeet.app because it was previously installed without
12-26 13:28:24.157  1303  1303 W PackageManager: Unknown permission com.huawei.android.launcher.permission.CHANGE_BADGE  in package com.tencent.wemeet.app
12-26 13:28:24.157  1303  1303 W PackageManager: Unknown permission android.permission.RECEIVE_USER_PRESENT in package com.tencent.wemeet.app
12-26 13:28:24.157  1303  1303 W PackageManager: Not granting permission android.permission.READ_CONTACTS to package com.tencent.wemeet.app because it was previously installed without
12-26 13:28:24.157  1303  1303 W PackageManager: Unknown permission android.permission.SCHEDULE_EXACT_ALARM in package com.tencent.wemeet.app
12-26 13:28:24.157  1303  1303 W PackageManager: Unknown permission com.coloros.mcs.permission.RECIEVE_MCS_MESSAGE in package com.tencent.wemeet.app
12-26 13:28:24.157  1303  1303 W PackageManager: Unknown permission com.heytap.mcs.permission.RECIEVE_MCS_MESSAGE in package com.tencent.wemeet.app
12-26 13:28:24.157  1303  1303 W PackageManager: Unknown permission com.android.smspush.WAPPUSH_MANAGER_BIND in package com.android.phone
12-26 13:28:24.157  1303  1303 W PackageManager: Unknown permission android.permission.REQUEST_DELETE_PACKAGES in package com.google.android.play.games
12-26 13:28:24.157  1303  1303 W PackageManager: Not granting permission android.permission.GET_ACCOUNTS to package com.google.android.play.games because it was previously installed without
12-26 13:28:24.157  1303  1303 W PackageManager: Not granting permission android.permission.WRITE_EXTERNAL_STORAGE to package com.lemon.lemonban because it was previously installed without
12-26 13:28:24.157  1303  1303 W PackageManager: Not granting permission android.permission.READ_EXTERNAL_STORAGE to package com.lemon.lemonban because it was previously installed without
12-26 13:28:24.157  1303  1303 W PackageManager: Not granting permission android.permission.CAMERA to package com.lemon.lemonban because it was previously installed without
12-26 13:28:24.157  1303  1303 W PackageManager: Not granting permission android.permission.READ_PHONE_STATE to package com.lemon.lemonban because it was previously installed without
12-26 13:28:24.157  1303  1303 W PackageManager: Not granting permission android.permission.ACCESS_FINE_LOCATION to package com.lemon.lemonban because it was previously installed without
12-26 13:28:24.157  1303  1303 W PackageManager: Not granting permission android.permission.ACCESS_COARSE_LOCATION to package com.lemon.lemonban because it was previously installed without
12-26 13:28:24.157  1303  1303 W PackageManager: Not granting permission android.permission.MOUNT_UNMOUNT_FILESYSTEMS to package com.lemon.lemonban (protectionLevel=18 flags=0x3848be44)
12-26 13:28:24.158  1303  1303 V PackageManager: reconcileAppsData for null u0 0x3
12-26 13:28:24.170  1118  1118 W cutils  : Expected path /data/data/uni.UNI953A01C/code_cache with mode 771 but found 700
12-26 13:28:24.189  1118  1118 W cutils  : Expected path /data/data/com.google.android.gms with mode 700 but found 711
12-26 13:28:24.189  1118  1118 W cutils  : Expected path /data/user_de/0/com.google.android.gms with mode 700 but found 711
12-26 13:28:24.211  1303  1303 V PackageManager: reconcileAppsData finished 75 packages
12-26 13:28:24.223  1303  1303 D PackageManager: Ephemeral resolver NOT found; no matching intent filters
12-26 13:28:24.223  1303  1303 I PackageManager: Ephemeral deactivated; missing resolver and installer
12-26 13:28:24.235  1303  1303 I SystemServer: StartOtaDexOptService
12-26 13:28:24.237  1303  1303 I SystemServer: StartUserManagerService
12-26 13:28:24.238  1303  1303 I SystemServiceManager: Starting com.android.server.pm.UserManagerService$LifeCycle
12-26 13:28:24.241  1108  1108 I lowmemorykiller: ActivityManager connected
12-26 13:28:24.241  1303  1303 I SystemServiceManager: Starting com.android.server.BatteryService
12-26 13:28:24.244  1303  1303 I SystemServiceManager: Starting com.android.server.usage.UsageStatsService
12-26 13:28:24.261  1303  1334 I chatty  : uid=1000 system_server expire 10 lines
12-26 13:28:24.263  1303  1335 I chatty  : uid=1000(system) StartSensorThre expire 1 line
12-26 13:28:24.263  1303  1336 I chatty  : uid=1000(system) SensorEventAckR expire 1 line
12-26 13:28:24.263  1303  1337 I chatty  : uid=1000(system) SensorService expire 1 line
12-26 13:28:24.264  1303  1303 I SystemServiceManager: Starting com.android.server.webkit.WebViewUpdateService
12-26 13:28:24.267  1303  1303 I SystemServer: Reading configuration...
12-26 13:28:24.267  1303  1303 I SystemServer: StartSchedulingPolicyService
12-26 13:28:24.267  1303  1303 I SystemServiceManager: Starting com.android.server.telecom.TelecomLoaderService
12-26 13:28:24.267  1303  1303 I SystemServer: StartTelephonyRegistry
12-26 13:28:24.269  1303  1303 I SystemServer: StartEntropyMixer
12-26 13:28:24.270  1303  1303 I EntropyMixer: Writing entropy...
12-26 13:28:24.272  1303  1303 I SystemServer: Camera Service
12-26 13:28:24.273  1303  1303 I SystemServiceManager: Starting com.android.server.camera.CameraService
12-26 13:28:24.275  1303  1303 I SystemServer: StartAccountManagerService
12-26 13:28:24.275  1303  1303 I SystemServiceManager: Starting com.android.server.accounts.AccountManagerService$Lifecycle
12-26 13:28:24.278  1303  1303 I SystemServer: StartContentService
12-26 13:28:24.279  1303  1303 I SystemServiceManager: Starting com.android.server.content.ContentService$Lifecycle
12-26 13:28:24.280  1303  1303 I SystemServer: InstallSystemProviders
12-26 13:28:24.295  1303  1303 I SystemServer: StartVibratorService
12-26 13:28:24.296  1303  1303 I SystemServer: StartConsumerIrService
12-26 13:28:24.297  1303  1303 I SystemServer: StartAlarmManagerService
12-26 13:28:24.297  1303  1303 I SystemServiceManager: Starting com.android.server.AlarmManagerService
12-26 13:28:24.298  1303  1303 I SystemServer: InitWatchdog
12-26 13:28:24.299  1303  1303 I SystemServer: StartInputManagerService
12-26 13:28:24.300  1303  1303 I InputManager: Initializing input manager, mUseDevInputEventForAudioJack=true
12-26 13:28:24.302  1303  1303 I SystemServer: StartWindowManagerService
12-26 13:28:24.302  1303  1346 I chatty  : uid=1000 system_server expire 1 line
12-26 13:28:24.320  1303  1324 I WindowManager: No existing display settings /data/system/display_settings.xml; starting empty
12-26 13:28:24.331  1303  1303 I SystemServer: StartVrManagerService
12-26 13:28:24.331  1303  1303 I SystemServiceManager: Starting com.android.server.vr.VrManagerService
12-26 13:28:24.338  1303  1303 I InputManager: Starting input manager
12-26 13:28:24.339  1303  1348 I chatty  : uid=1000(system) InputReader expire 24 lines
12-26 13:28:24.348  1303  1303 I SystemServer: Tab Manager
12-26 13:28:24.348  1303  1303 I SystemServiceManager: Starting com.android.server.BluetoothService
12-26 13:28:24.350  1303  1303 D BluetoothManagerService: Loading stored name and address
12-26 13:28:24.350  1303  1303 D BluetoothManagerService: Stored bluetooth Name=TAS-AL00,Address=5E:36:9A:2F:EC:50
12-26 13:28:24.350  1303  1303 D BluetoothManagerService: Bluetooth persisted state: 0
12-26 13:28:24.350  1303  1303 I SystemServer: ConnectivityMetricsLoggerService
12-26 13:28:24.350  1303  1303 I SystemServiceManager: Starting com.android.server.connectivity.MetricsLoggerService
12-26 13:28:24.351  1303  1303 I SystemServer: IpConnectivityMetrics
12-26 13:28:24.351  1303  1303 I SystemServiceManager: Starting com.android.server.connectivity.IpConnectivityMetrics
12-26 13:28:24.352  1303  1303 I SystemServer: PinnerService
12-26 13:28:24.352  1303  1303 I SystemServiceManager: Starting com.android.server.PinnerService
12-26 13:28:24.352  1303  1303 I SystemServiceManager: Starting com.android.server.InputMethodManagerService$Lifecycle
12-26 13:28:24.355  1303  1303 I InputMethodManagerService: All the enabled IMEs are gone. Reset default enabled IMEs.
12-26 13:28:24.355  1303  1303 W InputMethodUtils: Found no fallback locale. imis=[]
12-26 13:28:24.355  1303  1303 W InputMethodUtils: No software keyboard is found. imis=[] fallbackLocale=null
12-26 13:28:24.355  1303  1303 I SystemServer: StartAccessibilityManagerService
12-26 13:28:24.358  1303  1303 I ActivityManager: Config changes=1df8 {1.0 ?mcc?mnc [zh_CN] ldltr sw480dp w853dp h480dp 240dpi lrg long land ?uimode ?night -touch -keyb/v/h -nav/h s.2}
12-26 13:28:24.359  1303  1303 I ActivityManager: Config changes=400 {1.0 ?mcc?mnc [zh_CN] ldltr sw480dp w853dp h456dp 240dpi lrg long land ?uimode ?night -touch -keyb/v/h -nav/h s.3}
12-26 13:28:24.367  1110  1110 I gralloc_default: fb_setOrientation: orientation=0
12-26 13:28:24.374  1303  1316 I UsageStatsService: User[0] Rollover scheduled @ 2022-11-24 11:32:44(1669260764969)
12-26 13:28:24.375  1303  1316 I UsageStatsService: User[0] Rolling over usage stats
12-26 13:28:24.375  1303  1316 I UsageStatsService: User[0] Flushing usage stats to disk
12-26 13:28:24.376  1303  1303 I SystemServiceManager: Starting com.android.server.MountService$Lifecycle
12-26 13:28:24.379  1303  1316 I UsageStatsService: User[0] Rollover scheduled @ 2022-12-27 13:28:24(1672118904359)
12-26 13:28:24.379  1303  1316 I UsageStatsService: User[0] Rolling over usage stats complete. Took 4 milliseconds
12-26 13:28:24.380  1303  1303 I SystemServiceManager: Starting com.android.server.UiModeManagerService
12-26 13:28:24.381  1303  1349 D MountService: Thinking about init, mSystemReady=false, mDaemonConnected=true
12-26 13:28:24.381  1303  1349 D MountService: Thinking about reset, mSystemReady=false, mDaemonConnected=true
12-26 13:28:24.381  1303  1349 D MountService: Thinking about init, mSystemReady=false, mDaemonConnected=true
12-26 13:28:24.381  1303  1349 D MountService: Thinking about reset, mSystemReady=false, mDaemonConnected=true
12-26 13:28:24.381  1303  1349 D CryptdConnector: SND -> {1 cryptfs getfield SystemLocale}
12-26 13:28:24.381  1303  1303 I ActivityManager: Config changes=200 {1.0 ?mcc?mnc [zh_CN] ldltr sw480dp w853dp h456dp 240dpi lrg long land -touch -keyb/v/h -nav/h s.4}
12-26 13:28:24.382  1303  1303 W PackageManager: No disk maintenance in 2858167382; running immediately
12-26 13:28:24.382  1303  1303 I SystemServer: StartLockSettingsService
12-26 13:28:24.382  1303  1303 I SystemServiceManager: Starting com.android.server.LockSettingsService$Lifecycle
12-26 13:28:24.385  1303  1303 I SystemServiceManager: Starting com.android.server.DeviceIdleController
12-26 13:28:24.387  1303  1303 I SystemServiceManager: Starting com.android.server.devicepolicy.DevicePolicyManagerService$Lifecycle
12-26 13:28:24.391  1303  1303 I SystemServer: StartStatusBarManagerService
12-26 13:28:24.392  1303  1303 I SystemServer: StartClipboardService
12-26 13:28:24.393  1303  1303 I SystemServer: StartNetworkManagementService
12-26 13:28:24.394  1303  1352 I NetworkManagement: onDaemonConnected()
12-26 13:28:24.394  1303  1303 I SystemServiceManager: Starting com.android.server.TextServicesManagerService$Lifecycle
12-26 13:28:24.395  1303  1303 W TextServicesManagerService: no available spell checker services found
12-26 13:28:24.395  1303  1303 I SystemServer: StartNetworkScoreService
12-26 13:28:24.395  1303  1303 I SystemServer: StartNetworkStatsService
12-26 13:28:24.400  1303  1303 I SystemServer: StartNetworkPolicyManagerService
12-26 13:28:24.402  1303  1303 I SystemServer: No Wi-Fi NAN Service (NAN support Not Present)
12-26 13:28:24.408  1303  1303 I SystemServiceManager: Starting com.android.server.wifi.p2p.WifiP2pService
12-26 13:28:24.421  1303  1303 I SystemServiceManager: Starting com.android.server.wifi.WifiService
12-26 13:28:24.448  1303  1357 I chatty  : uid=1000(system) WifiStateMachin expire 2 lines
12-26 13:28:24.450  1303  1303 I SystemServiceManager: Starting com.android.server.wifi.scanner.WifiScanningService
12-26 13:28:24.451  1303  1303 I SystemServiceManager: Starting com.android.server.wifi.RttService
12-26 13:28:24.452  1303  1303 I SystemServiceManager: Starting com.android.server.ethernet.EthernetService
12-26 13:28:24.453  1303  1303 I SystemServer: StartConnectivityService
12-26 13:28:24.454  1303  1303 D ConnectivityService: ConnectivityService starting up
12-26 13:28:24.463  1303  1351 D CryptdConnector: RCV <- {200 1 -1}
12-26 13:28:24.464  1303  1303 D ConnectivityService: wifiOnly=false
12-26 13:28:24.464  1303  1303 E ConnectivityService: Ignoring protectedNetwork 14
12-26 13:28:24.464  1303  1303 E ConnectivityService: Ignoring protectedNetwork 15
12-26 13:28:24.480  1303  1347 I ActivityManager: Config changes=38 {1.0 ?mcc?mnc [zh_CN] ldltr sw480dp w853dp h456dp 240dpi lrg long land finger qwerty/v/v -nav/h s.5}
12-26 13:28:24.495  1303  1349 W MountService: No primary storage mounted!
12-26 13:28:24.495  1303  1349 D VoldConnector: SND -> {1 asec list}
12-26 13:28:24.496  1303  1350 D VoldConnector: RCV <- {200 1 asec operation succeeded}
12-26 13:28:24.496  1303  1349 I chatty  : uid=1000(system) MountService expire 3 lines
12-26 13:28:24.496  1303  1349 W PackageManager: Not granting permission android.permission.READ_PHONE_STATE to package io.appium.settings because it was previously installed without
12-26 13:28:24.496  1303  1349 W PackageManager: Not granting permission android.permission.ACCESS_FINE_LOCATION to package io.appium.settings because it was previously installed without
12-26 13:28:24.496  1303  1349 W PackageManager: Not granting permission android.permission.ACCESS_COARSE_LOCATION to package io.appium.settings because it was previously installed without
12-26 13:28:24.496  1303  1349 W PackageManager: Not granting permission android.permission.ACCESS_MOCK_LOCATION to package io.appium.settings (protectionLevel=2 flags=0x38883e46)
12-26 13:28:24.496  1303  1349 W PackageManager: Unknown permission android.permission.FOREGROUND_SERVICE in package io.appium.settings
12-26 13:28:24.496  1303  1349 W PackageManager: Not granting permission android.permission.READ_SMS to package io.appium.settings because it was previously installed without
12-26 13:28:24.496  1303  1349 W PackageManager: Not granting permission com.google.android.googleapps.permission.GOOGLE_AUTH to package com.android.providers.calendar (protectionLevel=2 flags=0x30083e45)
12-26 13:28:24.496  1303  1349 W PackageManager: Not granting permission com.google.android.googleapps.permission.GOOGLE_AUTH.cl to package com.android.providers.calendar (protectionLevel=2 flags=0x30083e45)
12-26 13:28:24.496  1303  1349 W PackageManager: Not granting permission android.permission.READ_EXTERNAL_STORAGE to package com.tradingview.tradingviewapp because it was previously installed without
12-26 13:28:24.496  1303  1349 W PackageManager: Unknown permission android.permission.FOREGROUND_SERVICE in package com.tradingview.tradingviewapp
12-26 13:28:24.496  1303  1349 W PackageManager: Not granting permission android.permission.WRITE_EXTERNAL_STORAGE to package uni.UNI953A01C because it was previously installed without
12-26 13:28:24.496  1303  1349 W PackageManager: Not granting permission android.permission.INSTALL_PACKAGES to package uni.UNI953A01C (protectionLevel=18 flags=0x38583e44)
