12-26 13:35:18.900  1303  1317 W BroadcastQueue: Permission Denial: receiving Intent { act=com.android.launcher3.action.LAUNCH flg=0x10 (has extras) } to com.google.android.gms/.chimera.GmsIntentOperationService$GmsExternalReceiver requires com.android.launcher3.permission.RECEIVE_LAUNCH_BROADCASTS due to sender com.android.launcher3 (uid 10029)
12-26 13:35:18.934  1303  1550 I ActivityManager: Start proc 2679:com.lemon.lemonban/u0a44 for activity com.lemon.lemonban/.activity.WelcomeActivity
12-26 13:35:18.952  1764  1764 D LdShortcut: shortcutCmd cmd=7
12-26 13:35:18.953  1303  2055 I ActivityManager: START u0 {act=android.intent.action.MAIN cat=[android.intent.category.LAUNCHER] flg=0x10200000 cmp=com.lemon.lemonban/.activity.WelcomeActivity bnds=[640,93][827,234] (has extras)} from uid 10029 on display 0
12-26 13:35:18.955  1303  1317 W BroadcastQueue: Permission Denial: receiving Intent { act=com.android.launcher3.action.LAUNCH flg=0x10 (has extras) } to com.google.android.gms/.chimera.GmsIntentOperationService$GmsExternalReceiver requires com.android.launcher3.permission.RECEIVE_LAUNCH_BROADCASTS due to sender com.android.launcher3 (uid 10029)
12-26 13:35:18.963  2679  2679 D libnativebridge: call UnloadNativeBridge! state=1
12-26 13:35:18.978  1303  1369 W AudioTrack: AUDIO_OUTPUT_FLAG_FAST denied by client; transfer 4, track 44100 Hz, output 48000 Hz
12-26 13:35:18.978  1115  1172 D audio_hw_hal: raw_start_output_stream, stream=0xc6f05140, sampleRate=48000, channel=2, bps=16, bufSize=4096
12-26 13:35:18.991  1303  2159 D WindowManager: updateRotationUncheckedLocked! mLastOrientation=1 old-mRotation=0 old-mAltOrientation=false new-mRotation=3 new-mAltOrientation=false
12-26 13:35:19.009  1110  1110 I gralloc_default: fb_setOrientation: orientation=3
12-26 13:35:19.010  1303  2159 I ActivityManager: Config changes=480 {1.0 ?mcc?mnc [zh_CN] ldltr sw480dp w480dp h829dp 240dpi lrg long port finger qwerty/v/v -nav/h s.6}
12-26 13:35:19.043  1303  2159 W ActivityManager: Slow operation: 51ms so far, now at attachApplicationLocked: after mServices.attachApplicationLocked
12-26 13:35:19.052  1303  1348 I InputReader: Reconfiguring input devices.  changes=0x00000004
12-26 13:35:19.053  1303  1348 I InputReader: Device reconfigured: id=2, name='input', size 1280x720, orientation 3, mode 1, display id 0
12-26 13:35:19.083  1907  1907 D AndroidAutoSize: initScaledDensity = 1.5 on ConfigurationChanged
12-26 13:35:19.092  1699  1699 W ContextImpl: Calling a method in the system process without a qualified user: android.app.ContextImpl.startService:1358 android.content.ContextWrapper.startService:613 android.content.ContextWrapper.startService:613 com.android.coreservice.CoreBroadcastReceiver.onReceive:53 android.app.ActivityThread.handleReceiver:3073 
12-26 13:35:19.137  1303  1324 D NotificationService: notify pkg=android pid=1303
12-26 13:35:19.176  1397  1397 I EGL_adreno: eglCreateContext request GLES major-version=2
12-26 13:35:19.192  1397  1397 D EGL_adreno: eglCreateContext: 0xa5cb79c0: maj 3 min 1 rcv 4
12-26 13:35:19.195  1397  1397 D EGL_adreno: eglMakeCurrent: 0xa5cb79c0: ver 3 1 (tinfo 0xa753e6c0)
12-26 13:35:19.216  1397  1397 D EGL_adreno: eglMakeCurrent: 0xa5cb79c0: ver 3 1 (tinfo 0xa753e6c0)
12-26 13:35:19.318  2679  2679 W System  : ClassLoader referenced unknown path: /data/app/com.lemon.lemonban-1/lib/x86
12-26 13:35:19.394  1397  1647 D EGL_adreno: eglMakeCurrent: 0xb6eea620: ver 3 1 (tinfo 0xa753e5a0)
12-26 13:35:19.413  1397  1647 E EGL_adreno: tid 1647: eglSurfaceAttrib(1338): error 0x3009 (EGL_BAD_MATCH)
12-26 13:35:19.413  1397  1647 W OpenGLRenderer: Failed to set EGL_SWAP_BEHAVIOR on surface 0xa5cbf320, error=EGL_BAD_MATCH
12-26 13:35:19.415  1397  1647 D EGL_adreno: eglMakeCurrent: 0xb6eea620: ver 3 1 (tinfo 0xa753e5a0)
12-26 13:35:19.428  1397  1397 I EGL_adreno: eglCreateContext request GLES major-version=2
12-26 13:35:19.434  2679  2679 W art     : Before Android 4.1, method android.graphics.PorterDuffColorFilter android.support.graphics.drawable.VectorDrawableCompat.updateTintFilter(android.graphics.PorterDuffColorFilter, android.content.res.ColorStateList, android.graphics.PorterDuff$Mode) would have incorrectly overridden the package-private method in android.graphics.drawable.Drawable
12-26 13:35:19.445  1397  1397 D EGL_adreno: eglCreateContext: 0xa39a6220: maj 3 min 1 rcv 4
12-26 13:35:19.448  1397  1397 D EGL_adreno: eglMakeCurrent: 0xa39a6220: ver 3 1 (tinfo 0xa753e6c0)
12-26 13:35:19.468  1397  1397 D EGL_adreno: eglMakeCurrent: 0xa39a6220: ver 3 1 (tinfo 0xa753e6c0)
12-26 13:35:19.498  1699  1699 W ContextImpl: Calling a method in the system process without a qualified user: android.app.ContextImpl.startService:1358 android.content.ContextWrapper.startService:613 android.content.ContextWrapper.startService:613 com.android.coreservice.CoreBroadcastReceiver.onReceive:53 android.app.ActivityThread.handleReceiver:3073 
12-26 13:35:19.539  2679  2679 I HostConnection: HostConnection::HostConnection: pid=2679, tid=2679, this=0xbd747180
12-26 13:35:19.540  2679  2679 I         : fastpipe: Connect success
12-26 13:35:19.540  2679  2679 D HostConnection: HostRPC::connect sucess: app=com.lemon.lemonban, pid=2679, tid=2679, this=0xb8f82980
12-26 13:35:19.540  2679  2679 D HostConnection: queryAndSetGLESMaxVersion select gles-version: 3.1 hostGLVersion:46 process:com.lemon.lemonban
12-26 13:35:19.541  2679  2679 I         : fastpipe: Connect success
12-26 13:35:19.541  2679  2679 D HostConnection: recv ProcessPuidReply name=com.lemon.lemonban puid=7 g_u64CapsFlag=1d
12-26 13:35:19.602  2679  2699 I HostConnection: HostConnection::HostConnection: pid=2679, tid=2699, this=0xbd7477c0
12-26 13:35:19.603  2679  2699 I         : fastpipe: Connect success
12-26 13:35:19.603  2679  2699 D HostConnection: HostRPC::connect sucess: app=com.lemon.lemonban, pid=2679, tid=2699, this=0xb8f89e00
12-26 13:35:19.603  2679  2699 D HostConnection: queryAndSetGLESMaxVersion select gles-version: 3.1 hostGLVersion:46 process:com.lemon.lemonban
12-26 13:35:19.604  2679  2699 I OpenGLRenderer: Initialized EGL, version 1.4
12-26 13:35:19.604  2679  2699 D OpenGLRenderer: Swap behavior 1
12-26 13:35:19.604  2679  2699 I EGL_adreno: eglCreateContext request GLES major-version=2
12-26 13:35:19.622  2679  2699 D EGL_adreno: eglCreateContext: 0xba504ac0: maj 3 min 1 rcv 4
12-26 13:35:19.633  2679  2699 D EGL_adreno: eglMakeCurrent: 0xba504ac0: ver 3 1 (tinfo 0xc7c176f0)
12-26 13:35:19.636  1699  1699 W ContextImpl: Calling a method in the system process without a qualified user: android.app.ContextImpl.startService:1358 android.content.ContextWrapper.startService:613 android.content.ContextWrapper.startService:613 com.android.coreservice.CoreBroadcastReceiver.onReceive:69 android.app.ActivityThread.handleReceiver:3073 
12-26 13:35:19.658  2679  2699 D HostConnection: ExtendedRCEncoderContext GL_VERSION return OpenGL ES 3.1
12-26 13:35:19.662  2679  2699 E EGL_adreno: tid 2699: eglSurfaceAttrib(1338): error 0x3009 (EGL_BAD_MATCH)
12-26 13:35:19.662  2679  2699 W OpenGLRenderer: Failed to set EGL_SWAP_BEHAVIOR on surface 0xa7845860, error=EGL_BAD_MATCH
12-26 13:35:19.664  1764  1764 W IInputConnectionWrapper: reportFullscreenMode on inexistent InputConnection
12-26 13:35:19.664  1699  1699 W ContextImpl: Calling a method in the system process without a qualified user: android.app.ContextImpl.startService:1358 android.content.ContextWrapper.startService:613 android.content.ContextWrapper.startService:613 com.android.coreservice.CoreBroadcastReceiver.onReceive:69 android.app.ActivityThread.handleReceiver:3073 
12-26 13:35:19.665  2679  2699 D EGL_adreno: eglMakeCurrent: 0xba504ac0: ver 3 1 (tinfo 0xc7c176f0)
12-26 13:35:19.687  1303  1324 E WindowManager: Performed 6 layouts in a row. Skipping
12-26 13:35:19.687  1303  1324 I ActivityManager: Displayed com.lemon.lemonban/.activity.WelcomeActivity: +765ms
12-26 13:35:19.694  1764  1978 D EGL_adreno: eglMakeCurrent: 0xb6e92ce0: ver 3 1 (tinfo 0xa6492130)
12-26 13:35:19.749  1303  1324 I WindowManager: Screen frozen for +751ms due to Window{75cf059 u0 com.lemon.lemonban/com.lemon.lemonban.activity.WelcomeActivity}
12-26 13:35:19.891  1889  2555 I chatty  : uid=10038(com.google.android.gms) Binder:1889_8 expire 3 lines
12-26 13:35:21.177  1303  1981 I ActivityManager: START u0 {cmp=com.lemon.lemonban/.activity.MainActivity} from uid 10044 on display 0
12-26 13:35:21.180  1699  1699 W ContextImpl: Calling a method in the system process without a qualified user: android.app.ContextImpl.startService:1358 android.content.ContextWrapper.startService:613 android.content.ContextWrapper.startService:613 com.android.coreservice.CoreBroadcastReceiver.onReceive:44 android.app.ActivityThread.handleReceiver:3073 
12-26 13:35:21.245  2679  2679 D NetworkSecurityConfig: No Network Security Config specified, using platform default
12-26 13:35:21.334  1303  1981 I ActivityManager: Start proc 2705:com.lemon.lemonban:pushservice/u0a44 for service com.lemon.lemonban/.service.LemonPushService
12-26 13:35:21.334  2679  2679 I lemonban: Enabling web debugging
12-26 13:35:21.345  2679  2679 W System  : ClassLoader referenced unknown path: /system/app/Chrome/lib/x86
12-26 13:35:21.345  2679  2679 D ApplicationLoaders: ignored Vulkan layer search path /system/app/Chrome/lib/x86:/system/app/Chrome/Chrome.apk!/lib/x86:/system/lib:/vendor/lib for namespace 0xc269d090
12-26 13:35:21.347  2679  2679 I WebViewFactory: Loading com.android.chrome version 86.0.4240.198 (code 424019821)
12-26 13:35:21.352  2705  2705 D libnativebridge: call UnloadNativeBridge! state=1
12-26 13:35:21.421  1699  1699 W ContextImpl: Calling a method in the system process without a qualified user: android.app.ContextImpl.startService:1358 android.content.ContextWrapper.startService:613 android.content.ContextWrapper.startService:613 com.android.coreservice.CoreBroadcastReceiver.onReceive:53 android.app.ActivityThread.handleReceiver:3073 
12-26 13:35:21.460  2679  2703 D JsonResponseBody: {"status":1,"code":"1001","data":{"vcode":"20181113","vname":"2.1.2","url":"http://m.lemonban.com//download/2018/11/12/1542011436734.apk","remark":"1、修复部分用户手机号码格式不正确的问题\r\n2、由于运营商号码段比较新，项目没有及时做同步\r\nTips：如果有问题大家可以及时反馈班主任，非常感谢！！！"},"msg":"获取app版本成功"}
12-26 13:35:21.527  2679  2679 I cr_LibraryLoader: Loaded native library version number "86.0.4240.198"
12-26 13:35:21.527  2679  2679 I cr_CachingUmaRecorder: Flushed 5 samples from 5 histograms.
12-26 13:35:21.580  1303  2417 I ActivityManager: Start proc 2725:com.android.chrome:webview_service/u0a24 for service com.android.chrome/org.chromium.android_webview.services.VariationsSeedServer
12-26 13:35:21.585  2679  2679 W ResourceType: Failure getting entry for 0x7f130606 (t=18 e=1542) (error -2147483647)
12-26 13:35:21.609  2725  2725 D libnativebridge: call UnloadNativeBridge! state=1
12-26 13:35:21.657  1699  1699 W ContextImpl: Calling a method in the system process without a qualified user: android.app.ContextImpl.startService:1358 android.content.ContextWrapper.startService:613 android.content.ContextWrapper.startService:613 com.android.coreservice.CoreBroadcastReceiver.onReceive:53 android.app.ActivityThread.handleReceiver:3073 
12-26 13:35:21.661  2725  2725 W System  : ClassLoader referenced unknown path: /system/app/Chrome/lib/x86
12-26 13:35:21.670  2725  2725 I LoadedApk: No resource references to update in package com.android.chrome.cablev2_authenticator
12-26 13:35:21.670  2725  2725 I LoadedApk: No resource references to update in package com.android.chrome.autofill_assistant
12-26 13:35:21.670  2725  2725 I LoadedApk: No resource references to update in package com.android.chrome.chime
12-26 13:35:21.670  2725  2725 I LoadedApk: No resource references to update in package com.android.chrome.dev_ui
12-26 13:35:21.670  2725  2725 I LoadedApk: No resource references to update in package com.android.chrome.stack_unwinder
12-26 13:35:21.671  2725  2725 I LoadedApk: No resource references to update in package com.android.chrome.test_dummy
12-26 13:35:21.683  1854  1854 I chatty  : uid=10038(com.google.android.gms) expire 1 line
12-26 13:35:21.689  2705  2705 W System  : ClassLoader referenced unknown path: /data/app/com.lemon.lemonban-1/lib/x86
12-26 13:35:21.760  2705  2756 D NetworkSecurityConfig: No Network Security Config specified, using platform default
12-26 13:35:21.840  2705  2705 W System.err: java.lang.Exception: call killProcess callstack! pid=2705
12-26 13:35:21.840  2705  2705 W System.err: 	at android.os.Process.killProcess(Process.java:1168)
12-26 13:35:21.840  2705  2705 W System.err: 	at com.igexin.sdk.GTServiceManager.onDestroy(Unknown Source)
12-26 13:35:21.840  2705  2705 W System.err: 	at com.lemon.lemonban.service.LemonPushService.onDestroy(LemonPushService.java:29)
12-26 13:35:21.840  2705  2705 W System.err: 	at android.app.ActivityThread.handleStopService(ActivityThread.java:3389)
12-26 13:35:21.840  2705  2705 W System.err: 	at android.app.ActivityThread.-wrap27(ActivityThread.java)
12-26 13:35:21.840  2705  2705 W System.err: 	at android.app.ActivityThread$H.handleMessage(ActivityThread.java:1592)
12-26 13:35:21.840  2705  2705 W System.err: 	at android.os.Handler.dispatchMessage(Handler.java:102)
12-26 13:35:21.840  2705  2705 W System.err: 	at android.os.Looper.loop(Looper.java:154)
12-26 13:35:21.840  2705  2705 W System.err: 	at android.app.ActivityThread.main(ActivityThread.java:6190)
12-26 13:35:21.840  2705  2705 W System.err: 	at java.lang.reflect.Method.invoke(Native Method)
12-26 13:35:21.840  2705  2705 W System.err: 	at com.android.internal.os.ZygoteInit$MethodAndArgsCaller.run(ZygoteInit.java:892)
12-26 13:35:21.840  2705  2705 W System.err: 	at com.android.internal.os.ZygoteInit.main(ZygoteInit.java:782)
12-26 13:35:21.840  2705  2705 I Process : Sending signal. PID: 2705 SIG: 9
12-26 13:35:21.860  1303  2416 I ActivityManager: Process com.lemon.lemonban:pushservice (pid 2705) has died
12-26 13:35:21.861  1303  2416 D ActivityManager: cleanUpApplicationRecord -- 2705
12-26 13:35:21.984  1699  1699 W ContextImpl: Calling a method in the system process without a qualified user: android.app.ContextImpl.startService:1358 android.content.ContextWrapper.startService:613 android.content.ContextWrapper.startService:613 com.android.coreservice.CoreBroadcastReceiver.onReceive:53 android.app.ActivityThread.handleReceiver:3073 
12-26 13:35:21.994  2679  2679 I Choreographer: Skipped 48 frames!  The application may be doing too much work on its main thread.
12-26 13:35:22.039  2679  2703 D JsonResponseBody: {"status":1,"code":"1001","data":{"bannerList":[{"id":11,"imageUrl":"http://f.lemonban.com/group1/M00/00/00/rBLKvFxmq9-AeD8vAAHop7yt5NM225.jpg","redirectUrl":"https://ke.qq.com/course/352400","lastupdatetime":""},{"id":12,"imageUrl":"http://f.lemonban.com/group1/M00/00/00/rBLKvFxmrOCAKwBpAAIscDugDPE374.jpg","redirectUrl":"https://ke.qq.com/course/282859","lastupdatetime":""},{"id":14,"imageUrl":"http://f.lemonban.com/group1/M00/00/00/rBLKvFxmrVmANX6rAAC4hPjK5h8240.jpg","redirectUrl":"https://ke.qq.com/course/352400","lastupdatetime":""},{"id":23,"imageUrl":"http://f.lemonban.com/group1/M00/00/00/rBLKvFxmrzKAL3A4AABtb5Wxb28005.jpg","redirectUrl":"https://ke.qq.com/course/264633","lastupdatetime":""}]},"msg":"获取banner列表成功"}
12-26 13:35:22.040  2679  2699 E EGL_adreno: tid 2699: eglSurfaceAttrib(1338): error 0x3009 (EGL_BAD_MATCH)
12-26 13:35:22.040  2679  2699 W OpenGLRenderer: Failed to set EGL_SWAP_BEHAVIOR on surface 0xa7845a20, error=EGL_BAD_MATCH
12-26 13:35:22.097  1115  1172 D audio_hw_hal: log_func, out_standby
12-26 13:35:22.097  1115  1172 D audio_hw_hal: raw_close_output_stream, dev=0xc6f0a0c0, stream =0xc6f05140
12-26 13:35:22.097  1115  1172 D audio_hw_hal: raw_close_output_stream, stream=0xc6f05140,  success!
12-26 13:35:22.114  2679  2699 D EGL_adreno: eglMakeCurrent: 0xba504ac0: ver 3 1 (tinfo 0xc7c176f0)
12-26 13:35:22.127  1303  1316 W JobInfo : Specified flex for 106833 is +57m36s0ms. Clamped to +1h12m0s0ms
12-26 13:35:22.150  1303  1324 I ActivityManager: Displayed com.lemon.lemonban/.activity.MainActivity: +963ms
12-26 13:35:22.153  1699  1699 W ContextImpl: Calling a method in the system process without a qualified user: android.app.ContextImpl.startService:1358 android.content.ContextWrapper.startService:613 android.content.ContextWrapper.startService:613 com.android.coreservice.CoreBroadcastReceiver.onReceive:69 android.app.ActivityThread.handleReceiver:3073 
12-26 13:35:22.510  2679  2684 I art     : Do partial code cache collection, code=25KB, data=31KB
12-26 13:35:22.510  2679  2684 I art     : After code cache collection, code=25KB, data=30KB
12-26 13:35:22.510  2679  2684 I art     : Increasing code cache capacity to 128KB
12-26 13:35:23.750  1303  1324 I art     : Starting a blocking GC Explicit
12-26 13:35:23.763  1303  1324 I art     : Explicit concurrent mark sweep GC freed 17085(1052KB) AllocSpace objects, 27(604KB) LOS objects, 33% free, 8MB/12MB, paused 233us total 13.399ms
12-26 13:35:24.210  1889  2223 I chatty  : uid=10038(com.google.android.gms) Binder:1889_3 expire 3 lines
12-26 13:35:24.211  1889  2223 W GLSActivity: 
12-26 13:35:24.211  1889  2223 W GLSActivity: java.io.IOException: NetworkError
12-26 13:35:24.211  1889  2223 W GLSActivity: 	at ght.getAuthToken(:com.google.android.gms@210613022@21.06.13 (040700-358943053):32)
12-26 13:35:24.211  1889  2223 W GLSActivity: 	at android.accounts.AbstractAccountAuthenticator$Transport.getAuthToken(AbstractAccountAuthenticator.java:244)
12-26 13:35:24.211  1889  2223 W GLSActivity: 	at android.accounts.IAccountAuthenticator$Stub.onTransact(IAccountAuthenticator.java:113)
12-26 13:35:24.211  1889  2223 W GLSActivity: 	at android.os.Binder.transact(Binder.java:499)
12-26 13:35:24.211  1889  2223 W GLSActivity: 	at dab.onTransact(:com.google.android.gms@210613022@21.06.13 (040700-358943053):2)
12-26 13:35:24.211  1889  2223 W GLSActivity: 	at android.os.Binder.transact(Binder.java:499)
12-26 13:35:24.211  1889  2223 W GLSActivity: 	at abrp.onTransact(:com.google.android.gms@210613022@21.06.13 (040700-358943053):17)
12-26 13:35:24.211  1889  2223 W GLSActivity: 	at android.os.Binder.execTransact(Binder.java:565)
12-26 13:35:24.211  1889  2569 E OAuthTokenProviderImpl: getTokenWithNotification failed [CONTEXT service_id=121 ]
12-26 13:35:24.211  1889  2569 E OAuthTokenProviderImpl: java.io.IOException: NetworkError
12-26 13:35:24.211  1889  2569 E OAuthTokenProviderImpl: 	at android.accounts.AccountManager.convertErrorToException(AccountManager.java:2205)
12-26 13:35:24.211  1889  2569 E OAuthTokenProviderImpl: 	at android.accounts.AccountManager.-wrap0(AccountManager.java)
12-26 13:35:24.211  1889  2569 E OAuthTokenProviderImpl: 	at android.accounts.AccountManager$AmsTask$Response.onError(AccountManager.java:2056)
12-26 13:35:24.211  1889  2569 E OAuthTokenProviderImpl: 	at android.accounts.IAccountManagerResponse$Stub.onTransact(IAccountManagerResponse.java:69)
12-26 13:35:24.211  1889  2569 E OAuthTokenProviderImpl: 	at android.os.Binder.execTransact(Binder.java:565)
12-26 13:35:24.212  1889  2569 E RouterBackendClient: updateUserPrefs failed [CONTEXT service_id=121 ]
12-26 13:35:24.212  1889  2569 E RouterBackendClient: afbh: getTokenWithNotification failed
12-26 13:35:24.212  1889  2569 E RouterBackendClient: 	at afau.a(:com.google.android.gms@210613022@21.06.13 (040700-358943053):5)
12-26 13:35:24.212  1889  2569 E RouterBackendClient: 	at afbd.a(:com.google.android.gms@210613022@21.06.13 (040700-358943053):30)
12-26 13:35:24.212  1889  2569 E RouterBackendClient: 	at afbi.call(:com.google.android.gms@210613022@21.06.13 (040700-358943053):2)
12-26 13:35:24.212  1889  2569 E RouterBackendClient: 	at java.util.concurrent.FutureTask.run(FutureTask.java:237)
12-26 13:35:24.212  1889  2569 E RouterBackendClient: 	at tyh.c(:com.google.android.gms@210613022@21.06.13 (040700-358943053):6)
12-26 13:35:24.212  1889  2569 E RouterBackendClient: 	at tyh.run(:com.google.android.gms@210613022@21.06.13 (040700-358943053):7)
12-26 13:35:24.212  1889  2569 E RouterBackendClient: 	at java.util.concurrent.ThreadPoolExecutor.runWorker(ThreadPoolExecutor.java:1133)
12-26 13:35:24.212  1889  2569 E RouterBackendClient: 	at java.util.concurrent.ThreadPoolExecutor$Worker.run(ThreadPoolExecutor.java:607)
12-26 13:35:24.212  1889  2569 E RouterBackendClient: 	at ueh.run(:com.google.android.gms@210613022@21.06.13 (040700-358943053):0)
12-26 13:35:24.212  1889  2569 E RouterBackendClient: 	at java.lang.Thread.run(Thread.java:761)
12-26 13:35:24.212  1889  2569 E RouterBackendClient: Caused by: java.io.IOException: NetworkError
12-26 13:35:24.212  1889  2569 E RouterBackendClient: 	at android.accounts.AccountManager.convertErrorToException(AccountManager.java:2205)
12-26 13:35:24.212  1889  2569 E RouterBackendClient: 	at android.accounts.AccountManager.-wrap0(AccountManager.java)
12-26 13:35:24.212  1889  2569 E RouterBackendClient: 	at android.accounts.AccountManager$AmsTask$Response.onError(AccountManager.java:2056)
12-26 13:35:24.212  1889  2569 E RouterBackendClient: 	at android.accounts.IAccountManagerResponse$Stub.onTransact(IAccountManagerResponse.java:69)
12-26 13:35:24.212  1889  2569 E RouterBackendClient: 	at android.os.Binder.execTransact(Binder.java:565)
12-26 13:35:24.217  1889  2569 E UserPrefsUpdater: Failed updateUserPrefs: status=0 force=false [CONTEXT service_id=121 ]
12-26 13:35:24.217  1889  2569 E UserPrefsUpdater: cqrf: UNAUTHENTICATED
12-26 13:35:24.217  1889  2569 E UserPrefsUpdater: 	at afbd.a(:com.google.android.gms@210613022@21.06.13 (040700-358943053):39)
12-26 13:35:24.217  1889  2569 E UserPrefsUpdater: 	at afbi.call(:com.google.android.gms@210613022@21.06.13 (040700-358943053):2)
12-26 13:35:24.217  1889  2569 E UserPrefsUpdater: 	at java.util.concurrent.FutureTask.run(FutureTask.java:237)
12-26 13:35:24.217  1889  2569 E UserPrefsUpdater: 	at tyh.c(:com.google.android.gms@210613022@21.06.13 (040700-358943053):6)
12-26 13:35:24.217  1889  2569 E UserPrefsUpdater: 	at tyh.run(:com.google.android.gms@210613022@21.06.13 (040700-358943053):7)
12-26 13:35:24.217  1889  2569 E UserPrefsUpdater: 	at java.util.concurrent.ThreadPoolExecutor.runWorker(ThreadPoolExecutor.java:1133)
12-26 13:35:24.217  1889  2569 E UserPrefsUpdater: 	at java.util.concurrent.ThreadPoolExecutor$Worker.run(ThreadPoolExecutor.java:607)
12-26 13:35:24.217  1889  2569 E UserPrefsUpdater: 	at ueh.run(:com.google.android.gms@210613022@21.06.13 (040700-358943053):0)
12-26 13:35:24.217  1889  2569 E UserPrefsUpdater: 	at java.lang.Thread.run(Thread.java:761)
12-26 13:35:33.506  1889  1889 D BoundBrokerSvc: onUnbind: Intent { act=com.google.android.gms.auth.account.workaccount.START cmp=com.google.android.gms/.chimera.PersistentApiService }
12-26 13:35:37.128  1854  1854 D BoundBrokerSvc: onUnbind: Intent { act=com.google.android.gms.safetynet.service.START pkg=com.google.android.gms }
12-26 13:35:39.698  1889  2283 W Conscrypt: Could not set socket write timeout: java.net.SocketException: Socket closed
12-26 13:35:39.698  1889  2283 W Conscrypt: 	at com.google.android.gms.org.conscrypt.Platform.setSocketWriteTimeout(:com.google.android.gms@210613022@21.06.13 (040700-358943053):2)
12-26 13:35:39.698  1889  2283 W Conscrypt: 	at com.google.android.gms.org.conscrypt.ConscryptFileDescriptorSocket.setSoWriteTimeout(:com.google.android.gms@210613022@21.06.13 (040700-358943053):0)
12-26 13:35:40.311  2679  2684 I art     : Do partial code cache collection, code=61KB, data=60KB
12-26 13:35:40.312  2679  2684 I art     : After code cache collection, code=61KB, data=60KB
12-26 13:35:40.312  2679  2684 I art     : Increasing code cache capacity to 256KB
12-26 13:35:48.482  1889  2283 V NativeCrypto: SSL handshake aborted: ssl=0xb6e9e248: I/O error during system call, Connection reset by peer
12-26 13:35:57.938  1889  2475 E WakeLock: *gms_scheduler*/com.google.android.gms/.mdisync.service.MdiSyncBackgroundTaskService ** IS FORCE-RELEASED ON TIMEOUT **
12-26 13:35:58.330  1889  2475 E WakeLock: *gms_scheduler*/com.google.android.gms/.instantapps.routing.DomainFilterUpdateService ** IS FORCE-RELEASED ON TIMEOUT **
12-26 13:36:05.233  1115  1172 D audio_hw_hal: raw_start_output_stream, stream=0xc6f05140, sampleRate=48000, channel=2, bps=16, bufSize=4096
12-26 13:36:05.234  1115  1172 D AudioFlinger: mixer(0xc5a80000) throttle end: throttle time(10)
12-26 13:36:06.332  1699  1699 W ContextImpl: Calling a method in the system process without a qualified user: android.app.ContextImpl.startService:1358 android.content.ContextWrapper.startService:613 android.content.ContextWrapper.startService:613 com.android.coreservice.CoreBroadcastReceiver.onReceive:69 android.app.ActivityThread.handleReceiver:3073 
12-26 13:36:06.345  1115  1172 D AudioFlinger: mixer(0xc5a80000) throttle end: throttle time(3)
12-26 13:36:07.905  1303  1981 I ActivityManager: START u0 {cmp=com.lemon.lemonban/.activity.LoginActActivity} from uid 10044 on display 0
12-26 13:36:07.907  1699  1699 W ContextImpl: Calling a method in the system process without a qualified user: android.app.ContextImpl.startService:1358 android.content.ContextWrapper.startService:613 android.content.ContextWrapper.startService:613 com.android.coreservice.CoreBroadcastReceiver.onReceive:44 android.app.ActivityThread.handleReceiver:3073 
12-26 13:36:07.921  1699  1699 W ContextImpl: Calling a method in the system process without a qualified user: android.app.ContextImpl.startService:1358 android.content.ContextWrapper.startService:613 android.content.ContextWrapper.startService:613 com.android.coreservice.CoreBroadcastReceiver.onReceive:53 android.app.ActivityThread.handleReceiver:3073 
12-26 13:36:07.964  2679  2699 E EGL_adreno: tid 2699: eglSurfaceAttrib(1338): error 0x3009 (EGL_BAD_MATCH)
12-26 13:36:07.964  2679  2699 W OpenGLRenderer: Failed to set EGL_SWAP_BEHAVIOR on surface 0xa2186940, error=EGL_BAD_MATCH
12-26 13:36:07.967  2679  2699 D EGL_adreno: eglMakeCurrent: 0xba504ac0: ver 3 1 (tinfo 0xc7c176f0)
12-26 13:36:07.981  2679  2699 D EGL_adreno: eglMakeCurrent: 0xba504ac0: ver 3 1 (tinfo 0xc7c176f0)
12-26 13:36:07.985  1303  1324 I ActivityManager: Displayed com.lemon.lemonban/.activity.LoginActActivity: +78ms
12-26 13:36:07.986  1699  1699 W ContextImpl: Calling a method in the system process without a qualified user: android.app.ContextImpl.startService:1358 android.content.ContextWrapper.startService:613 android.content.ContextWrapper.startService:613 com.android.coreservice.CoreBroadcastReceiver.onReceive:69 android.app.ActivityThread.handleReceiver:3073 
12-26 13:36:07.988  1699  1699 W ContextImpl: Calling a method in the system process without a qualified user: android.app.ContextImpl.startService:1358 android.content.ContextWrapper.startService:613 android.content.ContextWrapper.startService:613 com.android.coreservice.CoreBroadcastReceiver.onReceive:69 android.app.ActivityThread.handleReceiver:3073 
12-26 13:36:07.990  1699  1699 W ContextImpl: Calling a method in the system process without a qualified user: android.app.ContextImpl.startService:1358 android.content.ContextWrapper.startService:613 android.content.ContextWrapper.startService:613 com.android.coreservice.CoreBroadcastReceiver.onReceive:69 android.app.ActivityThread.handleReceiver:3073 
12-26 13:36:07.993  1699  1699 W ContextImpl: Calling a method in the system process without a qualified user: android.app.ContextImpl.startService:1358 android.content.ContextWrapper.startService:613 android.content.ContextWrapper.startService:613 com.android.coreservice.CoreBroadcastReceiver.onReceive:69 android.app.ActivityThread.handleReceiver:3073 
12-26 13:36:07.993  2679  2699 D EGL_adreno: eglMakeCurrent: 0xba504ac0: ver 3 1 (tinfo 0xc7c176f0)
12-26 13:36:07.999  2679  2699 D EGL_adreno: eglMakeCurrent: 0xba504ac0: ver 3 1 (tinfo 0xc7c176f0)
12-26 13:36:08.001  1303  2159 D NotificationService: notify pkg=android pid=1303
12-26 13:36:08.013  2679  2699 D EGL_adreno: eglMakeCurrent: 0xba504ac0: ver 3 1 (tinfo 0xc7c176f0)
12-26 13:36:08.018  2113  2113 I HostConnection: HostConnection::HostConnection: pid=2113, tid=2113, this=0xb8fac340
12-26 13:36:08.018  2113  2113 I         : fastpipe: Connect success
12-26 13:36:08.019  2113  2113 D HostConnection: HostRPC::connect sucess: app=com.android.inputmethod.pinyin, pid=2113, tid=2113, this=0xb8fb3300
12-26 13:36:08.020  2113  2113 D HostConnection: queryAndSetGLESMaxVersion select gles-version: 3.1 hostGLVersion:46 process:com.android.inputmethod.pinyin
12-26 13:36:08.020  2113  2113 I         : fastpipe: Connect success
12-26 13:36:08.020  2113  2113 D HostConnection: recv ProcessPuidReply name=com.android.inputmethod.pinyin puid=8 g_u64CapsFlag=1d
12-26 13:36:08.031  1303  1550 D NotificationService: notify pkg=android pid=1303
12-26 13:36:08.035  2679  2699 D OpenGLRenderer: endAllActiveAnimators on 0xa7945800 (RippleDrawable) with handle 0xa7932110
12-26 13:36:08.047  1397  1449 I art     : Do partial code cache collection, code=52KB, data=62KB
12-26 13:36:08.047  1397  1449 I art     : After code cache collection, code=52KB, data=62KB
12-26 13:36:08.047  1397  1449 I art     : Increasing code cache capacity to 256KB
12-26 13:36:08.050  2113  2809 I HostConnection: HostConnection::HostConnection: pid=2113, tid=2809, this=0xb8fac500
12-26 13:36:08.050  2113  2809 I         : fastpipe: Connect success
12-26 13:36:08.050  2113  2809 D HostConnection: HostRPC::connect sucess: app=com.android.inputmethod.pinyin, pid=2113, tid=2809, this=0xa6f82480
12-26 13:36:08.051  2113  2809 D HostConnection: queryAndSetGLESMaxVersion select gles-version: 3.1 hostGLVersion:46 process:com.android.inputmethod.pinyin
12-26 13:36:08.051  2113  2809 I OpenGLRenderer: Initialized EGL, version 1.4
12-26 13:36:08.051  2113  2809 D OpenGLRenderer: Swap behavior 1
12-26 13:36:08.051  2113  2809 I EGL_adreno: eglCreateContext request GLES major-version=2
12-26 13:36:08.070  2113  2809 D EGL_adreno: eglCreateContext: 0xb75652a0: maj 3 min 1 rcv 4
12-26 13:36:08.076  2113  2809 D EGL_adreno: eglMakeCurrent: 0xb75652a0: ver 3 1 (tinfo 0xb75647b0)
12-26 13:36:08.077  2113  2809 D HostConnection: ExtendedRCEncoderContext GL_VERSION return OpenGL ES 3.1
12-26 13:36:08.080  2113  2809 E EGL_adreno: tid 2809: eglSurfaceAttrib(1338): error 0x3009 (EGL_BAD_MATCH)
12-26 13:36:08.080  2113  2809 W OpenGLRenderer: Failed to set EGL_SWAP_BEHAVIOR on surface 0xa6e43780, error=EGL_BAD_MATCH
12-26 13:36:08.501  2679  2699 D EGL_adreno: eglMakeCurrent: 0xba504ac0: ver 3 1 (tinfo 0xc7c176f0)
12-26 13:36:11.019  1115  1172 D audio_hw_hal: log_func, out_standby
12-26 13:36:11.019  1115  1172 D audio_hw_hal: raw_close_output_stream, dev=0xc6f0a0c0, stream =0xc6f05140
12-26 13:36:11.019  1115  1172 D audio_hw_hal: raw_close_output_stream, stream=0xc6f05140,  success!
12-26 13:36:22.116  1303  1316 W SyncManager: Detected sync making no progress for startTime 412782, mTimeoutStartTime 412782, mHistoryRowId 13, syncOperation JobId: 103631, yunxiao88888888@gmail.com u0 (com.google), com.google.android.gms.reminders, PERIODIC, reason: Periodic, period: 86400000, flexMillis: 3456000. cancelling.
12-26 13:36:23.468  1889  1904 W Conscrypt: Could not set socket write timeout: java.net.SocketException: Socket closed
12-26 13:36:23.469  1889  1904 W Conscrypt: 	at com.google.android.gms.org.conscrypt.Platform.setSocketWriteTimeout(:com.google.android.gms@210613022@21.06.13 (040700-358943053):2)
12-26 13:36:23.469  1889  1904 W Conscrypt: 	at com.google.android.gms.org.conscrypt.ConscryptFileDescriptorSocket.setSoWriteTimeout(:com.google.android.gms@210613022@21.06.13 (040700-358943053):0)
12-26 13:36:25.440  1889  1904 V NativeCrypto: SSL handshake aborted: ssl=0xb6e9d8a8: I/O error during system call, Connection reset by peer
12-26 13:36:25.777  1889  2556 W Conscrypt: Could not set socket write timeout: java.net.SocketException: Socket closed
12-26 13:36:25.777  1889  2556 W Conscrypt: 	at com.google.android.gms.org.conscrypt.Platform.setSocketWriteTimeout(:com.google.android.gms@210613022@21.06.13 (040700-358943053):2)
12-26 13:36:25.777  1889  2556 W Conscrypt: 	at com.google.android.gms.org.conscrypt.ConscryptFileDescriptorSocket.setSoWriteTimeout(:com.google.android.gms@210613022@21.06.13 (040700-358943053):0)
12-26 13:36:36.836  1303  1357 D WifiStateMachine: setScanResults mScanResults.size=1
12-26 13:36:39.416  1889  2223 W Conscrypt: Could not set socket write timeout: java.net.SocketException: Socket closed
12-26 13:36:39.416  1889  2223 W Conscrypt: 	at com.google.android.gms.org.conscrypt.Platform.setSocketWriteTimeout(:com.google.android.gms@210613022@21.06.13 (040700-358943053):2)
12-26 13:36:39.416  1889  2223 W Conscrypt: 	at com.google.android.gms.org.conscrypt.ConscryptFileDescriptorSocket.setSoWriteTimeout(:com.google.android.gms@210613022@21.06.13 (040700-358943053):0)
12-26 13:36:41.363  1889  2223 V NativeCrypto: SSL handshake aborted: ssl=0xb6e9d528: I/O error during system call, Connection reset by peer
12-26 13:36:49.910  1889  2555 E AuthPII : [GoogleAccountDataServiceImpl] getToken() -> NETWORK_ERROR. Account: Account {name=yunxiao88888888@gmail.com, type=com.google}, App: com.android.chrome, Service: oauth2:https://www.googleapis.com/auth/userinfo.email https://www.googleapis.com/auth/userinfo.profile
12-26 13:36:49.910  1889  2555 E AuthPII : szk: Error when calling server.
12-26 13:36:49.910  1889  2555 E AuthPII : 	at gku.d(:com.google.android.gms@210613022@21.06.13 (040700-358943053):7)
12-26 13:36:49.910  1889  2555 E AuthPII : 	at gjg.l(:com.google.android.gms@210613022@21.06.13 (040700-358943053):39)
12-26 13:36:49.910  1889  2555 E AuthPII : 	at cyb.g(:com.google.android.gms@210613022@21.06.13 (040700-358943053):32)
12-26 13:36:49.910  1889  2555 E AuthPII : 	at cyb.c(:com.google.android.gms@210613022@21.06.13 (040700-358943053):42)
12-26 13:36:49.910  1889  2555 E AuthPII : 	at cyb.dS(:com.google.android.gms@210613022@21.06.13 (040700-358943053):4)
12-26 13:36:49.910  1889  2555 E AuthPII : 	at cvi.onTransact(:com.google.android.gms@210613022@21.06.13 (040700-358943053):5)
12-26 13:36:49.910  1889  2555 E AuthPII : 	at android.os.Binder.transact(Binder.java:499)
12-26 13:36:49.910  1889  2555 E AuthPII : 	at dab.onTransact(:com.google.android.gms@210613022@21.06.13 (040700-358943053):2)
12-26 13:36:49.910  1889  2555 E AuthPII : 	at android.os.Binder.transact(Binder.java:499)
12-26 13:36:49.910  1889  2555 E AuthPII : 	at abrp.onTransact(:com.google.android.gms@210613022@21.06.13 (040700-358943053):17)
12-26 13:36:49.910  1889  2555 E AuthPII : 	at android.os.Binder.execTransact(Binder.java:565)
12-26 13:36:49.910  1889  2555 E AuthPII : Caused by: java.net.SocketTimeoutException: connect timed out
12-26 13:36:49.910  1889  2555 E AuthPII : 	at java.net.PlainSocketImpl.socketConnect(Native Method)
12-26 13:36:49.910  1889  2555 E AuthPII : 	at java.net.AbstractPlainSocketImpl.doConnect(AbstractPlainSocketImpl.java:334)
12-26 13:36:49.910  1889  2555 E AuthPII : 	at java.net.AbstractPlainSocketImpl.connectToAddress(AbstractPlainSocketImpl.java:196)
12-26 13:36:49.910  1889  2555 E AuthPII : 	at java.net.AbstractPlainSocketImpl.connect(AbstractPlainSocketImpl.java:178)
12-26 13:36:49.910  1889  2555 E AuthPII : 	at java.net.SocksSocketImpl.connect(SocksSocketImpl.java:356)
12-26 13:36:49.910  1889  2555 E AuthPII : 	at java.net.Socket.connect(Socket.java:605)
12-26 13:36:49.910  1889  2555 E AuthPII : 	at com.android.okhttp.internal.Platform.connectSocket(Platform.java:113)
12-26 13:36:49.910  1889  2555 E AuthPII : 	at com.android.okhttp.Connection.connectSocket(Connection.java:196)
12-26 13:36:49.910  1889  2555 E AuthPII : 	at com.android.okhttp.Connection.connect(Connection.java:172)
12-26 13:36:49.910  1889  2555 E AuthPII : 	at com.android.okhttp.Connection.connectAndSetOwner(Connection.java:367)
12-26 13:36:49.910  1889  2555 E AuthPII : 	at com.android.okhttp.OkHttpClient$1.connectAndSetOwner(OkHttpClient.java:130)
12-26 13:36:49.910  1889  2555 E AuthPII : 	at com.android.okhttp.internal.http.HttpEngine.connect(HttpEngine.java:329)
12-26 13:36:49.910  1889  2555 E AuthPII : 	at com.android.okhttp.internal.http.HttpEngine.sendRequest(HttpEngine.java:246)
12-26 13:36:49.910  1889  2555 E AuthPII : 	at com.android.okhttp.internal.huc.HttpURLConnectionImpl.execute(HttpURLConnectionImpl.java:510)
12-26 13:36:49.910  1889  2555 E AuthPII : 	at com.android.okhttp.internal.huc.HttpURLConnectionImpl.connect(HttpURLConnectionImpl.java:132)
12-26 13:36:49.910  1889  2555 E AuthPII : 	at com.android.okhttp.internal.huc.HttpURLConnectionImpl.getOutputStream(HttpURLConnectionImpl.java:263)
12-26 13:36:49.910  1889  2555 E AuthPII : 	at com.android.okhttp.internal.huc.DelegatingHttpsURLConnection.getOutputStream(DelegatingHttpsURLConnection.java:218)
12-26 13:36:49.910  1889  2555 E AuthPII : 	at com.android.okhttp.internal.huc.HttpsURLConnectionImpl.getOutputStream(HttpsURLConnectionImpl.java)
12-26 13:36:49.910  1889  2555 E AuthPII : 	at adlr.d(:com.google.android.gms@210613022@21.06.13 (040700-358943053):38)
12-26 13:36:49.910  1889  2555 E AuthPII : 	at jgr.a(:com.google.android.gms@210613022@21.06.13 (040700-358943053):13)
12-26 13:36:49.910  1889  2555 E AuthPII : 	at gkj.b(:com.google.android.gms@210613022@21.06.13 (040700-358943053):5)
12-26 13:36:49.910  1889  2555 E AuthPII : 	at gkj.a(:com.google.android.gms@210613022@21.06.13 (040700-358943053):5)
12-26 13:36:49.910  1889  2555 E AuthPII : 	at gku.d(:com.google.android.gms@210613022@21.06.13 (040700-358943053):6)
12-26 13:36:49.910  1889  2555 E AuthPII : 	... 10 more
12-26 13:36:49.910  1889  2555 E AuthPII : Message is Error when calling server.
12-26 13:36:49.910  1889  2555 E AuthPII : szk: Error when calling server.
12-26 13:36:49.910  1889  2555 E AuthPII : 	at gku.d(:com.google.android.gms@210613022@21.06.13 (040700-358943053):7)
12-26 13:36:49.910  1889  2555 E AuthPII : 	at gjg.l(:com.google.android.gms@210613022@21.06.13 (040700-358943053):39)
12-26 13:36:49.910  1889  2555 E AuthPII : 	at cyb.g(:com.google.android.gms@210613022@21.06.13 (040700-358943053):32)
12-26 13:36:49.910  1889  2555 E AuthPII : 	at cyb.c(:com.google.android.gms@210613022@21.06.13 (040700-358943053):42)
12-26 13:36:49.910  1889  2555 E AuthPII : 	at cyb.dS(:com.google.android.gms@210613022@21.06.13 (040700-358943053):4)
12-26 13:36:49.910  1889  2555 E AuthPII : 	at cvi.onTransact(:com.google.android.gms@210613022@21.06.13 (040700-358943053):5)
12-26 13:36:49.910  1889  2555 E AuthPII : 	at android.os.Binder.transact(Binder.java:499)
12-26 13:36:49.910  1889  2555 E AuthPII : 	at dab.onTransact(:com.google.android.gms@210613022@21.06.13 (040700-358943053):2)
12-26 13:36:49.910  1889  2555 E AuthPII : 	at android.os.Binder.transact(Binder.java:499)
12-26 13:36:49.910  1889  2555 E AuthPII : 	at abrp.onTransact(:com.google.android.gms@210613022@21.06.13 (040700-358943053):17)
12-26 13:36:49.910  1889  2555 E AuthPII : 	at android.os.Binder.execTransact(Binder.java:565)
12-26 13:36:49.910  1889  2555 E AuthPII : Caused by: java.net.SocketTimeoutException: connect timed out
12-26 13:36:49.910  1889  2555 E AuthPII : 	at java.net.PlainSocketImpl.socketConnect(Native Method)
12-26 13:36:49.910  1889  2555 E AuthPII : 	at java.net.AbstractPlainSocketImpl.doConnect(AbstractPlainSocketImpl.java:334)
12-26 13:36:49.910  1889  2555 E AuthPII : 	at java.net.AbstractPlainSocketImpl.connectToAddress(AbstractPlainSocketImpl.java:196)
12-26 13:36:49.910  1889  2555 E AuthPII : 	at java.net.AbstractPlainSocketImpl.connect(AbstractPlainSocketImpl.java:178)
12-26 13:36:49.910  1889  2555 E AuthPII : 	at java.net.SocksSocketImpl.connect(SocksSocketImpl.java:356)
12-26 13:36:49.910  1889  2555 E AuthPII : 	at java.net.Socket.connect(Socket.java:605)
12-26 13:36:49.910  1889  2555 E AuthPII : 	at com.android.okhttp.internal.Platform.connectSocket(Platform.java:113)
12-26 13:36:49.910  1889  2555 E AuthPII : 	at com.android.okhttp.Connection.connectSocket(Connection.java:196)
12-26 13:36:49.910  1889  2555 E AuthPII : 	at com.android.okhttp.Connection.connect(Connection.java:172)
12-26 13:36:49.910  1889  2555 E AuthPII : 	at com.android.okhttp.Connection.connectAndSetOwner(Connection.java:367)
12-26 13:36:49.910  1889  2555 E AuthPII : 	at com.android.okhttp.OkHttpClient$1.connectAndSetOwner(OkHttpClient.java:130)
12-26 13:36:49.910  1889  2555 E AuthPII : 	at com.android.okhttp.internal.http.HttpEngine.connect(HttpEngine.java:329)
12-26 13:36:49.910  1889  2555 E AuthPII : 	at com.android.okhttp.internal.http.HttpEngine.sendRequest(HttpEngine.java:246)
12-26 13:36:49.910  1889  2555 E AuthPII : 	at com.android.okhttp.internal.huc.HttpURLConnectionImpl.execute(HttpURLConnectionImpl.java:510)
12-26 13:36:49.910  1889  2555 E AuthPII : 	at com.android.okhttp.internal.huc.HttpURLConnectionImpl.connect(HttpURLConnectionImpl.java:132)
12-26 13:36:49.910  1889  2555 E AuthPII : 	at com.android.okhttp.internal.huc.HttpURLConnectionImpl.getOutputStream(HttpURLConnectionImpl.java:263)
12-26 13:36:49.910  1889  2555 E AuthPII : 	at com.android.okhttp.internal.huc.DelegatingHttpsURLConnection.getOutputStream(DelegatingHttpsURLConnection.java:218)
12-26 13:36:49.910  1889  2555 E AuthPII : 	at com.android.okhttp.internal.huc.HttpsURLConnectionImpl.getOutputStream(HttpsURLConnectionImpl.java)
12-26 13:36:49.910  1889  2555 E AuthPII : 	at adlr.d(:com.google.android.gms@210613022@21.06.13 (040700-358943053):38)
12-26 13:36:49.910  1889  2555 E AuthPII : 	at jgr.a(:com.google.android.gms@210613022@21.06.13 (040700-358943053):13)
12-26 13:36:49.910  1889  2555 E AuthPII : 	at gkj.b(:com.google.android.gms@210613022@21.06.13 (040700-358943053):5)
12-26 13:36:49.910  1889  2555 E AuthPII : 	at gkj.a(:com.google.android.gms@210613022@21.06.13 (040700-358943053):5)
12-26 13:36:49.910  1889  2555 E AuthPII : 	at gku.d(:com.google.android.gms@210613022@21.06.13 (040700-358943053):6)
12-26 13:36:49.910  1889  2555 E AuthPII : 	... 10 more
12-26 13:36:49.910  1889  2555 W GetToken: [GetToken]GetToken failed with status code: NetworkError
12-26 13:36:49.911  1815  2247 W cr_OAuth2TokenService: Failed to perform auth task: rO2: java.io.IOException: NetworkError
12-26 13:36:49.911  1815  2247 W cr_OAuth2TokenService: Caused by: java.io.IOException: NetworkError
12-26 13:36:56.518  1889  2223 W Conscrypt: Could not set socket write timeout: java.net.SocketException: Socket closed
12-26 13:36:56.518  1889  2223 W Conscrypt: 	at com.google.android.gms.org.conscrypt.Platform.setSocketWriteTimeout(:com.google.android.gms@210613022@21.06.13 (040700-358943053):2)
12-26 13:36:56.518  1889  2223 W Conscrypt: 	at com.google.android.gms.org.conscrypt.ConscryptFileDescriptorSocket.setSoWriteTimeout(:com.google.android.gms@210613022@21.06.13 (040700-358943053):0)
12-26 13:36:56.673  1889  2223 V NativeCrypto: SSL handshake aborted: ssl=0xb6e9d528: I/O error during system call, Connection reset by peer
12-26 13:37:14.878  2225  2399 E PlayCommon: [158] aelk.j(132): Failed to connect to server for server timestamp: java.net.SocketTimeoutException: connect timed out
12-26 13:37:19.927  1815  2822 W MessengerIpcClient: Timing out request: 1
12-26 13:37:19.973  1303  2694 I ActivityManager: Start proc 2836:com.android.chrome:sandboxed_process0/u0i0 for service com.android.chrome/org.chromium.content.app.SandboxedProcessService0
12-26 13:37:19.989  2836  2836 D libnativebridge: call UnloadNativeBridge! state=1
12-26 13:37:20.002  2836  2836 W System  : ClassLoader referenced unknown path: /system/app/Chrome/lib/x86
12-26 13:37:20.008  2836  2836 I LoadedApk: No resource references to update in package com.android.chrome.cablev2_authenticator
12-26 13:37:20.008  2836  2836 I LoadedApk: No resource references to update in package com.android.chrome.autofill_assistant
12-26 13:37:20.008  2836  2836 I LoadedApk: No resource references to update in package com.android.chrome.chime
12-26 13:37:20.009  2836  2836 I LoadedApk: No resource references to update in package com.android.chrome.dev_ui
12-26 13:37:20.009  2836  2836 I LoadedApk: No resource references to update in package com.android.chrome.stack_unwinder
12-26 13:37:20.009  2836  2836 I LoadedApk: No resource references to update in package com.android.chrome.test_dummy
12-26 13:37:20.010  2836  2836 I cr_ChildProcessService: Creating new ChildProcessService pid=2836
12-26 13:37:20.018  1303  1546 I ActivityManager: Killing 1728:com.android.keychain/1000 (adj 906): empty #17
12-26 13:37:20.040  2836  2850 I cr_LibraryLoader: Loaded native library version number "86.0.4240.198"
12-26 13:37:20.041  2836  2850 I cr_CachingUmaRecorder: Flushed 1 samples from 1 histograms.
12-26 13:37:20.042  1303  1981 D ActivityManager: cleanUpApplicationRecord -- 1728
12-26 13:37:20.074  2836  2850 I chromium: [INFO:child_process_service.cc(69)] ChildProcessService: Exiting child process.
12-26 13:37:20.099  1303  1753 I ActivityManager: Process com.android.chrome:sandboxed_process0 (pid 2836) has died
12-26 13:37:20.099  1303  1753 D ActivityManager: cleanUpApplicationRecord -- 2836
12-26 13:37:20.101  1303  1320 E KernelCpuSpeedReader: Failed to read cpu-freq: /sys/devices/system/cpu/cpu0/cpufreq/stats/time_in_state (No such file or directory)
12-26 13:37:20.101  1303  1320 E KernelUidCpuTimeReader: Failed to read uid_cputime: /proc/uid_cputime/show_uid_stat (No such file or directory)
12-26 13:37:20.103  1303  1320 E KernelUidCpuTimeReader: failed to remove uid from uid_cputime module
12-26 13:37:20.103  1303  1320 E KernelUidCpuTimeReader: java.io.FileNotFoundException: /proc/uid_cputime/remove_uid_range (No such file or directory)
12-26 13:37:20.103  1303  1320 E KernelUidCpuTimeReader: 	at java.io.FileOutputStream.open(Native Method)
12-26 13:37:20.103  1303  1320 E KernelUidCpuTimeReader: 	at java.io.FileOutputStream.<init>(FileOutputStream.java:221)
12-26 13:37:20.103  1303  1320 E KernelUidCpuTimeReader: 	at java.io.FileOutputStream.<init>(FileOutputStream.java:108)
12-26 13:37:20.103  1303  1320 E KernelUidCpuTimeReader: 	at java.io.FileWriter.<init>(FileWriter.java:63)
12-26 13:37:20.103  1303  1320 E KernelUidCpuTimeReader: 	at com.android.internal.os.KernelUidCpuTimeReader.removeUid(KernelUidCpuTimeReader.java:158)
12-26 13:37:20.103  1303  1320 E KernelUidCpuTimeReader: 	at com.android.internal.os.BatteryStatsImpl.removeIsolatedUidLocked(BatteryStatsImpl.java:3161)
12-26 13:37:20.103  1303  1320 E KernelUidCpuTimeReader: 	at com.android.server.am.BatteryStatsService$BatteryStatsHandler.handleMessage(BatteryStatsService.java:141)
12-26 13:37:20.103  1303  1320 E KernelUidCpuTimeReader: 	at android.os.Handler.dispatchMessage(Handler.java:102)
12-26 13:37:20.103  1303  1320 E KernelUidCpuTimeReader: 	at android.os.Looper.loop(Looper.java:154)
12-26 13:37:20.103  1303  1320 E KernelUidCpuTimeReader: 	at android.os.HandlerThread.run(HandlerThread.java:61)
12-26 13:37:20.103  1303  1320 E KernelUidCpuTimeReader: 	at com.android.server.ServiceThread.run(ServiceThread.java:46)
12-26 13:37:25.599  1889  1904 E AuthPII : [GoogleAccountDataServiceImpl] getToken() -> NETWORK_ERROR. Account: Account {name=yunxiao88888888@gmail.com, type=com.google}, App: com.google.android.gms, Service: oauth2:https://www.googleapis.com/auth/reminders
12-26 13:37:25.599  1889  1904 E AuthPII : szk: Error when calling server.
12-26 13:37:25.599  1889  1904 E AuthPII : 	at gku.d(:com.google.android.gms@210613022@21.06.13 (040700-358943053):7)
12-26 13:37:25.599  1889  1904 E AuthPII : 	at gjg.l(:com.google.android.gms@210613022@21.06.13 (040700-358943053):39)
12-26 13:37:25.599  1889  1904 E AuthPII : 	at cyb.g(:com.google.android.gms@210613022@21.06.13 (040700-358943053):32)
12-26 13:37:25.599  1889  1904 E AuthPII : 	at cyb.c(:com.google.android.gms@210613022@21.06.13 (040700-358943053):42)
12-26 13:37:25.599  1889  1904 E AuthPII : 	at cyb.dS(:com.google.android.gms@210613022@21.06.13 (040700-358943053):4)
12-26 13:37:25.599  1889  1904 E AuthPII : 	at cvi.onTransact(:com.google.android.gms@210613022@21.06.13 (040700-358943053):5)
12-26 13:37:25.599  1889  1904 E AuthPII : 	at android.os.Binder.transact(Binder.java:499)
12-26 13:37:25.599  1889  1904 E AuthPII : 	at dab.onTransact(:com.google.android.gms@210613022@21.06.13 (040700-358943053):2)
12-26 13:37:25.599  1889  1904 E AuthPII : 	at android.os.Binder.transact(Binder.java:499)
12-26 13:37:25.599  1889  1904 E AuthPII : 	at abrp.onTransact(:com.google.android.gms@210613022@21.06.13 (040700-358943053):17)
12-26 13:37:25.599  1889  1904 E AuthPII : 	at android.os.Binder.execTransact(Binder.java:565)
12-26 13:37:25.599  1889  1904 E AuthPII : Caused by: java.net.SocketTimeoutException: connect timed out
12-26 13:37:25.599  1889  1904 E AuthPII : 	at java.net.PlainSocketImpl.socketConnect(Native Method)
12-26 13:37:25.599  1889  1904 E AuthPII : 	at java.net.AbstractPlainSocketImpl.doConnect(AbstractPlainSocketImpl.java:334)
12-26 13:37:25.599  1889  1904 E AuthPII : 	at java.net.AbstractPlainSocketImpl.connectToAddress(AbstractPlainSocketImpl.java:196)
12-26 13:37:25.599  1889  1904 E AuthPII : 	at java.net.AbstractPlainSocketImpl.connect(AbstractPlainSocketImpl.java:178)
12-26 13:37:25.599  1889  1904 E AuthPII : 	at java.net.SocksSocketImpl.connect(SocksSocketImpl.java:356)
12-26 13:37:25.599  1889  1904 E AuthPII : 	at java.net.Socket.connect(Socket.java:605)
12-26 13:37:25.599  1889  1904 E AuthPII : 	at com.android.okhttp.internal.Platform.connectSocket(Platform.java:113)
12-26 13:37:25.599  1889  1904 E AuthPII : 	at com.android.okhttp.Connection.connectSocket(Connection.java:196)
12-26 13:37:25.599  1889  1904 E AuthPII : 	at com.android.okhttp.Connection.connect(Connection.java:172)
